build	Set up job	﻿2026-01-21T03:10:29.2158666Z Current runner version: '2.331.0'
build	Set up job	2026-01-21T03:10:29.2183665Z ##[group]Runner Image Provisioner
build	Set up job	2026-01-21T03:10:29.2184694Z Hosted Compute Agent
build	Set up job	2026-01-21T03:10:29.2185342Z Version: 20251211.462
build	Set up job	2026-01-21T03:10:29.2185955Z Commit: 6cbad8c2bb55d58165063d031ccabf57e2d2db61
build	Set up job	2026-01-21T03:10:29.2186627Z Build Date: 2025-12-11T16:28:49Z
build	Set up job	2026-01-21T03:10:29.2187317Z Worker ID: {41eecc31-3fd6-4401-855b-5ef302b3f897}
build	Set up job	2026-01-21T03:10:29.2188016Z ##[endgroup]
build	Set up job	2026-01-21T03:10:29.2188498Z ##[group]Operating System
build	Set up job	2026-01-21T03:10:29.2189105Z Ubuntu
build	Set up job	2026-01-21T03:10:29.2189552Z 24.04.3
build	Set up job	2026-01-21T03:10:29.2189997Z LTS
build	Set up job	2026-01-21T03:10:29.2190441Z ##[endgroup]
build	Set up job	2026-01-21T03:10:29.2190981Z ##[group]Runner Image
build	Set up job	2026-01-21T03:10:29.2191510Z Image: ubuntu-24.04
build	Set up job	2026-01-21T03:10:29.2192007Z Version: 20260111.209.1
build	Set up job	2026-01-21T03:10:29.2193052Z Included Software: https://github.com/actions/runner-images/blob/ubuntu24/20260111.209/images/ubuntu/Ubuntu2404-Readme.md
build	Set up job	2026-01-21T03:10:29.2194357Z Image Release: https://github.com/actions/runner-images/releases/tag/ubuntu24%2F20260111.209
build	Set up job	2026-01-21T03:10:29.2195878Z ##[endgroup]
build	Set up job	2026-01-21T03:10:29.2196892Z ##[group]GITHUB_TOKEN Permissions
build	Set up job	2026-01-21T03:10:29.2198967Z Contents: read
build	Set up job	2026-01-21T03:10:29.2199532Z Metadata: read
build	Set up job	2026-01-21T03:10:29.2199985Z Packages: read
build	Set up job	2026-01-21T03:10:29.2200585Z ##[endgroup]
build	Set up job	2026-01-21T03:10:29.2202450Z Secret source: Actions
build	Set up job	2026-01-21T03:10:29.2203507Z Prepare workflow directory
build	Set up job	2026-01-21T03:10:29.2527630Z Prepare all required actions
build	Set up job	2026-01-21T03:10:29.2566654Z Getting action download info
build	Set up job	2026-01-21T03:10:29.6919320Z Download action repository 'actions/checkout@v4' (SHA:34e114876b0b11c390a56381ad16ebd13914f8d5)
build	Set up job	2026-01-21T03:10:29.7846393Z Download action repository 'actions/setup-java@v4' (SHA:c1e323688fd81a25caa38c78aa6df2d33d3e20d9)
build	Set up job	2026-01-21T03:10:30.3103200Z Download action repository 'android-actions/setup-android@v3' (SHA:9fc6c4e9069bf8d3d10b2204b1fb8f6ef7065407)
build	Set up job	2026-01-21T03:10:30.6066890Z Download action repository 'gradle/actions@v4' (SHA:748248ddd2a24f49513d8f472f81c3a07d4d50e1)
build	Set up job	2026-01-21T03:10:31.5045047Z Download action repository 'actions/upload-artifact@v4' (SHA:ea165f8d65b6e75b540449e92b4886f43607fa02)
build	Set up job	2026-01-21T03:10:31.7694254Z Complete job name: build
build	Run actions/checkout@v4	﻿2026-01-21T03:10:31.8512097Z ##[group]Run actions/checkout@v4
build	Run actions/checkout@v4	2026-01-21T03:10:31.8513793Z with:
build	Run actions/checkout@v4	2026-01-21T03:10:31.8515067Z   repository: QuinnRuth/android_arm_controller
build	Run actions/checkout@v4	2026-01-21T03:10:31.8516464Z   token: ***
build	Run actions/checkout@v4	2026-01-21T03:10:31.8517279Z   ssh-strict: true
build	Run actions/checkout@v4	2026-01-21T03:10:31.8518189Z   ssh-user: git
build	Run actions/checkout@v4	2026-01-21T03:10:31.8519073Z   persist-credentials: true
build	Run actions/checkout@v4	2026-01-21T03:10:31.8520028Z   clean: true
build	Run actions/checkout@v4	2026-01-21T03:10:31.8520960Z   sparse-checkout-cone-mode: true
build	Run actions/checkout@v4	2026-01-21T03:10:31.8522003Z   fetch-depth: 1
build	Run actions/checkout@v4	2026-01-21T03:10:31.8522806Z   fetch-tags: false
build	Run actions/checkout@v4	2026-01-21T03:10:31.8523716Z   show-progress: true
build	Run actions/checkout@v4	2026-01-21T03:10:31.8524662Z   lfs: false
build	Run actions/checkout@v4	2026-01-21T03:10:31.8525509Z   submodules: false
build	Run actions/checkout@v4	2026-01-21T03:10:31.8526409Z   set-safe-directory: true
build	Run actions/checkout@v4	2026-01-21T03:10:31.8527766Z ##[endgroup]
build	Run actions/checkout@v4	2026-01-21T03:10:31.9651190Z Syncing repository: QuinnRuth/android_arm_controller
build	Run actions/checkout@v4	2026-01-21T03:10:31.9655620Z ##[group]Getting Git version info
build	Run actions/checkout@v4	2026-01-21T03:10:31.9657290Z Working directory is '/home/runner/work/android_arm_controller/android_arm_controller'
build	Run actions/checkout@v4	2026-01-21T03:10:31.9659759Z [command]/usr/bin/git version
build	Run actions/checkout@v4	2026-01-21T03:10:31.9712917Z git version 2.52.0
build	Run actions/checkout@v4	2026-01-21T03:10:31.9747804Z ##[endgroup]
build	Run actions/checkout@v4	2026-01-21T03:10:31.9763339Z Temporarily overriding HOME='/home/runner/work/_temp/20f6bcd3-275b-45c8-855c-8618afc578db' before making global git config changes
build	Run actions/checkout@v4	2026-01-21T03:10:31.9768255Z Adding repository directory to the temporary git global config as a safe directory
build	Run actions/checkout@v4	2026-01-21T03:10:31.9770945Z [command]/usr/bin/git config --global --add safe.directory /home/runner/work/android_arm_controller/android_arm_controller
build	Run actions/checkout@v4	2026-01-21T03:10:31.9809016Z Deleting the contents of '/home/runner/work/android_arm_controller/android_arm_controller'
build	Run actions/checkout@v4	2026-01-21T03:10:31.9811785Z ##[group]Initializing the repository
build	Run actions/checkout@v4	2026-01-21T03:10:31.9816810Z [command]/usr/bin/git init /home/runner/work/android_arm_controller/android_arm_controller
build	Run actions/checkout@v4	2026-01-21T03:10:31.9921920Z hint: Using 'master' as the name for the initial branch. This default branch name
build	Run actions/checkout@v4	2026-01-21T03:10:31.9924181Z hint: will change to "main" in Git 3.0. To configure the initial branch name
build	Run actions/checkout@v4	2026-01-21T03:10:31.9927409Z hint: to use in all of your new repositories, which will suppress this warning,
build	Run actions/checkout@v4	2026-01-21T03:10:31.9929997Z hint: call:
build	Run actions/checkout@v4	2026-01-21T03:10:31.9931363Z hint:
build	Run actions/checkout@v4	2026-01-21T03:10:31.9933232Z hint: 	git config --global init.defaultBranch <name>
build	Run actions/checkout@v4	2026-01-21T03:10:31.9935575Z hint:
build	Run actions/checkout@v4	2026-01-21T03:10:31.9937504Z hint: Names commonly chosen instead of 'master' are 'main', 'trunk' and
build	Run actions/checkout@v4	2026-01-21T03:10:31.9940800Z hint: 'development'. The just-created branch can be renamed via this command:
build	Run actions/checkout@v4	2026-01-21T03:10:31.9943360Z hint:
build	Run actions/checkout@v4	2026-01-21T03:10:31.9944773Z hint: 	git branch -m <name>
build	Run actions/checkout@v4	2026-01-21T03:10:31.9946212Z hint:
build	Run actions/checkout@v4	2026-01-21T03:10:31.9947425Z hint: Disable this message with "git config set advice.defaultBranchName false"
build	Run actions/checkout@v4	2026-01-21T03:10:31.9949744Z Initialized empty Git repository in /home/runner/work/android_arm_controller/android_arm_controller/.git/
build	Run actions/checkout@v4	2026-01-21T03:10:31.9955702Z [command]/usr/bin/git remote add origin https://github.com/QuinnRuth/android_arm_controller
build	Run actions/checkout@v4	2026-01-21T03:10:31.9975435Z ##[endgroup]
build	Run actions/checkout@v4	2026-01-21T03:10:31.9978000Z ##[group]Disabling automatic garbage collection
build	Run actions/checkout@v4	2026-01-21T03:10:31.9980435Z [command]/usr/bin/git config --local gc.auto 0
build	Run actions/checkout@v4	2026-01-21T03:10:32.0009027Z ##[endgroup]
build	Run actions/checkout@v4	2026-01-21T03:10:32.0011614Z ##[group]Setting up auth
build	Run actions/checkout@v4	2026-01-21T03:10:32.0016587Z [command]/usr/bin/git config --local --name-only --get-regexp core\.sshCommand
build	Run actions/checkout@v4	2026-01-21T03:10:32.0049239Z [command]/usr/bin/git submodule foreach --recursive sh -c "git config --local --name-only --get-regexp 'core\.sshCommand' && git config --local --unset-all 'core.sshCommand' || :"
build	Run actions/checkout@v4	2026-01-21T03:10:32.0374234Z [command]/usr/bin/git config --local --name-only --get-regexp http\.https\:\/\/github\.com\/\.extraheader
build	Run actions/checkout@v4	2026-01-21T03:10:32.0406123Z [command]/usr/bin/git submodule foreach --recursive sh -c "git config --local --name-only --get-regexp 'http\.https\:\/\/github\.com\/\.extraheader' && git config --local --unset-all 'http.https://github.com/.extraheader' || :"
build	Run actions/checkout@v4	2026-01-21T03:10:32.0621912Z [command]/usr/bin/git config --local --name-only --get-regexp ^includeIf\.gitdir:
build	Run actions/checkout@v4	2026-01-21T03:10:32.0655493Z [command]/usr/bin/git submodule foreach --recursive git config --local --show-origin --name-only --get-regexp remote.origin.url
build	Run actions/checkout@v4	2026-01-21T03:10:32.0873037Z [command]/usr/bin/git config --local http.https://github.com/.extraheader AUTHORIZATION: basic ***
build	Run actions/checkout@v4	2026-01-21T03:10:32.0905690Z ##[endgroup]
build	Run actions/checkout@v4	2026-01-21T03:10:32.0908317Z ##[group]Fetching the repository
build	Run actions/checkout@v4	2026-01-21T03:10:32.0917319Z [command]/usr/bin/git -c protocol.version=2 fetch --no-tags --prune --no-recurse-submodules --depth=1 origin +377084a6c642d4c92cb88ec2b07a8d9c1cdf1e91:refs/remotes/origin/main
build	Run actions/checkout@v4	2026-01-21T03:10:33.7599922Z From https://github.com/QuinnRuth/android_arm_controller
build	Run actions/checkout@v4	2026-01-21T03:10:33.7601027Z  * [new ref]         377084a6c642d4c92cb88ec2b07a8d9c1cdf1e91 -> origin/main
build	Run actions/checkout@v4	2026-01-21T03:10:33.7630636Z ##[endgroup]
build	Run actions/checkout@v4	2026-01-21T03:10:33.7633506Z ##[group]Determining the checkout info
build	Run actions/checkout@v4	2026-01-21T03:10:33.7634047Z ##[endgroup]
build	Run actions/checkout@v4	2026-01-21T03:10:33.7638864Z [command]/usr/bin/git sparse-checkout disable
build	Run actions/checkout@v4	2026-01-21T03:10:33.7678159Z [command]/usr/bin/git config --local --unset-all extensions.worktreeConfig
build	Run actions/checkout@v4	2026-01-21T03:10:33.7702349Z ##[group]Checking out the ref
build	Run actions/checkout@v4	2026-01-21T03:10:33.7706361Z [command]/usr/bin/git checkout --progress --force -B main refs/remotes/origin/main
build	Run actions/checkout@v4	2026-01-21T03:10:33.8498705Z Switched to a new branch 'main'
build	Run actions/checkout@v4	2026-01-21T03:10:33.8499595Z branch 'main' set up to track 'origin/main'.
build	Run actions/checkout@v4	2026-01-21T03:10:33.8507400Z ##[endgroup]
build	Run actions/checkout@v4	2026-01-21T03:10:33.8544640Z [command]/usr/bin/git log -1 --format=%H
build	Run actions/checkout@v4	2026-01-21T03:10:33.8565479Z 377084a6c642d4c92cb88ec2b07a8d9c1cdf1e91
build	Set up JDK 17	﻿2026-01-21T03:10:33.8810927Z ##[group]Run actions/setup-java@v4
build	Set up JDK 17	2026-01-21T03:10:33.8811251Z with:
build	Set up JDK 17	2026-01-21T03:10:33.8811428Z   java-version: 17
build	Set up JDK 17	2026-01-21T03:10:33.8811629Z   distribution: temurin
build	Set up JDK 17	2026-01-21T03:10:33.8811831Z   java-package: jdk
build	Set up JDK 17	2026-01-21T03:10:33.8812030Z   check-latest: false
build	Set up JDK 17	2026-01-21T03:10:33.8812220Z   server-id: github
build	Set up JDK 17	2026-01-21T03:10:33.8812423Z   server-username: GITHUB_ACTOR
build	Set up JDK 17	2026-01-21T03:10:33.8812675Z   server-password: GITHUB_TOKEN
build	Set up JDK 17	2026-01-21T03:10:33.8812911Z   overwrite-settings: true
build	Set up JDK 17	2026-01-21T03:10:33.8813132Z   job-status: success
build	Set up JDK 17	2026-01-21T03:10:33.8813458Z   token: ***
build	Set up JDK 17	2026-01-21T03:10:33.8813661Z ##[endgroup]
build	Set up JDK 17	2026-01-21T03:10:34.0735551Z ##[group]Installed distributions
build	Set up JDK 17	2026-01-21T03:10:34.1002727Z Resolved Java 17.0.17+10 from tool-cache
build	Set up JDK 17	2026-01-21T03:10:34.1003568Z Setting Java 17.0.17+10 as the default
build	Set up JDK 17	2026-01-21T03:10:34.1017151Z Creating toolchains.xml for JDK version 17 from temurin
build	Set up JDK 17	2026-01-21T03:10:34.1092255Z Writing to /home/runner/.m2/toolchains.xml
build	Set up JDK 17	2026-01-21T03:10:34.1093247Z 
build	Set up JDK 17	2026-01-21T03:10:34.1093459Z Java configuration:
build	Set up JDK 17	2026-01-21T03:10:34.1094933Z   Distribution: temurin
build	Set up JDK 17	2026-01-21T03:10:34.1096194Z   Version: 17.0.17+10
build	Set up JDK 17	2026-01-21T03:10:34.1096717Z   Path: /opt/hostedtoolcache/Java_Temurin-Hotspot_jdk/17.0.17-10/x64
build	Set up JDK 17	2026-01-21T03:10:34.1097197Z 
build	Set up JDK 17	2026-01-21T03:10:34.1097589Z ##[endgroup]
build	Set up JDK 17	2026-01-21T03:10:34.1115437Z Creating settings.xml with server-id: github
build	Set up JDK 17	2026-01-21T03:10:34.1118239Z Writing to /home/runner/.m2/settings.xml
build	Setup Android SDK	﻿2026-01-21T03:10:34.1228448Z ##[group]Run android-actions/setup-android@v3
build	Setup Android SDK	2026-01-21T03:10:34.1228749Z with:
build	Setup Android SDK	2026-01-21T03:10:34.1228936Z   cmdline-tools-version: 12266719
build	Setup Android SDK	2026-01-21T03:10:34.1229182Z   accept-android-sdk-licenses: true
build	Setup Android SDK	2026-01-21T03:10:34.1229444Z   log-accepted-android-sdk-licenses: true
build	Setup Android SDK	2026-01-21T03:10:34.1229707Z   packages: tools platform-tools
build	Setup Android SDK	2026-01-21T03:10:34.1229921Z env:
build	Setup Android SDK	2026-01-21T03:10:34.1230183Z   JAVA_HOME: /opt/hostedtoolcache/Java_Temurin-Hotspot_jdk/17.0.17-10/x64
build	Setup Android SDK	2026-01-21T03:10:34.1230645Z   JAVA_HOME_17_X64: /opt/hostedtoolcache/Java_Temurin-Hotspot_jdk/17.0.17-10/x64
build	Setup Android SDK	2026-01-21T03:10:34.1231010Z ##[endgroup]
build	Setup Android SDK	2026-01-21T03:10:34.2017685Z Found preinstalled sdkmanager in /usr/local/lib/android/sdk/cmdline-tools/latest with following source.properties:
build	Setup Android SDK	2026-01-21T03:10:34.2019319Z Pkg.Revision=12.0
build	Setup Android SDK	2026-01-21T03:10:34.2019744Z Pkg.Path=cmdline-tools;12.0
build	Setup Android SDK	2026-01-21T03:10:34.2020209Z Pkg.Desc=Android SDK Command-line Tools
build	Setup Android SDK	2026-01-21T03:10:34.2020560Z 
build	Setup Android SDK	2026-01-21T03:10:34.2020827Z Wrong version in preinstalled sdkmanager
build	Setup Android SDK	2026-01-21T03:10:34.2021984Z Downloading commandline tools from https://dl.google.com/android/repository/commandlinetools-linux-12266719_latest.zip
build	Setup Android SDK	2026-01-21T03:10:35.8375592Z [command]/usr/bin/unzip -o -q /home/runner/work/_temp/7c8536a1-1977-42ef-a217-5edd1bcd7dfa
build	Setup Android SDK	2026-01-21T03:10:36.6486605Z Accepting Android SDK licenses
build	Setup Android SDK	2026-01-21T03:10:36.6491162Z [command]/usr/local/lib/android/sdk/cmdline-tools/16.0/bin/sdkmanager --licenses
build	Setup Android SDK	2026-01-21T03:10:39.1188373Z Loading local repository...                                                     
build	Setup Android SDK	2026-01-21T03:10:39.1189147Z [=========                              ] 25% Loading local repository...       
build	Setup Android SDK	2026-01-21T03:10:40.3737880Z [=========                              ] 25% Fetch remote repository...        
build	Setup Android SDK	2026-01-21T03:10:40.8587032Z [==========                             ] 26% Fetch remote repository...        
build	Setup Android SDK	2026-01-21T03:10:40.8591557Z [============                           ] 31% Fetch remote repository...        
build	Setup Android SDK	2026-01-21T03:10:40.8787393Z [============                           ] 32% Fetch remote repository...        
build	Setup Android SDK	2026-01-21T03:10:40.8806776Z [=============                          ] 33% Fetch remote repository...        
build	Setup Android SDK	2026-01-21T03:10:40.9034327Z [=============                          ] 35% Fetch remote repository...        
build	Setup Android SDK	2026-01-21T03:10:40.9035663Z [==============                         ] 36% Fetch remote repository...        
build	Setup Android SDK	2026-01-21T03:10:40.9269929Z [==============                         ] 37% Fetch remote repository...        
build	Setup Android SDK	2026-01-21T03:10:40.9275112Z [===============                        ] 38% Fetch remote repository...        
build	Setup Android SDK	2026-01-21T03:10:40.9560558Z [===============                        ] 39% Fetch remote repository...        
build	Setup Android SDK	2026-01-21T03:10:40.9562843Z [================                       ] 40% Fetch remote repository...        
build	Setup Android SDK	2026-01-21T03:10:40.9730288Z [================                       ] 41% Fetch remote repository...        
build	Setup Android SDK	2026-01-21T03:10:40.9731758Z [================                       ] 42% Fetch remote repository...        
build	Setup Android SDK	2026-01-21T03:10:40.9946047Z [=================                      ] 44% Fetch remote repository...        
build	Setup Android SDK	2026-01-21T03:10:40.9949091Z [=================                      ] 45% Fetch remote repository...        
build	Setup Android SDK	2026-01-21T03:10:41.0155169Z [==================                     ] 46% Fetch remote repository...        
build	Setup Android SDK	2026-01-21T03:10:41.0155876Z [==================                     ] 47% Fetch remote repository...        
build	Setup Android SDK	2026-01-21T03:10:41.0665916Z [===================                    ] 48% Fetch remote repository...        
build	Setup Android SDK	2026-01-21T03:10:41.0666947Z [===================                    ] 49% Fetch remote repository...        
build	Setup Android SDK	2026-01-21T03:10:41.0845737Z [====================                   ] 50% Fetch remote repository...        
build	Setup Android SDK	2026-01-21T03:10:41.0875174Z [====================                   ] 51% Fetch remote repository...        
build	Setup Android SDK	2026-01-21T03:10:41.1057300Z [====================                   ] 53% Fetch remote repository...        
build	Setup Android SDK	2026-01-21T03:10:41.1062720Z [=====================                  ] 54% Fetch remote repository...        
build	Setup Android SDK	2026-01-21T03:10:41.1260025Z [=====================                  ] 55% Fetch remote repository...        
build	Setup Android SDK	2026-01-21T03:10:41.1263360Z [======================                 ] 56% Fetch remote repository...        
build	Setup Android SDK	2026-01-21T03:10:41.1499455Z [======================                 ] 57% Fetch remote repository...        
build	Setup Android SDK	2026-01-21T03:10:41.1509830Z [=======================                ] 58% Fetch remote repository...        
build	Setup Android SDK	2026-01-21T03:10:41.1889871Z [=======================                ] 59% Fetch remote repository...        
build	Setup Android SDK	2026-01-21T03:10:41.1893584Z [========================               ] 60% Fetch remote repository...        
build	Setup Android SDK	2026-01-21T03:10:41.2095080Z [========================               ] 61% Fetch remote repository...        
build	Setup Android SDK	2026-01-21T03:10:41.2095728Z [=========================              ] 63% Fetch remote repository...        
build	Setup Android SDK	2026-01-21T03:10:41.2272771Z [=========================              ] 64% Fetch remote repository...        
build	Setup Android SDK	2026-01-21T03:10:41.2281186Z [=========================              ] 65% Fetch remote repository...        
build	Setup Android SDK	2026-01-21T03:10:41.2372343Z [==========================             ] 66% Fetch remote repository...        
build	Setup Android SDK	2026-01-21T03:10:41.2375385Z [==========================             ] 67% Fetch remote repository...        
build	Setup Android SDK	2026-01-21T03:10:41.2765237Z [===========================            ] 68% Fetch remote repository...        
build	Setup Android SDK	2026-01-21T03:10:41.2766457Z [===========================            ] 69% Fetch remote repository...        
build	Setup Android SDK	2026-01-21T03:10:41.3601383Z [============================           ] 70% Fetch remote repository...        
build	Setup Android SDK	2026-01-21T03:10:41.3602432Z [============================           ] 72% Fetch remote repository...        
build	Setup Android SDK	2026-01-21T03:10:41.4259362Z [=============================          ] 73% Fetch remote repository...        
build	Setup Android SDK	2026-01-21T03:10:41.4261654Z [=============================          ] 74% Fetch remote repository...        
build	Setup Android SDK	2026-01-21T03:10:41.4361382Z [=============================          ] 75% Fetch remote repository...        
build	Setup Android SDK	2026-01-21T03:10:41.4450226Z [=============================          ] 75% Computing updates...              
build	Setup Android SDK	2026-01-21T03:10:41.4451025Z [=======================================] 100% Computing updates...             
build	Setup Android SDK	2026-01-21T03:10:41.4880148Z 6 of 7 SDK package licenses not accepted.
build	Setup Android SDK	2026-01-21T03:10:41.4884973Z Review licenses that have not been accepted (y/N)? 
build	Setup Android SDK	2026-01-21T03:10:41.4890741Z 1/6: License android-googletv-license:
build	Setup Android SDK	2026-01-21T03:10:41.4891681Z ---------------------------------------
build	Setup Android SDK	2026-01-21T03:10:41.4898431Z Terms and Conditions
build	Setup Android SDK	2026-01-21T03:10:41.4898872Z 
build	Setup Android SDK	2026-01-21T03:10:41.4899356Z This is the Google TV Add-on for the Android Software Development Kit License Agreement.
build	Setup Android SDK	2026-01-21T03:10:41.4900084Z 
build	Setup Android SDK	2026-01-21T03:10:41.4900288Z 1. Introduction
build	Setup Android SDK	2026-01-21T03:10:41.4901032Z 
build	Setup Android SDK	2026-01-21T03:10:41.4909376Z 1.1 The Google TV Add-on for the Android Software Development Kit (referred to in this License Agreement as the "Google TV Add-on" and specifically including the Android system files, packaged APIs, and Google APIs add-ons) is licensed to you subject to the terms of this License Agreement. This License Agreement forms a legally binding contract between you and Google in relation to your use of the Google TV Add-on.
build	Setup Android SDK	2026-01-21T03:10:41.4912208Z 
build	Setup Android SDK	2026-01-21T03:10:41.4913113Z 1.2 "Google" means Google Inc., a Delaware corporation with principal place of business at 1600 Amphitheatre Parkway, Mountain View, CA 94043, United States.
build	Setup Android SDK	2026-01-21T03:10:41.4914204Z 
build	Setup Android SDK	2026-01-21T03:10:41.4914633Z 2. Accepting this License Agreement
build	Setup Android SDK	2026-01-21T03:10:41.4915503Z 
build	Setup Android SDK	2026-01-21T03:10:41.4926146Z 2.1 In order to use the Google TV Add-on, you must first agree to this License Agreement. You may not use the Google TV Add-on if you do not accept this License Agreement.
build	Setup Android SDK	2026-01-21T03:10:41.4928623Z 
build	Setup Android SDK	2026-01-21T03:10:41.4929340Z 2.2 You can accept this License Agreement by:
build	Setup Android SDK	2026-01-21T03:10:41.4930590Z 
build	Setup Android SDK	2026-01-21T03:10:41.4931388Z (A) clicking to accept or agree to this License Agreement, where this option is made available to you; or
build	Setup Android SDK	2026-01-21T03:10:41.4940148Z 
build	Setup Android SDK	2026-01-21T03:10:41.4941308Z (B) by actually using the Google TV Add-on. In this case, you agree that use of the Google TV Add-on constitutes acceptance of the License Agreement from that point onwards.
build	Setup Android SDK	2026-01-21T03:10:41.4942951Z 
build	Setup Android SDK	2026-01-21T03:10:41.4944914Z 2.3 You may not use the Google TV Add-on and may not accept the Licensing Agreement if you are a person barred from receiving the Google TV Add-on under the laws of the United States or other countries including the country in which you are resident or from which you use the Google TV Add-on.
build	Setup Android SDK	2026-01-21T03:10:41.4947227Z 
build	Setup Android SDK	2026-01-21T03:10:41.4949522Z 2.4 If you are agreeing to be bound by this License Agreement on behalf of your employer or other entity, you represent and warrant that you have full legal authority to bind your employer or such entity to this License Agreement. If you do not have the requisite authority, you may not accept the Licensing Agreement or use the Google TV Add-on on behalf of your employer or other entity.
build	Setup Android SDK	2026-01-21T03:10:41.4952301Z 
build	Setup Android SDK	2026-01-21T03:10:41.4952711Z 3. Google TV Add-on License from Google
build	Setup Android SDK	2026-01-21T03:10:41.4954764Z 
build	Setup Android SDK	2026-01-21T03:10:41.4957796Z 3.1 Subject to the terms of this License Agreement, Google grants you a limited, worldwide, royalty-free, non- assignable and non-exclusive license to use the Google TV Add-on solely to develop applications to run on the Google TV platform.
build	Setup Android SDK	2026-01-21T03:10:41.4959239Z 
build	Setup Android SDK	2026-01-21T03:10:41.4961526Z 3.2 You agree that Google or third parties own all legal right, title and interest in and to the Google TV Add-on, including any Intellectual Property Rights that subsist in the Google TV Add-on. "Intellectual Property Rights" means any and all rights under patent law, copyright law, trade secret law, trademark law, and any and all other proprietary rights. Google reserves all rights not expressly granted to you.
build	Setup Android SDK	2026-01-21T03:10:41.4963940Z 
build	Setup Android SDK	2026-01-21T03:10:41.4967563Z 3.3 Except to the extent required by applicable third party licenses, you may not copy (except for backup purposes), modify, adapt, redistribute, decompile, reverse engineer, disassemble, or create derivative works of the Google TV Add-on or any part of the Google TV Add-on. Except to the extent required by applicable third party licenses, you may not load any part of the Google TV Add-on onto a mobile handset, television, or any other hardware device except a personal computer, combine any part of the Google TV Add-on with other software, or distribute any software or device incorporating a part of the Google TV Add-on.
build	Setup Android SDK	2026-01-21T03:10:41.4971419Z 
build	Setup Android SDK	2026-01-21T03:10:41.4972606Z 3.4 Use, reproduction and distribution of components of the Google TV Add-on licensed under an open source software license are governed solely by the terms of that open source software license and not this License Agreement.
build	Setup Android SDK	2026-01-21T03:10:41.4973959Z 
build	Setup Android SDK	2026-01-21T03:10:41.4976762Z 3.5 You agree that the form and nature of the Google TV Add-on that Google provides may change without prior notice to you and that future versions of the Google TV Add-on may be incompatible with applications developed on previous versions of the Google TV Add-on. You agree that Google may stop (permanently or temporarily) providing the Google TV Add-on (or any features within the Google TV Add-on) to you or to users generally at Google's sole discretion, without prior notice to you.
build	Setup Android SDK	2026-01-21T03:10:41.4979570Z 
build	Setup Android SDK	2026-01-21T03:10:41.4981265Z 3.6 Nothing in this License Agreement gives you a right to use any of Google's or it’s licensors’ trade names, trademarks, service marks, logos, domain names, or other distinctive brand features.
build	Setup Android SDK	2026-01-21T03:10:41.4982456Z 
build	Setup Android SDK	2026-01-21T03:10:41.4983482Z 3.7 You agree that you will not remove, obscure, or alter any proprietary rights notices (including copyright and trademark notices) that may be affixed to or contained within the Google TV Add-on.
build	Setup Android SDK	2026-01-21T03:10:41.4992327Z 
build	Setup Android SDK	2026-01-21T03:10:41.4992499Z 4. Use of the Google TV Add-on by You
build	Setup Android SDK	2026-01-21T03:10:41.4992801Z 
build	Setup Android SDK	2026-01-21T03:10:41.5002885Z 4.1 Google agrees that it obtains no right, title or interest from you (or your licensors) under this License Agreement in or to any software applications that you develop using the Google TV Add-on, including any intellectual property rights that subsist in those applications.
build	Setup Android SDK	2026-01-21T03:10:41.5004722Z 
build	Setup Android SDK	2026-01-21T03:10:41.5006729Z 4.2 You agree to use the Google TV Add-on and write applications only for purposes that are permitted by (a) this License Agreement and (b) any applicable law, regulation or generally accepted practices or guidelines in the relevant jurisdictions (including any laws regarding the export of data or software to and from the United States or other relevant countries).
build	Setup Android SDK	2026-01-21T03:10:41.5008880Z 
build	Setup Android SDK	2026-01-21T03:10:41.5013384Z 4.3 You agree that if you use the Google TV Add-on to develop applications for general public users, you will protect the privacy and legal rights of those users. If the users provide you with user names, passwords, or other login information or personal information, your must make the users aware that the information will be available to your application, and you must provide legally adequate privacy notice and protection for those users. If your application stores personal or sensitive information provided by users, it must do so securely. If the user provides your application with Google Account information, your application may only use that information to access the user's Google Account when, and for the limited purposes for which, the user has given you explicit permission to do so.
build	Setup Android SDK	2026-01-21T03:10:41.5021949Z 
build	Setup Android SDK	2026-01-21T03:10:41.5024366Z 4.4 You agree that you will not engage in any activity with the Google TV Add-on, including the development or distribution of an application, that interferes with, disrupts, damages, or accesses in an unauthorized manner the servers, networks, or other properties or services of any third party including, but not limited to, Google, Multichannel Video Program Distributors or any mobile communications carrier.
build	Setup Android SDK	2026-01-21T03:10:41.5030509Z 
build	Setup Android SDK	2026-01-21T03:10:41.5032532Z 4.5 You agree that you are solely responsible for (and that Google has no responsibility to you or to any third party for) any data, content, or resources that you create, transmit or display through the Google TV platform and/or applications for the Google TV platform, and for the consequences of your actions (including any loss or damage which Google may suffer) by doing so.
build	Setup Android SDK	2026-01-21T03:10:41.5035274Z 
build	Setup Android SDK	2026-01-21T03:10:41.5037715Z 4.6 You agree that you are solely responsible for (and that Google has no responsibility to you or to any third party for) any breach of your obligations under this License Agreement, any applicable third party contract or Terms of Service, or any applicable law or regulation, and for the consequences (including any loss or damage which Google or any third party may suffer) of any such breach.
build	Setup Android SDK	2026-01-21T03:10:41.5048937Z 
build	Setup Android SDK	2026-01-21T03:10:41.5049095Z 5. Your Developer Credentials
build	Setup Android SDK	2026-01-21T03:10:41.5049364Z 
build	Setup Android SDK	2026-01-21T03:10:41.5050940Z 5.1 You agree that you are responsible for maintaining the confidentiality of any developer credentials that may be issued to you by Google or which you may choose yourself and that you will be solely responsible for all applications that are developed under your developer credentials.
build	Setup Android SDK	2026-01-21T03:10:41.5052665Z 
build	Setup Android SDK	2026-01-21T03:10:41.5052817Z 6. Privacy and Information
build	Setup Android SDK	2026-01-21T03:10:41.5053058Z 
build	Setup Android SDK	2026-01-21T03:10:41.5065160Z 6.1 In order to continually innovate and improve the Google TV Add-on, Google may collect certain usage statistics from the software including but not limited to a unique identifier, associated IP address, version number of the software, and information on which tools and/or services in the Google TV Add-on are being used and how they are being used. Before any of this information is collected, the Google TV Add-on will notify you and seek your consent. If you withhold consent, the information will not be collected.
build	Setup Android SDK	2026-01-21T03:10:41.5068461Z 
build	Setup Android SDK	2026-01-21T03:10:41.5069171Z 6.2 The data collected is examined in the aggregate to improve the Google TV Add-on and is maintained in accordance with Google's Privacy Policy.
build	Setup Android SDK	2026-01-21T03:10:41.5070046Z 
build	Setup Android SDK	2026-01-21T03:10:41.5070269Z 7. Third Party Applications for the Google TV Platform
build	Setup Android SDK	2026-01-21T03:10:41.5070633Z 
build	Setup Android SDK	2026-01-21T03:10:41.5073879Z 7.1 If you use the Google TV Add-on to run applications developed by a third party or that access data, content or resources provided by a third party, you agree that Google is not responsible for those applications, data, content, or resources. You understand that all data, content or resources which you may access through such third party applications are the sole responsibility of the person from which they originated and that Google is not liable for any loss or damage that you may experience as a result of the use or access of any of those third party applications, data, content, or resources.
build	Setup Android SDK	2026-01-21T03:10:41.5077422Z 
build	Setup Android SDK	2026-01-21T03:10:41.5080068Z 7.2 You should be aware the data, content, and resources presented to you through such a third party application may be protected by intellectual property rights which are owned by the providers (or by other persons or companies on their behalf). You may not modify, rent, lease, loan, sell, distribute or create derivative works based on these data, content, or resources (either in whole or in part) unless you have been specifically given permission to do so by the relevant owners.
build	Setup Android SDK	2026-01-21T03:10:41.5082867Z 
build	Setup Android SDK	2026-01-21T03:10:41.5084289Z 7.3 You acknowledge that your use of such third party applications, data, content, or resources may be subject to separate terms between you and the relevant third party. In that case, this License Agreement does not affect your legal relationship with these third parties.
build	Setup Android SDK	2026-01-21T03:10:41.5086041Z 
build	Setup Android SDK	2026-01-21T03:10:41.5086187Z 8. Using Google TV APIs
build	Setup Android SDK	2026-01-21T03:10:41.5086419Z 
build	Setup Android SDK	2026-01-21T03:10:41.5090958Z 8.1 If you use any Google TV API to retrieve data from Google, you acknowledge that the data (“Google TV API Content”) may be protected by intellectual property rights which are owned by Google or those parties that provide the data (or by other persons or companies on their behalf). Your use of any such API may be subject to additional Terms of Service. You may not modify, rent, lease, loan, sell, distribute or create derivative works based on this data (either in whole or in part) unless allowed by the relevant Terms of Service. Some portions of the Google TV API Content are licensed to Google by third parties, including but not limited to Tribune Media Services
build	Setup Android SDK	2026-01-21T03:10:41.5095235Z 
build	Setup Android SDK	2026-01-21T03:10:41.5096525Z 8.2 If you use any API to retrieve a user's data from Google, you acknowledge and agree that you shall retrieve data only with the user's explicit consent and only when, and for the limited purposes for which, the user has given you permission to do so.
build	Setup Android SDK	2026-01-21T03:10:41.5097997Z 
build	Setup Android SDK	2026-01-21T03:10:41.5098462Z 8.3 Except as explicitly permitted in Section 3 (Google TV Add-on License from Google), you must:
build	Setup Android SDK	2026-01-21T03:10:41.5099095Z 
build	Setup Android SDK	2026-01-21T03:10:41.5100041Z (a) not modify nor format the Google TV API Content except to the extent reasonably and technically necessary to optimize the display such Google TV API Content in your application;
build	Setup Android SDK	2026-01-21T03:10:41.5101165Z 
build	Setup Android SDK	2026-01-21T03:10:41.5102227Z (b) not edit the Google TV API Content in a manner that renders the Google TV API Content inaccurate of alters its inherent meaning (provided that displaying excerpts will not violate the foregoing); or
build	Setup Android SDK	2026-01-21T03:10:41.5103445Z 
build	Setup Android SDK	2026-01-21T03:10:41.5103917Z (c) not create any commercial audience measurement tool or service using the Google TV API Content
build	Setup Android SDK	2026-01-21T03:10:41.5115202Z 
build	Setup Android SDK	2026-01-21T03:10:41.5115396Z 9. Terminating this License Agreement
build	Setup Android SDK	2026-01-21T03:10:41.5115718Z 
build	Setup Android SDK	2026-01-21T03:10:41.5116465Z 9.1 This License Agreement will continue to apply until terminated by either you or Google as set out below.
build	Setup Android SDK	2026-01-21T03:10:41.5117168Z 
build	Setup Android SDK	2026-01-21T03:10:41.5117900Z 9.2 If you want to terminate this License Agreement, you may do so by ceasing your use of the Google TV Add-on and any relevant developer credentials.
build	Setup Android SDK	2026-01-21T03:10:41.5118782Z 
build	Setup Android SDK	2026-01-21T03:10:41.5119091Z 9.3 Google may at any time, terminate this License Agreement with you if:
build	Setup Android SDK	2026-01-21T03:10:41.5119567Z 
build	Setup Android SDK	2026-01-21T03:10:41.5119844Z (A) you have breached any provision of this License Agreement; or
build	Setup Android SDK	2026-01-21T03:10:41.5120271Z 
build	Setup Android SDK	2026-01-21T03:10:41.5120431Z (B) Google is required to do so by law; or
build	Setup Android SDK	2026-01-21T03:10:41.5120752Z 
build	Setup Android SDK	2026-01-21T03:10:41.5121830Z (C) the partner with whom Google offered certain parts of Google TV Add-on (such as APIs) to you has terminated its relationship with Google or ceased to offer certain parts of the Google TV Add-on to you; or
build	Setup Android SDK	2026-01-21T03:10:41.5123140Z 
build	Setup Android SDK	2026-01-21T03:10:41.5125136Z (D) Google decides to no longer providing the Google TV Add-on or certain parts of the Google TV Add-on to users in the country in which you are resident or from which you use the service, or the provision of the Google TV Add-on or certain Google TV Add-on services to you by Google is, in Google's sole discretion, no longer commercially viable.
build	Setup Android SDK	2026-01-21T03:10:41.5126302Z 
build	Setup Android SDK	2026-01-21T03:10:41.5127701Z 9.4 When this License Agreement comes to an end, all of the legal rights, obligations and liabilities that you and Google have benefited from, been subject to (or which have accrued over time whilst this License Agreement has been in force) or which are expressed to continue indefinitely, shall be unaffected by this cessation, and the provisions of paragraph 14.7 shall continue to apply to such rights, obligations and liabilities indefinitely.
build	Setup Android SDK	2026-01-21T03:10:41.5129180Z 
build	Setup Android SDK	2026-01-21T03:10:41.5129273Z 10. DISCLAIMER OF WARRANTIES
build	Setup Android SDK	2026-01-21T03:10:41.5129419Z 
build	Setup Android SDK	2026-01-21T03:10:41.5130007Z 10.1 YOU EXPRESSLY UNDERSTAND AND AGREE THAT YOUR USE OF THE GOOGLE TV ADD-ON IS AT YOUR SOLE RISK AND THAT THE GOOGLE TV ADD-ON IS PROVIDED "AS IS" AND "AS AVAILABLE" WITHOUT WARRANTY OF ANY KIND FROM GOOGLE.
build	Setup Android SDK	2026-01-21T03:10:41.5130685Z 
build	Setup Android SDK	2026-01-21T03:10:41.5131545Z 10.2 YOUR USE OF THE GOOGLE TV ADD-ON AND ANY MATERIAL DOWNLOADED OR OTHERWISE OBTAINED THROUGH THE USE OF THE GOOGLE TV ADD-ON IS AT YOUR OWN DISCRETION AND RISK AND YOU ARE SOLELY RESPONSIBLE FOR ANY DAMAGE TO YOUR COMPUTER SYSTEM OR OTHER DEVICE OR LOSS OF DATA THAT RESULTS FROM SUCH USE.
build	Setup Android SDK	2026-01-21T03:10:41.5132648Z 
build	Setup Android SDK	2026-01-21T03:10:41.5133450Z 10.3 GOOGLE FURTHER EXPRESSLY DISCLAIMS ALL WARRANTIES AND CONDITIONS OF ANY KIND, WHETHER EXPRESS OR IMPLIED, INCLUDING, BUT NOT LIMITED TO THE IMPLIED WARRANTIES AND CONDITIONS OF MERCHANTABILITY, FITNESS FOR A PARTICULAR PURPOSE AND NON-INFRINGEMENT.
build	Setup Android SDK	2026-01-21T03:10:41.5134315Z 
build	Setup Android SDK	2026-01-21T03:10:41.5134398Z 11. LIMITATION OF LIABILITY
build	Setup Android SDK	2026-01-21T03:10:41.5134782Z 
build	Setup Android SDK	2026-01-21T03:10:41.5136139Z 11.1 YOU EXPRESSLY UNDERSTAND AND AGREE THAT GOOGLE, ITS SUBSIDIARIES AND AFFILIATES, AND ITS LICENSORS SHALL NOT BE LIABLE TO YOU UNDER ANY THEORY OF LIABILITY FOR ANY DIRECT, INDIRECT, INCIDENTAL, SPECIAL CONSEQUENTIAL OR EXEMPLARY DAMAGES THAT MAY BE INCURRED BY YOU, INCLUDING ANY LOSS OF DATA, WHETHER OR NOT GOOGLE OR ITS REPRESENTATIVES HAVE BEEN ADVISED OF OR SHOULD HAVE BEEN AWARE OF THE POSSIBILITY OF ANY SUCH LOSSES ARISING.
build	Setup Android SDK	2026-01-21T03:10:41.5137568Z 
build	Setup Android SDK	2026-01-21T03:10:41.5137642Z 12. Indemnification
build	Setup Android SDK	2026-01-21T03:10:41.5137755Z 
build	Setup Android SDK	2026-01-21T03:10:41.5140076Z 12.1 To the maximum extent permitted by law, you agree to defend, indemnify and hold harmless Google, its affiliates and their respective directors, officers, employees and agents from and against any and all claims, actions, suits or proceedings, as well as any and all losses, liabilities, damages, costs and expenses (including reasonable attorneys fees) arising out of or accruing from (a) your use of the Google TV Add-on, (b) any application you develop on the Google TV Add-on that infringes any copyright, trademark, trade secret, trade dress, patent or other intellectual property right of any person or defames any person or violates their rights of publicity or privacy, and (c) any non-compliance by you with this License Agreement.
build	Setup Android SDK	2026-01-21T03:10:41.5142594Z 
build	Setup Android SDK	2026-01-21T03:10:41.5142689Z 13. Changes to the License Agreement
build	Setup Android SDK	2026-01-21T03:10:41.5142950Z 
build	Setup Android SDK	2026-01-21T03:10:41.5143241Z 13.1 Google may make changes to the License Agreement as it distributes new versions of the Google TV Add-on.
build	Setup Android SDK	2026-01-21T03:10:41.5143665Z 
build	Setup Android SDK	2026-01-21T03:10:41.5143741Z 14. General Legal Terms
build	Setup Android SDK	2026-01-21T03:10:41.5143865Z 
build	Setup Android SDK	2026-01-21T03:10:41.5145317Z 14.1 This License Agreement constitute the whole legal agreement between you and Google and govern your use of the Google TV Add-on (excluding any services which Google may provide to you under a separate written agreement), and completely replace any prior agreements between you and Google in relation to the Google TV Add-on.
build	Setup Android SDK	2026-01-21T03:10:41.5146476Z 
build	Setup Android SDK	2026-01-21T03:10:41.5147442Z 14.2 You agree that if Google does not exercise or enforce any legal right or remedy which is contained in this License Agreement (or which Google has the benefit of under any applicable law), this will not be taken to be a formal waiver of Google's rights and that those rights or remedies will still be available to Google.
build	Setup Android SDK	2026-01-21T03:10:41.5148478Z 
build	Setup Android SDK	2026-01-21T03:10:41.5149531Z 14.3 If any court of law, having the jurisdiction to decide on this matter, rules that any provision of this License Agreement is invalid, then that provision will be removed from this License Agreement without affecting the rest of this License Agreement. The remaining provisions of this License Agreement will continue to be valid and enforceable.
build	Setup Android SDK	2026-01-21T03:10:41.5150687Z 
build	Setup Android SDK	2026-01-21T03:10:41.5152526Z 14.4 You acknowledge and agree that Google’s API data licensors and each member of the group of companies of which Google is the parent shall be third party beneficiaries to this License Agreement and that such other companies shall be entitled to directly enforce, and rely upon, any provision of this License Agreement that confers a benefit on (or rights in favor of) them. Other than this, no other person or company shall be third party beneficiaries to this License Agreement.
build	Setup Android SDK	2026-01-21T03:10:41.5154101Z 
build	Setup Android SDK	2026-01-21T03:10:41.5155209Z 14.5 EXPORT RESTRICTIONS. THE GOOGLE TV ADD-ON IS SUBJECT TO UNITED STATES EXPORT LAWS AND REGULATIONS. YOU MUST COMPLY WITH ALL DOMESTIC AND INTERNATIONAL EXPORT LAWS AND REGULATIONS THAT APPLY TO THE GOOGLE TV ADD-ON. THESE LAWS INCLUDE RESTRICTIONS ON DESTINATIONS, END USERS AND END USE.
build	Setup Android SDK	2026-01-21T03:10:41.5156368Z 
build	Setup Android SDK	2026-01-21T03:10:41.5157431Z 14.6 The rights granted in this License Agreement may not be assigned or transferred by either you or Google without the prior written approval of the other party. Neither you nor Google shall be permitted to delegate their responsibilities or obligations under this License Agreement without the prior written approval of the other party.
build	Setup Android SDK	2026-01-21T03:10:41.5158603Z 
build	Setup Android SDK	2026-01-21T03:10:41.5160358Z 14.7 This License Agreement, and your relationship with Google under this License Agreement, shall be governed by the laws of the State of California without regard to its conflict of laws provisions. You and Google agree to submit to the exclusive jurisdiction of the courts located within the county of Santa Clara, California to resolve any legal matter arising from this License Agreement. Notwithstanding this, you agree that Google shall still be allowed to apply for injunctive remedies (or an equivalent type of urgent legal relief) in any jurisdiction.
build	Setup Android SDK	2026-01-21T03:10:41.5162189Z 
build	Setup Android SDK	2026-01-21T03:10:41.5162194Z 
build	Setup Android SDK	2026-01-21T03:10:41.5162270Z August 15, 2011
build	Setup Android SDK	2026-01-21T03:10:41.5162454Z ---------------------------------------
build	Setup Android SDK	2026-01-21T03:10:41.5162704Z Accept? (y/N): 
build	Setup Android SDK	2026-01-21T03:10:41.5162993Z 2/6: License android-googlexr-license:
build	Setup Android SDK	2026-01-21T03:10:41.5163241Z ---------------------------------------
build	Setup Android SDK	2026-01-21T03:10:41.5164302Z To get started with the Android XR Emulator System Image SDK, you must agree to the following terms and conditions. As described below, please note that this is a preview, emulated version of the Android XR OS, subject to change, that you use at your own risk.
build	Setup Android SDK	2026-01-21T03:10:41.5165407Z 
build	Setup Android SDK	2026-01-21T03:10:41.5165565Z This is the Android XR Emulator System Image SDK License Agreement
build	Setup Android SDK	2026-01-21T03:10:41.5165820Z 
build	Setup Android SDK	2026-01-21T03:10:41.5165887Z 1. Introduction
build	Setup Android SDK	2026-01-21T03:10:41.5165989Z 
build	Setup Android SDK	2026-01-21T03:10:41.5167363Z 1.1 The Android Android XR Emulator System Image SDK (referred to in the License Agreement as the "SDK" and specifically including the Android system files,, packaged APIs, library files (if and when they are made available), and Google applications and APIs add-ons) is licensed to you subject to the terms of the License Agreement. The License Agreement forms a legally binding contract between you and Google in relation to your use of the SDK.
build	Setup Android SDK	2026-01-21T03:10:41.5168813Z 
build	Setup Android SDK	2026-01-21T03:10:41.5169456Z 1.2 "Android" means the Android software stack for devices, as made available under the Android Open Source Project, which is located at the following URL: https://source.android.com/, as updated from time to time.
build	Setup Android SDK	2026-01-21T03:10:41.5170182Z 
build	Setup Android SDK	2026-01-21T03:10:41.5170804Z 1.3 "Google" means Google LLC, organized under the laws of the State of Delaware, USA, and operating under the laws of the USA with principal place of business at 1600 Amphitheatre Parkway, Mountain View, CA 94043, USA.
build	Setup Android SDK	2026-01-21T03:10:41.5171522Z 
build	Setup Android SDK	2026-01-21T03:10:41.5171611Z 2. Accepting this License Agreement
build	Setup Android SDK	2026-01-21T03:10:41.5171767Z 
build	Setup Android SDK	2026-01-21T03:10:41.5172137Z 2.1 In order to use the SDK, you must first agree to the License Agreement. You may not use the SDK if you do not accept the License Agreement.
build	Setup Android SDK	2026-01-21T03:10:41.5172610Z 
build	Setup Android SDK	2026-01-21T03:10:41.5172869Z 2.2 By clicking to accept and/or using this SDK, you hereby agree to the terms of the License Agreement.
build	Setup Android SDK	2026-01-21T03:10:41.5173222Z 
build	Setup Android SDK	2026-01-21T03:10:41.5173954Z 2.3 You may not use the SDK and may not accept the License Agreement if you are a person barred from receiving the SDK under the laws of the United States or other countries, including the country in which you are resident or from which you use the SDK.
build	Setup Android SDK	2026-01-21T03:10:41.5174869Z 
build	Setup Android SDK	2026-01-21T03:10:41.5175974Z 2.4 If you are agreeing to be bound by the License Agreement on behalf of your employer or other entity, you represent and warrant that you have full legal authority to bind your employer or such entity to the License Agreement. If you do not have the requisite authority, you may not accept the License Agreement or use the SDK on behalf of your employer or other entity.
build	Setup Android SDK	2026-01-21T03:10:41.5177320Z 
build	Setup Android SDK	2026-01-21T03:10:41.5177398Z 3. SDK License from Google
build	Setup Android SDK	2026-01-21T03:10:41.5177539Z 
build	Setup Android SDK	2026-01-21T03:10:41.5178235Z 3.1 Subject to the terms of the License Agreement, Google grants you a limited, worldwide, royalty-free, non-assignable, non-exclusive, and non-sublicensable license to use the SDK solely to develop applications for Android XR.
build	Setup Android SDK	2026-01-21T03:10:41.5179019Z 
build	Setup Android SDK	2026-01-21T03:10:41.5179657Z 3.2 You may not use this SDK to develop applications for other platforms or to develop another SDK. You are of course free to develop applications for other platforms provided that this SDK is not used for that purpose.
build	Setup Android SDK	2026-01-21T03:10:41.5180386Z 
build	Setup Android SDK	2026-01-21T03:10:41.5181574Z 3.3 You agree that Google or third parties own all legal right, title and interest in and to the SDK, including any Intellectual Property Rights that subsist in the SDK. "Intellectual Property Rights" means any and all rights under patent law, copyright law, trade secret law, trademark law, and any and all other proprietary rights. Google reserves all rights not expressly granted to you.
build	Setup Android SDK	2026-01-21T03:10:41.5182865Z 
build	Setup Android SDK	2026-01-21T03:10:41.5184886Z 3.4 You may not use the SDK for any purpose not expressly permitted by the License Agreement. Except to the extent required by applicable third party licenses, you may not (a) copy (except for backup purposes), modify, adapt, redistribute, decompile, reverse engineer, disassemble, or create derivative works of the SDK or any part of the SDK; or (b) load any part of the SDK onto a mobile handset or any other hardware device except a personal computer, combine any part of the SDK with other software, or distribute any software or device incorporating a part of the SDK.
build	Setup Android SDK	2026-01-21T03:10:41.5186886Z 
build	Setup Android SDK	2026-01-21T03:10:41.5188171Z 3.5 Use, reproduction and distribution of components of the SDK licensed under an open source software license are governed solely by the terms of that open source software license and not the License Agreement. You agree to remain a licensee in good standing in regard to such open source software licenses under all the rights granted and to refrain from any actions that may terminate, suspend, or breach such rights.
build	Setup Android SDK	2026-01-21T03:10:41.5189551Z 
build	Setup Android SDK	2026-01-21T03:10:41.5190831Z 3.6 You agree that the form and nature of the SDK that Google provides may change without prior notice to you and that future versions of the SDK may be incompatible with applications developed on previous versions of the SDK. You agree that Google may stop (permanently or temporarily) providing the SDK (or any features within the SDK) to you or to users generally at Google's sole discretion, without prior notice to you.
build	Setup Android SDK	2026-01-21T03:10:41.5192209Z 
build	Setup Android SDK	2026-01-21T03:10:41.5192700Z 3.7 Nothing in the License Agreement gives you a right to use any of Google's trade names, trademarks, service marks, logos, domain names, or other distinctive brand features.
build	Setup Android SDK	2026-01-21T03:10:41.5193285Z 
build	Setup Android SDK	2026-01-21T03:10:41.5193820Z 3.8 You agree that you will not remove, obscure, or alter any proprietary rights notices (including copyright and trademark notices) that may be affixed to or contained within the SDK.
build	Setup Android SDK	2026-01-21T03:10:41.5194540Z 
build	Setup Android SDK	2026-01-21T03:10:41.5194618Z 4. Use of the SDK by You
build	Setup Android SDK	2026-01-21T03:10:41.5194757Z 
build	Setup Android SDK	2026-01-21T03:10:41.5195541Z 4.1 Google agrees that it obtains no right, title or interest from you (or your licensors) under the License Agreement in or to any software applications that you develop using the SDK, including any intellectual property rights that subsist in those applications.
build	Setup Android SDK	2026-01-21T03:10:41.5196428Z 
build	Setup Android SDK	2026-01-21T03:10:41.5197497Z 4.2 You agree to use the SDK and write applications only for purposes that are permitted by (a) the License Agreement and (b) any applicable law, regulation or generally accepted practices or guidelines in the relevant jurisdictions (including any laws regarding the export of data or software to and from the United States or other relevant countries).
build	Setup Android SDK	2026-01-21T03:10:41.5198775Z 
build	Setup Android SDK	2026-01-21T03:10:41.5201242Z 4.3 You agree that if you use the SDK to develop applications for general public users, you will protect the privacy and legal rights of those users. If the users provide you with user names, passwords, or other login information or personal information, you must make the users aware that the information will be available to your application, and you must provide legally adequate privacy notice and protection for those users. If your application stores personal or sensitive information provided by users, it must do so securely. If the user provides your application with Google Account information, your application may only use that information to access the user's Google Account when, and for the limited purposes for which, the user has given you permission to do so.
build	Setup Android SDK	2026-01-21T03:10:41.5203776Z 
build	Setup Android SDK	2026-01-21T03:10:41.5205089Z 4.4 You agree that you will not engage in any activity with the SDK, including the development or distribution of an application, that interferes with, disrupts, damages, or accesses in an unauthorized manner the servers, networks, or other properties or services of any third party including, but not limited to, Google or any mobile communications carrier.
build	Setup Android SDK	2026-01-21T03:10:41.5206273Z 
build	Setup Android SDK	2026-01-21T03:10:41.5207323Z 4.5 You agree that you are solely responsible for (and that Google has no responsibility to you or to any third party for) any data, content, or resources that you create, transmit or display through Android and/or applications for Android, and for the consequences of your actions (including any loss or damage which Google may suffer) by doing so.
build	Setup Android SDK	2026-01-21T03:10:41.5208621Z 
build	Setup Android SDK	2026-01-21T03:10:41.5209822Z 4.6 You agree that you are solely responsible for (and that Google has no responsibility to you or to any third party for) any breach of your obligations under the License Agreement, any applicable third party contract or Terms of Service, or any applicable law or regulation, and for the consequences (including any loss or damage which Google or any third party may suffer) of any such breach.
build	Setup Android SDK	2026-01-21T03:10:41.5211115Z 
build	Setup Android SDK	2026-01-21T03:10:41.5212003Z 4.7 The SDK is in development, and your testing and feedback are an important part of the development process. By using the SDK, you acknowledge that implementation of some features are still under development and that you should not rely on the SDK having the full functionality of a stable release.
build	Setup Android SDK	2026-01-21T03:10:41.5212991Z 
build	Setup Android SDK	2026-01-21T03:10:41.5213071Z 5. Your Developer Credentials
build	Setup Android SDK	2026-01-21T03:10:41.5213219Z 
build	Setup Android SDK	2026-01-21T03:10:41.5214076Z 5.1 You agree that you are responsible for maintaining the confidentiality of any developer credentials that may be issued to you by Google or which you may choose yourself and that you will be solely responsible for all applications that are developed under your developer credentials.
build	Setup Android SDK	2026-01-21T03:10:41.5215126Z 
build	Setup Android SDK	2026-01-21T03:10:41.5215204Z 6. Privacy and Information
build	Setup Android SDK	2026-01-21T03:10:41.5215351Z 
build	Setup Android SDK	2026-01-21T03:10:41.5216820Z 6.1 In order to continually innovate and improve the SDK, Google may collect certain usage statistics from the software including but not limited to a unique identifier, associated IP address, version number of the software, and information on which tools and/or services in the SDK are being used and how they are being used. Before any of this information is collected, the SDK will notify you and seek your consent. If you withhold consent, the information will not be collected.
build	Setup Android SDK	2026-01-21T03:10:41.5218383Z 
build	Setup Android SDK	2026-01-21T03:10:41.5218993Z 6.2 The data collected is examined in the aggregate to improve the SDK and is maintained in accordance with Google's Privacy Policy, which is located at the following URL: https://policies.google.com/privacy
build	Setup Android SDK	2026-01-21T03:10:41.5219695Z 
build	Setup Android SDK	2026-01-21T03:10:41.5219958Z 6.3 Anonymized and aggregated sets of the data may be shared with Google partners to improve the SDK.
build	Setup Android SDK	2026-01-21T03:10:41.5220314Z 
build	Setup Android SDK	2026-01-21T03:10:41.5220395Z 7. Third Party Applications
build	Setup Android SDK	2026-01-21T03:10:41.5220654Z 
build	Setup Android SDK	2026-01-21T03:10:41.5222505Z 7.1 If you use the SDK to run applications developed by a third party or that access data, content or resources provided by a third party, you agree that Google is not responsible for those applications, data, content, or resources. You understand that all data, content or resources which you may access through such third party applications are the sole responsibility of the person from which they originated and that Google is not liable for any loss or damage that you may experience as a result of the use or access of any of those third party applications, data, content, or resources.
build	Setup Android SDK	2026-01-21T03:10:41.5224499Z 
build	Setup Android SDK	2026-01-21T03:10:41.5226140Z 7.2 You should be aware that the data, content, and resources presented to you through such a third party application may be protected by intellectual property rights which are owned by the providers (or by other persons or companies on their behalf). You may not modify, rent, lease, loan, sell, distribute or create derivative works based on these data, content, or resources (either in whole or in part) unless you have been specifically given permission to do so by the relevant owners.
build	Setup Android SDK	2026-01-21T03:10:41.5227736Z 
build	Setup Android SDK	2026-01-21T03:10:41.5228544Z 7.3 You acknowledge that your use of such third party applications, data, content, or resources may be subject to separate terms between you and the relevant third party. In that case, the License Agreement does not affect your legal relationship with these third parties.
build	Setup Android SDK	2026-01-21T03:10:41.5229570Z 
build	Setup Android SDK	2026-01-21T03:10:41.5229650Z 8. Using Android APIs
build	Setup Android SDK	2026-01-21T03:10:41.5229770Z 
build	Setup Android SDK	2026-01-21T03:10:41.5229838Z 8.1 Google Data APIs
build	Setup Android SDK	2026-01-21T03:10:41.5229955Z 
build	Setup Android SDK	2026-01-21T03:10:41.5231464Z 8.1.1 If you use any API to retrieve data from Google, you acknowledge that the data may be protected by intellectual property rights which are owned by Google or those parties that provide the data (or by other persons or companies on their behalf). Your use of any such API may be subject to additional Terms of Service. You may not modify, rent, lease, loan, sell, distribute or create derivative works based on this data (either in whole or in part) unless allowed by the relevant Terms of Service.
build	Setup Android SDK	2026-01-21T03:10:41.5233055Z 
build	Setup Android SDK	2026-01-21T03:10:41.5236513Z 8.1.2 If you use any API to retrieve a user's data from Google, you acknowledge and agree that you shall retrieve data only with the user's explicit consent and only when, and for the limited purposes for which, the user has given you permission to do so. If you use the Android Recognition Service API, documented at the following URL: https://developer.android.com/reference/android/speech/RecognitionService, as updated from time to time, you acknowledge that the use of the API is subject to the Data Processing Addendum for Products where Google is a Data Processor, which is located at the following URL: https://privacy.google.com/businesses/gdprprocessorterms/, as updated from time to time. By clicking to accept, you hereby agree to the terms of the Data Processing Addendum for Products where Google is a Data Processor.
build	Setup Android SDK	2026-01-21T03:10:41.5239527Z 
build	Setup Android SDK	2026-01-21T03:10:41.5239629Z 9. Terminating this License Agreement
build	Setup Android SDK	2026-01-21T03:10:41.5239802Z 
build	Setup Android SDK	2026-01-21T03:10:41.5240094Z 9.1 The License Agreement will continue to apply until terminated by either you or Google as set out below.
build	Setup Android SDK	2026-01-21T03:10:41.5240472Z 
build	Setup Android SDK	2026-01-21T03:10:41.5240824Z 9.2 If you want to terminate the License Agreement, you may do so by ceasing your use of the SDK and any relevant developer credentials.
build	Setup Android SDK	2026-01-21T03:10:41.5241285Z 
build	Setup Android SDK	2026-01-21T03:10:41.5243231Z 9.3 Google may at any time, terminate the License Agreement with you if: (A) you have breached any provision of the License Agreement; or (B) Google is required to do so by law; or (C) the partner with whom Google offered certain parts of SDK (such as APIs) to you has terminated its relationship with Google or ceased to offer certain parts of the SDK to you; or (D) Google decides to no longer provide the SDK or certain parts of the SDK to users in the country in which you are resident or from which you use the service, or the provision of the SDK or certain SDK services to you by Google is, in Google's sole discretion, no longer commercially viable.
build	Setup Android SDK	2026-01-21T03:10:41.5245713Z 
build	Setup Android SDK	2026-01-21T03:10:41.5247079Z 9.4 When the License Agreement comes to an end, all of the legal rights, obligations and liabilities that you and Google have benefited from, been subject to (or which have accrued over time whilst the License Agreement has been in force) or which are expressed to continue indefinitely, shall be unaffected by this cessation, and the provisions of paragraph 14.7 shall continue to apply to such rights, obligations and liabilities indefinitely.
build	Setup Android SDK	2026-01-21T03:10:41.5248532Z 
build	Setup Android SDK	2026-01-21T03:10:41.5248611Z 10. DISCLAIMER OF WARRANTIES
build	Setup Android SDK	2026-01-21T03:10:41.5248751Z 
build	Setup Android SDK	2026-01-21T03:10:41.5249237Z 10.1 YOU EXPRESSLY UNDERSTAND AND AGREE THAT YOUR USE OF THE SDK IS AT YOUR SOLE RISK AND THAT THE SDK IS PROVIDED "AS IS" AND "AS AVAILABLE" WITHOUT WARRANTY OF ANY KIND FROM GOOGLE.
build	Setup Android SDK	2026-01-21T03:10:41.5249826Z 
build	Setup Android SDK	2026-01-21T03:10:41.5250601Z 10.2 YOUR USE OF THE SDK AND ANY MATERIAL DOWNLOADED OR OTHERWISE OBTAINED THROUGH THE USE OF THE SDK IS AT YOUR OWN DISCRETION AND RISK AND YOU ARE SOLELY RESPONSIBLE FOR ANY DAMAGE TO YOUR COMPUTER SYSTEM OR OTHER DEVICE OR LOSS OF DATA THAT RESULTS FROM SUCH USE.
build	Setup Android SDK	2026-01-21T03:10:41.5251472Z 
build	Setup Android SDK	2026-01-21T03:10:41.5252242Z 10.3 GOOGLE FURTHER EXPRESSLY DISCLAIMS ALL WARRANTIES AND CONDITIONS OF ANY KIND, WHETHER EXPRESS OR IMPLIED, INCLUDING, BUT NOT LIMITED TO THE IMPLIED WARRANTIES AND CONDITIONS OF MERCHANTABILITY, FITNESS FOR A PARTICULAR PURPOSE AND NON-INFRINGEMENT.
build	Setup Android SDK	2026-01-21T03:10:41.5253228Z 
build	Setup Android SDK	2026-01-21T03:10:41.5253312Z 11. LIMITATION OF LIABILITY
build	Setup Android SDK	2026-01-21T03:10:41.5253450Z 
build	Setup Android SDK	2026-01-21T03:10:41.5254984Z 11.1 YOU EXPRESSLY UNDERSTAND AND AGREE THAT GOOGLE, ITS SUBSIDIARIES AND AFFILIATES, AND ITS LICENSORS SHALL NOT BE LIABLE TO YOU UNDER ANY THEORY OF LIABILITY FOR ANY DIRECT, INDIRECT, INCIDENTAL, SPECIAL, CONSEQUENTIAL OR EXEMPLARY DAMAGES THAT MAY BE INCURRED BY YOU, INCLUDING ANY LOSS OF DATA, WHETHER OR NOT GOOGLE OR ITS REPRESENTATIVES HAVE BEEN ADVISED OF OR SHOULD HAVE BEEN AWARE OF THE POSSIBILITY OF ANY SUCH LOSSES ARISING.
build	Setup Android SDK	2026-01-21T03:10:41.5256437Z 
build	Setup Android SDK	2026-01-21T03:10:41.5256550Z 12. Indemnification
build	Setup Android SDK	2026-01-21T03:10:41.5256663Z 
build	Setup Android SDK	2026-01-21T03:10:41.5258916Z 12.1 To the maximum extent permitted by law, you agree to defend, indemnify and hold harmless Google, its affiliates and their respective directors, officers, employees and agents from and against any and all claims, actions, suits or proceedings, as well as any and all losses, liabilities, damages, costs and expenses (including reasonable attorneys fees) arising out of or accruing from (a) your use of the SDK, (b) any application you develop on the SDK that infringes any copyright, trademark, trade secret, trade dress, patent or other intellectual property right of any person or defames any person or violates their rights of publicity or privacy, and (c) any non-compliance by you with the License Agreement.
build	Setup Android SDK	2026-01-21T03:10:41.5261241Z 
build	Setup Android SDK	2026-01-21T03:10:41.5261325Z 13. Changes to the License Agreement
build	Setup Android SDK	2026-01-21T03:10:41.5261486Z 
build	Setup Android SDK	2026-01-21T03:10:41.5262178Z 13.1 Google may make changes to the License Agreement as it distributes new versions of the SDK. When these changes are made, Google will make a new version of the License Agreement available on the website where the SDK is made available.
build	Setup Android SDK	2026-01-21T03:10:41.5262966Z 
build	Setup Android SDK	2026-01-21T03:10:41.5263037Z 14. General Legal Terms
build	Setup Android SDK	2026-01-21T03:10:41.5263162Z 
build	Setup Android SDK	2026-01-21T03:10:41.5264096Z 14.1 The License Agreement constitutes the whole legal agreement between you and Google and governs your use of the SDK (excluding any services which Google may provide to you under a separate written agreement), and completely replaces any prior agreements between you and Google in relation to the SDK.
build	Setup Android SDK	2026-01-21T03:10:41.5265276Z 
build	Setup Android SDK	2026-01-21T03:10:41.5266232Z 14.2 You agree that if Google does not exercise or enforce any legal right or remedy which is contained in the License Agreement (or which Google has the benefit of under any applicable law), this will not be taken to be a formal waiver of Google's rights and that those rights or remedies will still be available to Google.
build	Setup Android SDK	2026-01-21T03:10:41.5267398Z 
build	Setup Android SDK	2026-01-21T03:10:41.5268438Z 14.3 If any court of law, having the jurisdiction to decide on this matter, rules that any provision of the License Agreement is invalid, then that provision will be removed from the License Agreement without affecting the rest of the License Agreement. The remaining provisions of the License Agreement will continue to be valid and enforceable.
build	Setup Android SDK	2026-01-21T03:10:41.5269578Z 
build	Setup Android SDK	2026-01-21T03:10:41.5270940Z 14.4 You acknowledge and agree that each member of the group of companies of which Google is the parent shall be third party beneficiaries to the License Agreement and that such other companies shall be entitled to directly enforce, and rely upon, any provision of the License Agreement that confers a benefit on (or rights in favor of) them. Other than this, no other person or company shall be third party beneficiaries to the License Agreement.
build	Setup Android SDK	2026-01-21T03:10:41.5272394Z 
build	Setup Android SDK	2026-01-21T03:10:41.5273185Z 14.5 EXPORT RESTRICTIONS. THE SDK IS SUBJECT TO UNITED STATES EXPORT LAWS AND REGULATIONS. YOU MUST COMPLY WITH ALL DOMESTIC AND INTERNATIONAL EXPORT LAWS AND REGULATIONS THAT APPLY TO THE SDK. THESE LAWS INCLUDE RESTRICTIONS ON DESTINATIONS, END USERS AND END USE.
build	Setup Android SDK	2026-01-21T03:10:41.5274232Z 
build	Setup Android SDK	2026-01-21T03:10:41.5275486Z 14.6 The rights granted in the License Agreement may not be assigned or transferred by either you or Google without the prior written approval of the other party. Neither you nor Google shall be permitted to delegate their responsibilities or obligations under the License Agreement without the prior written approval of the other party.
build	Setup Android SDK	2026-01-21T03:10:41.5276619Z 
build	Setup Android SDK	2026-01-21T03:10:41.5278362Z 14.7 The License Agreement, and your relationship with Google under the License Agreement, shall be governed by the laws of the State of California without regard to its conflict of laws provisions. You and Google agree to submit to the exclusive jurisdiction of the courts located within the county of Santa Clara, California to resolve any legal matter arising from the License Agreement. Notwithstanding this, you agree that Google shall still be allowed to apply for injunctive remedies (or an equivalent type of urgent legal relief) in any jurisdiction.
build	Setup Android SDK	2026-01-21T03:10:41.5280277Z ---------------------------------------
build	Setup Android SDK	2026-01-21T03:10:41.5280503Z Accept? (y/N): 
build	Setup Android SDK	2026-01-21T03:10:41.5280715Z 3/6: License android-sdk-arm-dbt-license:
build	Setup Android SDK	2026-01-21T03:10:41.5280965Z ---------------------------------------
build	Setup Android SDK	2026-01-21T03:10:41.5281189Z Terms and Conditions
build	Setup Android SDK	2026-01-21T03:10:41.5281306Z 
build	Setup Android SDK	2026-01-21T03:10:41.5281451Z This is the Android Software Development Kit License Agreement
build	Setup Android SDK	2026-01-21T03:10:41.5281693Z 
build	Setup Android SDK	2026-01-21T03:10:41.5281759Z 1. Introduction
build	Setup Android SDK	2026-01-21T03:10:41.5281865Z 
build	Setup Android SDK	2026-01-21T03:10:41.5282975Z 1.1 The Android Software Development Kit (referred to in the License Agreement as the "SDK" and specifically including the Android system files, packaged APIs, and Google APIs add-ons) is licensed to you subject to the terms of the License Agreement. The License Agreement forms a legally binding contract between you and Google in relation to your use of the SDK.
build	Setup Android SDK	2026-01-21T03:10:41.5284162Z 
build	Setup Android SDK	2026-01-21T03:10:41.5284998Z 1.2 "Android" means the Android software stack for devices, as made available under the Android Open Source Project, which is located at the following URL: http://source.android.com/, as updated from time to time.
build	Setup Android SDK	2026-01-21T03:10:41.5285726Z 
build	Setup Android SDK	2026-01-21T03:10:41.5286788Z 1.3 A "compatible implementation" means any Android device that (i) complies with the Android Compatibility Definition document, which can be found at the Android compatibility website (http://source.android.com/compatibility) and which may be updated from time to time; and (ii) successfully passes the Android Compatibility Test Suite (CTS).
build	Setup Android SDK	2026-01-21T03:10:41.5288079Z 
build	Setup Android SDK	2026-01-21T03:10:41.5288521Z 1.4 "Google" means Google Inc., a Delaware corporation with principal place of business at 1600 Amphitheatre Parkway, Mountain View, CA 94043, United States.
build	Setup Android SDK	2026-01-21T03:10:41.5289058Z 
build	Setup Android SDK	2026-01-21T03:10:41.5289062Z 
build	Setup Android SDK	2026-01-21T03:10:41.5289152Z 2. Accepting the License Agreement
build	Setup Android SDK	2026-01-21T03:10:41.5289308Z 
build	Setup Android SDK	2026-01-21T03:10:41.5289682Z 2.1 In order to use the SDK, you must first agree to the License Agreement. You may not use the SDK if you do not accept the License Agreement.
build	Setup Android SDK	2026-01-21T03:10:41.5290160Z 
build	Setup Android SDK	2026-01-21T03:10:41.5290352Z 2.2 By clicking to accept, you hereby agree to the terms of the License Agreement.
build	Setup Android SDK	2026-01-21T03:10:41.5290640Z 
build	Setup Android SDK	2026-01-21T03:10:41.5291369Z 2.3 You may not use the SDK and may not accept the License Agreement if you are a person barred from receiving the SDK under the laws of the United States or other countries, including the country in which you are resident or from which you use the SDK.
build	Setup Android SDK	2026-01-21T03:10:41.5292190Z 
build	Setup Android SDK	2026-01-21T03:10:41.5293287Z 2.4 If you are agreeing to be bound by the License Agreement on behalf of your employer or other entity, you represent and warrant that you have full legal authority to bind your employer or such entity to the License Agreement. If you do not have the requisite authority, you may not accept the License Agreement or use the SDK on behalf of your employer or other entity.
build	Setup Android SDK	2026-01-21T03:10:41.5294650Z 
build	Setup Android SDK	2026-01-21T03:10:41.5294771Z 
build	Setup Android SDK	2026-01-21T03:10:41.5294859Z 3. SDK License from Google
build	Setup Android SDK	2026-01-21T03:10:41.5295011Z 
build	Setup Android SDK	2026-01-21T03:10:41.5295798Z 3.1 Subject to the terms of the License Agreement, Google grants you a limited, worldwide, royalty-free, non-assignable, non-exclusive, and non-sublicensable license to use the SDK solely to develop applications for compatible implementations of Android.
build	Setup Android SDK	2026-01-21T03:10:41.5296672Z 
build	Setup Android SDK	2026-01-21T03:10:41.5297700Z 3.2 You may not use this SDK to develop applications for other platforms (including non-compatible implementations of Android) or to develop another SDK. You are of course free to develop applications for other platforms, including non-compatible implementations of Android, provided that this SDK is not used for that purpose.
build	Setup Android SDK	2026-01-21T03:10:41.5298809Z 
build	Setup Android SDK	2026-01-21T03:10:41.5299993Z 3.3 You agree that Google or third parties own all legal right, title and interest in and to the SDK, including any Intellectual Property Rights that subsist in the SDK. "Intellectual Property Rights" means any and all rights under patent law, copyright law, trade secret law, trademark law, and any and all other proprietary rights. Google reserves all rights not expressly granted to you.
build	Setup Android SDK	2026-01-21T03:10:41.5301279Z 
build	Setup Android SDK	2026-01-21T03:10:41.5302304Z 3.4 You may not use the SDK for any purpose not expressly permitted by the License Agreement. Except to the extent required by applicable third party licenses, you may not copy (except for backup purposes), modify, adapt, redistribute, decompile, reverse engineer, disassemble, or create derivative works of the SDK or any part of the SDK.
build	Setup Android SDK	2026-01-21T03:10:41.5303424Z 
build	Setup Android SDK	2026-01-21T03:10:41.5304036Z 3.5 Use, reproduction and distribution of components of the SDK licensed under an open source software license are governed solely by the terms of that open source software license and not the License Agreement.
build	Setup Android SDK	2026-01-21T03:10:41.5304925Z 
build	Setup Android SDK	2026-01-21T03:10:41.5306209Z 3.6 You agree that the form and nature of the SDK that Google provides may change without prior notice to you and that future versions of the SDK may be incompatible with applications developed on previous versions of the SDK. You agree that Google may stop (permanently or temporarily) providing the SDK (or any features within the SDK) to you or to users generally at Google's sole discretion, without prior notice to you.
build	Setup Android SDK	2026-01-21T03:10:41.5307588Z 
build	Setup Android SDK	2026-01-21T03:10:41.5308078Z 3.7 Nothing in the License Agreement gives you a right to use any of Google's trade names, trademarks, service marks, logos, domain names, or other distinctive brand features.
build	Setup Android SDK	2026-01-21T03:10:41.5308778Z 
build	Setup Android SDK	2026-01-21T03:10:41.5309308Z 3.8 You agree that you will not remove, obscure, or alter any proprietary rights notices (including copyright and trademark notices) that may be affixed to or contained within the SDK.
build	Setup Android SDK	2026-01-21T03:10:41.5309940Z 
build	Setup Android SDK	2026-01-21T03:10:41.5309944Z 
build	Setup Android SDK	2026-01-21T03:10:41.5310017Z 4. Use of the SDK by You
build	Setup Android SDK	2026-01-21T03:10:41.5310170Z 
build	Setup Android SDK	2026-01-21T03:10:41.5310996Z 4.1 Google agrees that it obtains no right, title or interest from you (or your licensors) under the License Agreement in or to any software applications that you develop using the SDK, including any intellectual property rights that subsist in those applications.
build	Setup Android SDK	2026-01-21T03:10:41.5311888Z 
build	Setup Android SDK	2026-01-21T03:10:41.5312987Z 4.2 You agree to use the SDK and write applications only for purposes that are permitted by (a) the License Agreement and (b) any applicable law, regulation or generally accepted practices or guidelines in the relevant jurisdictions (including any laws regarding the export of data or software to and from the United States or other relevant countries).
build	Setup Android SDK	2026-01-21T03:10:41.5314148Z 
build	Setup Android SDK	2026-01-21T03:10:41.5316821Z 4.3 You agree that if you use the SDK to develop applications for general public users, you will protect the privacy and legal rights of those users. If the users provide you with user names, passwords, or other login information or personal information, you must make the users aware that the information will be available to your application, and you must provide legally adequate privacy notice and protection for those users. If your application stores personal or sensitive information provided by users, it must do so securely. If the user provides your application with Google Account information, your application may only use that information to access the user's Google Account when, and for the limited purposes for which, the user has given you permission to do so.
build	Setup Android SDK	2026-01-21T03:10:41.5319480Z 
build	Setup Android SDK	2026-01-21T03:10:41.5320578Z 4.4 You agree that you will not engage in any activity with the SDK, including the development or distribution of an application, that interferes with, disrupts, damages, or accesses in an unauthorized manner the servers, networks, or other properties or services of any third party including, but not limited to, Google or any mobile communications carrier.
build	Setup Android SDK	2026-01-21T03:10:41.5321751Z 
build	Setup Android SDK	2026-01-21T03:10:41.5322828Z 4.5 You agree that you are solely responsible for (and that Google has no responsibility to you or to any third party for) any data, content, or resources that you create, transmit or display through Android and/or applications for Android, and for the consequences of your actions (including any loss or damage which Google may suffer) by doing so.
build	Setup Android SDK	2026-01-21T03:10:41.5323964Z 
build	Setup Android SDK	2026-01-21T03:10:41.5325350Z 4.6 You agree that you are solely responsible for (and that Google has no responsibility to you or to any third party for) any breach of your obligations under the License Agreement, any applicable third party contract or Terms of Service, or any applicable law or regulation, and for the consequences (including any loss or damage which Google or any third party may suffer) of any such breach.
build	Setup Android SDK	2026-01-21T03:10:41.5326650Z 
build	Setup Android SDK	2026-01-21T03:10:41.5328044Z 4.7 This software enables the execution of intellectual property owned by Arm Limited. You agree that your use of the software, that allows execution of ARM Instruction Set Architecture (“ISA”) compliant executables for application development and debug only on x86 desktop, laptop, customer on-premise servers, and customer-procured cloud-based environments.
build	Setup Android SDK	2026-01-21T03:10:41.5329270Z 
build	Setup Android SDK	2026-01-21T03:10:41.5329354Z 5. Your Developer Credentials
build	Setup Android SDK	2026-01-21T03:10:41.5329500Z 
build	Setup Android SDK	2026-01-21T03:10:41.5330437Z 5.1 You agree that you are responsible for maintaining the confidentiality of any developer credentials that may be issued to you by Google or which you may choose yourself and that you will be solely responsible for all applications that are developed under your developer credentials.
build	Setup Android SDK	2026-01-21T03:10:41.5331633Z 
build	Setup Android SDK	2026-01-21T03:10:41.5331718Z 6. Privacy and Information
build	Setup Android SDK	2026-01-21T03:10:41.5331856Z 
build	Setup Android SDK	2026-01-21T03:10:41.5333925Z 6.1 In order to continually innovate and improve the SDK, Google may collect certain usage statistics from the software including but not limited to a unique identifier, associated IP address, version number of the software, and information on which tools and/or services in the SDK are being used and how they are being used. Before any of this information is collected, the SDK will notify you and seek your consent. If you withhold consent, the information will not be collected.
build	Setup Android SDK	2026-01-21T03:10:41.5335823Z 
build	Setup Android SDK	2026-01-21T03:10:41.5336194Z 6.2 The data collected is examined in the aggregate to improve the SDK and is maintained in accordance with Google's Privacy Policy.
build	Setup Android SDK	2026-01-21T03:10:41.5336654Z 
build	Setup Android SDK	2026-01-21T03:10:41.5336658Z 
build	Setup Android SDK	2026-01-21T03:10:41.5336747Z 7. Third Party Applications
build	Setup Android SDK	2026-01-21T03:10:41.5336892Z 
build	Setup Android SDK	2026-01-21T03:10:41.5338865Z 7.1 If you use the SDK to run applications developed by a third party or that access data, content or resources provided by a third party, you agree that Google is not responsible for those applications, data, content, or resources. You understand that all data, content or resources which you may access through such third party applications are the sole responsibility of the person from which they originated and that Google is not liable for any loss or damage that you may experience as a result of the use or access of any of those third party applications, data, content, or resources.
build	Setup Android SDK	2026-01-21T03:10:41.5341498Z 
build	Setup Android SDK	2026-01-21T03:10:41.5343002Z 7.2 You should be aware the data, content, and resources presented to you through such a third party application may be protected by intellectual property rights which are owned by the providers (or by other persons or companies on their behalf). You may not modify, rent, lease, loan, sell, distribute or create derivative works based on these data, content, or resources (either in whole or in part) unless you have been specifically given permission to do so by the relevant owners.
build	Setup Android SDK	2026-01-21T03:10:41.5344778Z 
build	Setup Android SDK	2026-01-21T03:10:41.5345598Z 7.3 You acknowledge that your use of such third party applications, data, content, or resources may be subject to separate terms between you and the relevant third party. In that case, the License Agreement does not affect your legal relationship with these third parties.
build	Setup Android SDK	2026-01-21T03:10:41.5346509Z 
build	Setup Android SDK	2026-01-21T03:10:41.5346513Z 
build	Setup Android SDK	2026-01-21T03:10:41.5346591Z 8. Using Android APIs
build	Setup Android SDK	2026-01-21T03:10:41.5346714Z 
build	Setup Android SDK	2026-01-21T03:10:41.5346788Z 8.1 Google Data APIs
build	Setup Android SDK	2026-01-21T03:10:41.5346903Z 
build	Setup Android SDK	2026-01-21T03:10:41.5348711Z 8.1.1 If you use any API to retrieve data from Google, you acknowledge that the data may be protected by intellectual property rights which are owned by Google or those parties that provide the data (or by other persons or companies on their behalf). Your use of any such API may be subject to additional Terms of Service. You may not modify, rent, lease, loan, sell, distribute or create derivative works based on this data (either in whole or in part) unless allowed by the relevant Terms of Service.
build	Setup Android SDK	2026-01-21T03:10:41.5350560Z 
build	Setup Android SDK	2026-01-21T03:10:41.5353287Z 8.1.2 If you use any API to retrieve a user's data from Google, you acknowledge and agree that you shall retrieve data only with the user's explicit consent and only when, and for the limited purposes for which, the user has given you permission to do so. If you use the Android Recognition Service API, documented at the following URL: https://developer.android.com/reference/android/speech/RecognitionService, as updated from time to time, you acknowledge that the use of the API is subject to the Data Processing Addendum for Products where Google is a Data Processor, which is located at the following URL: https://privacy.google.com/businesses/gdprprocessorterms/, as updated from time to time. By clicking to accept, you hereby agree to the terms of the Data Processing Addendum for Products where Google is a Data Processor.
build	Setup Android SDK	2026-01-21T03:10:41.5356346Z 
build	Setup Android SDK	2026-01-21T03:10:41.5356352Z 
build	Setup Android SDK	2026-01-21T03:10:41.5356443Z 9. Terminating the License Agreement
build	Setup Android SDK	2026-01-21T03:10:41.5356613Z 
build	Setup Android SDK	2026-01-21T03:10:41.5356898Z 9.1 The License Agreement will continue to apply until terminated by either you or Google as set out below.
build	Setup Android SDK	2026-01-21T03:10:41.5357278Z 
build	Setup Android SDK	2026-01-21T03:10:41.5357635Z 9.2 If you want to terminate the License Agreement, you may do so by ceasing your use of the SDK and any relevant developer credentials.
build	Setup Android SDK	2026-01-21T03:10:41.5358113Z 
build	Setup Android SDK	2026-01-21T03:10:41.5360069Z 9.3 Google may at any time, terminate the License Agreement with you if: (A) you have breached any provision of the License Agreement; or (B) Google is required to do so by law; or (C) the partner with whom Google offered certain parts of SDK (such as APIs) to you has terminated its relationship with Google or ceased to offer certain parts of the SDK to you; or (D) Google decides to no longer provide the SDK or certain parts of the SDK to users in the country in which you are resident or from which you use the service, or the provision of the SDK or certain SDK services to you by Google is, in Google's sole discretion, no longer commercially viable.
build	Setup Android SDK	2026-01-21T03:10:41.5362107Z 
build	Setup Android SDK	2026-01-21T03:10:41.5363465Z 9.4 When the License Agreement comes to an end, all of the legal rights, obligations and liabilities that you and Google have benefited from, been subject to (or which have accrued over time whilst the License Agreement has been in force) or which are expressed to continue indefinitely, shall be unaffected by this cessation, and the provisions of paragraph 14.7 shall continue to apply to such rights, obligations and liabilities indefinitely.
build	Setup Android SDK	2026-01-21T03:10:41.5365355Z 
build	Setup Android SDK	2026-01-21T03:10:41.5365368Z 
build	Setup Android SDK	2026-01-21T03:10:41.5365456Z 10. DISCLAIMER OF WARRANTIES
build	Setup Android SDK	2026-01-21T03:10:41.5365602Z 
build	Setup Android SDK	2026-01-21T03:10:41.5366094Z 10.1 YOU EXPRESSLY UNDERSTAND AND AGREE THAT YOUR USE OF THE SDK IS AT YOUR SOLE RISK AND THAT THE SDK IS PROVIDED "AS IS" AND "AS AVAILABLE" WITHOUT WARRANTY OF ANY KIND FROM GOOGLE.
build	Setup Android SDK	2026-01-21T03:10:41.5366688Z 
build	Setup Android SDK	2026-01-21T03:10:41.5367450Z 10.2 YOUR USE OF THE SDK AND ANY MATERIAL DOWNLOADED OR OTHERWISE OBTAINED THROUGH THE USE OF THE SDK IS AT YOUR OWN DISCRETION AND RISK AND YOU ARE SOLELY RESPONSIBLE FOR ANY DAMAGE TO YOUR COMPUTER SYSTEM OR OTHER DEVICE OR LOSS OF DATA THAT RESULTS FROM SUCH USE.
build	Setup Android SDK	2026-01-21T03:10:41.5368315Z 
build	Setup Android SDK	2026-01-21T03:10:41.5369084Z 10.3 GOOGLE FURTHER EXPRESSLY DISCLAIMS ALL WARRANTIES AND CONDITIONS OF ANY KIND, WHETHER EXPRESS OR IMPLIED, INCLUDING, BUT NOT LIMITED TO THE IMPLIED WARRANTIES AND CONDITIONS OF MERCHANTABILITY, FITNESS FOR A PARTICULAR PURPOSE AND NON-INFRINGEMENT.
build	Setup Android SDK	2026-01-21T03:10:41.5369950Z 
build	Setup Android SDK	2026-01-21T03:10:41.5369954Z 
build	Setup Android SDK	2026-01-21T03:10:41.5370037Z 11. LIMITATION OF LIABILITY
build	Setup Android SDK	2026-01-21T03:10:41.5370171Z 
build	Setup Android SDK	2026-01-21T03:10:41.5371511Z 11.1 YOU EXPRESSLY UNDERSTAND AND AGREE THAT GOOGLE, ITS SUBSIDIARIES AND AFFILIATES, AND ITS LICENSORS SHALL NOT BE LIABLE TO YOU UNDER ANY THEORY OF LIABILITY FOR ANY DIRECT, INDIRECT, INCIDENTAL, SPECIAL, CONSEQUENTIAL OR EXEMPLARY DAMAGES THAT MAY BE INCURRED BY YOU, INCLUDING ANY LOSS OF DATA, WHETHER OR NOT GOOGLE OR ITS REPRESENTATIVES HAVE BEEN ADVISED OF OR SHOULD HAVE BEEN AWARE OF THE POSSIBILITY OF ANY SUCH LOSSES ARISING.
build	Setup Android SDK	2026-01-21T03:10:41.5372947Z 
build	Setup Android SDK	2026-01-21T03:10:41.5372951Z 
build	Setup Android SDK	2026-01-21T03:10:41.5373019Z 12. Indemnification
build	Setup Android SDK	2026-01-21T03:10:41.5373132Z 
build	Setup Android SDK	2026-01-21T03:10:41.5375774Z 12.1 To the maximum extent permitted by law, you agree to defend, indemnify and hold harmless Google, its affiliates and their respective directors, officers, employees and agents from and against any and all claims, actions, suits or proceedings, as well as any and all losses, liabilities, damages, costs and expenses (including reasonable attorneys fees) arising out of or accruing from (a) your use of the SDK, (b) any application you develop on the SDK that infringes any copyright, trademark, trade secret, trade dress, patent or other intellectual property right of any person or defames any person or violates their rights of publicity or privacy, and (c) any non-compliance by you with the License Agreement.
build	Setup Android SDK	2026-01-21T03:10:41.5378301Z 
build	Setup Android SDK	2026-01-21T03:10:41.5378305Z 
build	Setup Android SDK	2026-01-21T03:10:41.5378394Z 13. Changes to the License Agreement
build	Setup Android SDK	2026-01-21T03:10:41.5378559Z 
build	Setup Android SDK	2026-01-21T03:10:41.5379257Z 13.1 Google may make changes to the License Agreement as it distributes new versions of the SDK. When these changes are made, Google will make a new version of the License Agreement available on the website where the SDK is made available.
build	Setup Android SDK	2026-01-21T03:10:41.5380042Z 
build	Setup Android SDK	2026-01-21T03:10:41.5380046Z 
build	Setup Android SDK	2026-01-21T03:10:41.5380120Z 14. General Legal Terms
build	Setup Android SDK	2026-01-21T03:10:41.5380254Z 
build	Setup Android SDK	2026-01-21T03:10:41.5381182Z 14.1 The License Agreement constitutes the whole legal agreement between you and Google and governs your use of the SDK (excluding any services which Google may provide to you under a separate written agreement), and completely replaces any prior agreements between you and Google in relation to the SDK.
build	Setup Android SDK	2026-01-21T03:10:41.5382193Z 
build	Setup Android SDK	2026-01-21T03:10:41.5383142Z 14.2 You agree that if Google does not exercise or enforce any legal right or remedy which is contained in the License Agreement (or which Google has the benefit of under any applicable law), this will not be taken to be a formal waiver of Google's rights and that those rights or remedies will still be available to Google.
build	Setup Android SDK	2026-01-21T03:10:41.5384176Z 
build	Setup Android SDK	2026-01-21T03:10:41.5385506Z 14.3 If any court of law, having the jurisdiction to decide on this matter, rules that any provision of the License Agreement is invalid, then that provision will be removed from the License Agreement without affecting the rest of the License Agreement. The remaining provisions of the License Agreement will continue to be valid and enforceable.
build	Setup Android SDK	2026-01-21T03:10:41.5386800Z 
build	Setup Android SDK	2026-01-21T03:10:41.5388157Z 14.4 You acknowledge and agree that each member of the group of companies of which Google is the parent shall be third party beneficiaries to the License Agreement and that such other companies shall be entitled to directly enforce, and rely upon, any provision of the License Agreement that confers a benefit on (or rights in favor of) them. Other than this, no other person or company shall be third party beneficiaries to the License Agreement.
build	Setup Android SDK	2026-01-21T03:10:41.5389605Z 
build	Setup Android SDK	2026-01-21T03:10:41.5390396Z 14.5 EXPORT RESTRICTIONS. THE SDK IS SUBJECT TO UNITED STATES EXPORT LAWS AND REGULATIONS. YOU MUST COMPLY WITH ALL DOMESTIC AND INTERNATIONAL EXPORT LAWS AND REGULATIONS THAT APPLY TO THE SDK. THESE LAWS INCLUDE RESTRICTIONS ON DESTINATIONS, END USERS AND END USE.
build	Setup Android SDK	2026-01-21T03:10:41.5391294Z 
build	Setup Android SDK	2026-01-21T03:10:41.5392333Z 14.6 The rights granted in the License Agreement may not be assigned or transferred by either you or Google without the prior written approval of the other party. Neither you nor Google shall be permitted to delegate their responsibilities or obligations under the License Agreement without the prior written approval of the other party.
build	Setup Android SDK	2026-01-21T03:10:41.5393467Z 
build	Setup Android SDK	2026-01-21T03:10:41.5395312Z 14.7 The License Agreement, and your relationship with Google under the License Agreement, shall be governed by the laws of the State of California without regard to its conflict of laws provisions. You and Google agree to submit to the exclusive jurisdiction of the courts located within the county of Santa Clara, California to resolve any legal matter arising from the License Agreement. Notwithstanding this, you agree that Google shall still be allowed to apply for injunctive remedies (or an equivalent type of urgent legal relief) in any jurisdiction.
build	Setup Android SDK	2026-01-21T03:10:41.5397138Z 
build	Setup Android SDK	2026-01-21T03:10:41.5397143Z 
build	Setup Android SDK	2026-01-21T03:10:41.5397215Z January 16, 2019
build	Setup Android SDK	2026-01-21T03:10:41.5397395Z ---------------------------------------
build	Setup Android SDK	2026-01-21T03:10:41.5397628Z Accept? (y/N): 
build	Setup Android SDK	2026-01-21T03:10:41.5397829Z 4/6: License android-sdk-preview-license:
build	Setup Android SDK	2026-01-21T03:10:41.5398090Z ---------------------------------------
build	Setup Android SDK	2026-01-21T03:10:41.5399425Z To get started with the Android SDK Preview, you must agree to the following terms and conditions. As described below, please note that this is a preview version of the Android SDK, subject to change, that you use at your own risk. The Android SDK Preview is not a stable release, and may contain errors and defects that can result in serious damage to your computer systems, devices and data.
build	Setup Android SDK	2026-01-21T03:10:41.5400804Z 
build	Setup Android SDK	2026-01-21T03:10:41.5400987Z This is the Android SDK Preview License Agreement (the "License Agreement").
build	Setup Android SDK	2026-01-21T03:10:41.5401280Z 
build	Setup Android SDK	2026-01-21T03:10:41.5401347Z 1. Introduction
build	Setup Android SDK	2026-01-21T03:10:41.5401451Z 
build	Setup Android SDK	2026-01-21T03:10:41.5402977Z 1.1 The Android SDK Preview (referred to in the License Agreement as the “Preview” and specifically including the Android system files, packaged APIs, and Preview library files, if and when they are made available) is licensed to you subject to the terms of the License Agreement. The License Agreement forms a legally binding contract between you and Google in relation to your use of the Preview.
build	Setup Android SDK	2026-01-21T03:10:41.5404296Z 
build	Setup Android SDK	2026-01-21T03:10:41.5405155Z 1.2 "Android" means the Android software stack for devices, as made available under the Android Open Source Project, which is located at the following URL: http://source.android.com/, as updated from time to time.
build	Setup Android SDK	2026-01-21T03:10:41.5405883Z 
build	Setup Android SDK	2026-01-21T03:10:41.5406331Z 1.3 "Google" means Google Inc., a Delaware corporation with principal place of business at 1600 Amphitheatre Parkway, Mountain View, CA 94043, United States.
build	Setup Android SDK	2026-01-21T03:10:41.5407010Z 
build	Setup Android SDK	2026-01-21T03:10:41.5407097Z 2. Accepting the License Agreement
build	Setup Android SDK	2026-01-21T03:10:41.5407256Z 
build	Setup Android SDK	2026-01-21T03:10:41.5407663Z 2.1 In order to use the Preview, you must first agree to the License Agreement. You may not use the Preview if you do not accept the License Agreement.
build	Setup Android SDK	2026-01-21T03:10:41.5408158Z 
build	Setup Android SDK	2026-01-21T03:10:41.5408431Z 2.2 By clicking to accept and/or using the Preview, you hereby agree to the terms of the License Agreement.
build	Setup Android SDK	2026-01-21T03:10:41.5408800Z 
build	Setup Android SDK	2026-01-21T03:10:41.5409574Z 2.3 You may not use the Preview and may not accept the License Agreement if you are a person barred from receiving the Preview under the laws of the United States or other countries including the country in which you are resident or from which you use the Preview.
build	Setup Android SDK	2026-01-21T03:10:41.5410439Z 
build	Setup Android SDK	2026-01-21T03:10:41.5411788Z 2.4 If you will use the Preview internally within your company or organization you agree to be bound by the License Agreement on behalf of your employer or other entity, and you represent and warrant that you have full legal authority to bind your employer or such entity to the License Agreement. If you do not have the requisite authority, you may not accept the License Agreement or use the Preview on behalf of your employer or other entity.
build	Setup Android SDK	2026-01-21T03:10:41.5413222Z 
build	Setup Android SDK	2026-01-21T03:10:41.5413310Z 3. Preview License from Google
build	Setup Android SDK	2026-01-21T03:10:41.5413458Z 
build	Setup Android SDK	2026-01-21T03:10:41.5414941Z 3.1 Subject to the terms of the License Agreement, Google grants you a royalty-free, non-assignable, non-exclusive, non-sublicensable, limited, revocable license to use the Preview, personally or internally within your company or organization, solely to develop applications to run on the Android platform.
build	Setup Android SDK	2026-01-21T03:10:41.5416473Z 
build	Setup Android SDK	2026-01-21T03:10:41.5417715Z 3.2 You agree that Google or third parties owns all legal right, title and interest in and to the Preview, including any Intellectual Property Rights that subsist in the Preview. "Intellectual Property Rights" means any and all rights under patent law, copyright law, trade secret law, trademark law, and any and all other proprietary rights. Google reserves all rights not expressly granted to you.
build	Setup Android SDK	2026-01-21T03:10:41.5419046Z 
build	Setup Android SDK	2026-01-21T03:10:41.5420906Z 3.3 You may not use the Preview for any purpose not expressly permitted by the License Agreement. Except to the extent required by applicable third party licenses, you may not: (a) copy (except for backup purposes), modify, adapt, redistribute, decompile, reverse engineer, disassemble, or create derivative works of the Preview or any part of the Preview; or (b) load any part of the Preview onto a mobile handset or any other hardware device except a personal computer, combine any part of the Preview with other software, or distribute any software or device incorporating a part of the Preview.
build	Setup Android SDK	2026-01-21T03:10:41.5423125Z 
build	Setup Android SDK	2026-01-21T03:10:41.5423887Z 3.4 You agree that you will not take any actions that may cause or result in the fragmentation of Android, including but not limited to distributing, participating in the creation of, or promoting in any way a software development kit derived from the Preview.
build	Setup Android SDK	2026-01-21T03:10:41.5425001Z 
build	Setup Android SDK	2026-01-21T03:10:41.5426315Z 3.5 Use, reproduction and distribution of components of the Preview licensed under an open source software license are governed solely by the terms of that open source software license and not the License Agreement. You agree to remain a licensee in good standing in regard to such open source software licenses under all the rights granted and to refrain from any actions that may terminate, suspend, or breach such rights.
build	Setup Android SDK	2026-01-21T03:10:41.5427709Z 
build	Setup Android SDK	2026-01-21T03:10:41.5429075Z 3.6 You agree that the form and nature of the Preview that Google provides may change without prior notice to you and that future versions of the Preview may be incompatible with applications developed on previous versions of the Preview. You agree that Google may stop (permanently or temporarily) providing the Preview (or any features within the Preview) to you or to users generally at Google's sole discretion, without prior notice to you.
build	Setup Android SDK	2026-01-21T03:10:41.5430666Z 
build	Setup Android SDK	2026-01-21T03:10:41.5431159Z 3.7 Nothing in the License Agreement gives you a right to use any of Google's trade names, trademarks, service marks, logos, domain names, or other distinctive brand features.
build	Setup Android SDK	2026-01-21T03:10:41.5431752Z 
build	Setup Android SDK	2026-01-21T03:10:41.5432293Z 3.8 You agree that you will not remove, obscure, or alter any proprietary rights notices (including copyright and trademark notices) that may be affixed to or contained within the Preview.
build	Setup Android SDK	2026-01-21T03:10:41.5432934Z 
build	Setup Android SDK	2026-01-21T03:10:41.5433020Z 4. Use of the Preview by You
build	Setup Android SDK	2026-01-21T03:10:41.5433163Z 
build	Setup Android SDK	2026-01-21T03:10:41.5434081Z 4.1 Google agrees that nothing in the License Agreement gives Google any right, title or interest from you (or your licensors) under the License Agreement in or to any software applications that you develop using the Preview, including any intellectual property rights that subsist in those applications.
build	Setup Android SDK	2026-01-21T03:10:41.5435448Z 
build	Setup Android SDK	2026-01-21T03:10:41.5436548Z 4.2 You agree to use the Preview and write applications only for purposes that are permitted by (a) the License Agreement, and (b) any applicable law, regulation or generally accepted practices or guidelines in the relevant jurisdictions (including any laws regarding the export of data or software to and from the United States or other relevant countries).
build	Setup Android SDK	2026-01-21T03:10:41.5437739Z 
build	Setup Android SDK	2026-01-21T03:10:41.5440041Z 4.3 You agree that if you use the Preview to develop applications, you will protect the privacy and legal rights of users. If users provide you with user names, passwords, or other login information or personal information, you must make the users aware that the information will be available to your application, and you must provide legally adequate privacy notice and protection for those users. If your application stores personal or sensitive information provided by users, it must do so securely. If users provide you with Google Account information, your application may only use that information to access the user's Google Account when, and for the limited purposes for which, each user has given you permission to do so.
build	Setup Android SDK	2026-01-21T03:10:41.5443909Z 
build	Setup Android SDK	2026-01-21T03:10:41.5445840Z 4.4 You agree that you will not engage in any activity with the Preview, including the development or distribution of an application, that interferes with, disrupts, damages, or accesses in an unauthorized manner the servers, networks, or other properties or services of Google or any third party.
build	Setup Android SDK	2026-01-21T03:10:41.5447835Z 
build	Setup Android SDK	2026-01-21T03:10:41.5449735Z 4.5 You agree that you are solely responsible for (and that Google has no responsibility to you or to any third party for) any data, content, or resources that you create, transmit or display through Android and/or applications for Android, and for the consequences of your actions (including any loss or damage which Google may suffer) by doing so.
build	Setup Android SDK	2026-01-21T03:10:41.5451812Z 
build	Setup Android SDK	2026-01-21T03:10:41.5453950Z 4.6 You agree that you are solely responsible for (and that Google has no responsibility to you or to any third party for) any breach of your obligations under the License Agreement, any applicable third party contract or Terms of Service, or any applicable law or regulation, and for the consequences (including any loss or damage which Google or any third party may suffer) of any such breach.
build	Setup Android SDK	2026-01-21T03:10:41.5456520Z 
build	Setup Android SDK	2026-01-21T03:10:41.5459212Z 4.7 The Preview is in development, and your testing and feedback are an important part of the development process. By using the Preview, you acknowledge that implementation of some features are still under development and that you should not rely on the Preview having the full functionality of a stable release. You agree not to publicly distribute or ship any application using this Preview as this Preview will no longer be supported after the official Android SDK is released.
build	Setup Android SDK	2026-01-21T03:10:41.5461433Z 
build	Setup Android SDK	2026-01-21T03:10:41.5461534Z 5. Your Developer Credentials
build	Setup Android SDK	2026-01-21T03:10:41.5461980Z 
build	Setup Android SDK	2026-01-21T03:10:41.5463193Z 5.1 You agree that you are responsible for maintaining the confidentiality of any developer credentials that may be issued to you by Google or which you may choose yourself and that you will be solely responsible for all applications that are developed under your developer credentials.
build	Setup Android SDK	2026-01-21T03:10:41.5464176Z 
build	Setup Android SDK	2026-01-21T03:10:41.5464262Z 6. Privacy and Information
build	Setup Android SDK	2026-01-21T03:10:41.5464557Z 
build	Setup Android SDK	2026-01-21T03:10:41.5466217Z 6.1 In order to continually innovate and improve the Preview, Google may collect certain usage statistics from the software including but not limited to a unique identifier, associated IP address, version number of the software, and information on which tools and/or services in the Preview are being used and how they are being used. Before any of this information is collected, the Preview will notify you and seek your consent. If you withhold consent, the information will not be collected.
build	Setup Android SDK	2026-01-21T03:10:41.5467827Z 
build	Setup Android SDK	2026-01-21T03:10:41.5468401Z 6.2 The data collected is examined in the aggregate to improve the Preview and is maintained in accordance with Google's Privacy Policy located at http://www.google.com/policies/privacy/.
build	Setup Android SDK	2026-01-21T03:10:41.5469053Z 
build	Setup Android SDK	2026-01-21T03:10:41.5469140Z 7. Third Party Applications
build	Setup Android SDK	2026-01-21T03:10:41.5469288Z 
build	Setup Android SDK	2026-01-21T03:10:41.5471140Z 7.1 If you use the Preview to run applications developed by a third party or that access data, content or resources provided by a third party, you agree that Google is not responsible for those applications, data, content, or resources. You understand that all data, content or resources which you may access through such third party applications are the sole responsibility of the person from which they originated and that Google is not liable for any loss or damage that you may experience as a result of the use or access of any of those third party applications, data, content, or resources.
build	Setup Android SDK	2026-01-21T03:10:41.5473056Z 
build	Setup Android SDK	2026-01-21T03:10:41.5474709Z 7.2 You should be aware the data, content, and resources presented to you through such a third party application may be protected by intellectual property rights which are owned by the providers (or by other persons or companies on their behalf). You may not modify, rent, lease, loan, sell, distribute or create derivative works based on these data, content, or resources (either in whole or in part) unless you have been specifically given permission to do so by the relevant owners.
build	Setup Android SDK	2026-01-21T03:10:41.5476272Z 
build	Setup Android SDK	2026-01-21T03:10:41.5476906Z 7.3 You acknowledge that your use of such third party applications, data, content, or resources may be subject to separate terms between you and the relevant third party.
build	Setup Android SDK	2026-01-21T03:10:41.5477475Z 
build	Setup Android SDK	2026-01-21T03:10:41.5477548Z 8. Using Google APIs
build	Setup Android SDK	2026-01-21T03:10:41.5477674Z 
build	Setup Android SDK	2026-01-21T03:10:41.5477741Z 8.1 Google APIs
build	Setup Android SDK	2026-01-21T03:10:41.5477845Z 
build	Setup Android SDK	2026-01-21T03:10:41.5479351Z 8.1.1 If you use any API to retrieve data from Google, you acknowledge that the data may be protected by intellectual property rights which are owned by Google or those parties that provide the data (or by other persons or companies on their behalf). Your use of any such API may be subject to additional Terms of Service. You may not modify, rent, lease, loan, sell, distribute or create derivative works based on this data (either in whole or in part) unless allowed by the relevant Terms of Service.
build	Setup Android SDK	2026-01-21T03:10:41.5480945Z 
build	Setup Android SDK	2026-01-21T03:10:41.5481671Z 8.1.2 If you use any API to retrieve a user's data from Google, you acknowledge and agree that you shall retrieve data only with the user's explicit consent and only when, and for the limited purposes for which, the user has given you permission to do so.
build	Setup Android SDK	2026-01-21T03:10:41.5482498Z 
build	Setup Android SDK	2026-01-21T03:10:41.5482586Z 9. Terminating the License Agreement
build	Setup Android SDK	2026-01-21T03:10:41.5482756Z 
build	Setup Android SDK	2026-01-21T03:10:41.5483036Z 9.1 the License Agreement will continue to apply until terminated by either you or Google as set out below.
build	Setup Android SDK	2026-01-21T03:10:41.5483414Z 
build	Setup Android SDK	2026-01-21T03:10:41.5483886Z 9.2 If you want to terminate the License Agreement, you may do so by ceasing your use of the Preview and any relevant developer credentials.
build	Setup Android SDK	2026-01-21T03:10:41.5484350Z 
build	Setup Android SDK	2026-01-21T03:10:41.5484815Z 9.3 Google may at any time, terminate the License Agreement, with or without cause, upon notice to you.
build	Setup Android SDK	2026-01-21T03:10:41.5485174Z 
build	Setup Android SDK	2026-01-21T03:10:41.5486172Z 9.4 The License Agreement will automatically terminate without notice or other action upon the earlier of: (A) when Google ceases to provide the Preview or certain parts of the Preview to users in the country in which you are resident or from which you use the service; and (B) Google issues a final release version of the Android SDK.
build	Setup Android SDK	2026-01-21T03:10:41.5487255Z 
build	Setup Android SDK	2026-01-21T03:10:41.5487968Z 9.5 When the License Agreement is terminated, the license granted to you in the License Agreement will terminate, you will immediately cease all use of the Preview, and the provisions of paragraphs 10, 11, 12 and 14 shall survive indefinitely.
build	Setup Android SDK	2026-01-21T03:10:41.5488767Z 
build	Setup Android SDK	2026-01-21T03:10:41.5488833Z 10. DISCLAIMERS
build	Setup Android SDK	2026-01-21T03:10:41.5488949Z 
build	Setup Android SDK	2026-01-21T03:10:41.5489470Z 10.1 YOU EXPRESSLY UNDERSTAND AND AGREE THAT YOUR USE OF THE PREVIEW IS AT YOUR SOLE RISK AND THAT THE PREVIEW IS PROVIDED "AS IS" AND "AS AVAILABLE" WITHOUT WARRANTY OF ANY KIND FROM GOOGLE.
build	Setup Android SDK	2026-01-21T03:10:41.5490080Z 
build	Setup Android SDK	2026-01-21T03:10:41.5491808Z 10.2 YOUR USE OF THE PREVIEW AND ANY MATERIAL DOWNLOADED OR OTHERWISE OBTAINED THROUGH THE USE OF THE PREVIEW IS AT YOUR OWN DISCRETION AND RISK AND YOU ARE SOLELY RESPONSIBLE FOR ANY DAMAGE TO YOUR COMPUTER SYSTEM OR OTHER DEVICE OR LOSS OF DATA THAT RESULTS FROM SUCH USE. WITHOUT LIMITING THE FOREGOING, YOU UNDERSTAND THAT THE PREVIEW IS NOT A STABLE RELEASE AND MAY CONTAIN ERRORS, DEFECTS AND SECURITY VULNERABILITIES THAT CAN RESULT IN SIGNIFICANT DAMAGE, INCLUDING THE COMPLETE, IRRECOVERABLE LOSS OF USE OF YOUR COMPUTER SYSTEM OR OTHER DEVICE.
build	Setup Android SDK	2026-01-21T03:10:41.5493646Z 
build	Setup Android SDK	2026-01-21T03:10:41.5494567Z 10.3 GOOGLE FURTHER EXPRESSLY DISCLAIMS ALL WARRANTIES AND CONDITIONS OF ANY KIND, WHETHER EXPRESS OR IMPLIED, INCLUDING, BUT NOT LIMITED TO THE IMPLIED WARRANTIES AND CONDITIONS OF MERCHANTABILITY, FITNESS FOR A PARTICULAR PURPOSE AND NON-INFRINGEMENT.
build	Setup Android SDK	2026-01-21T03:10:41.5495555Z 
build	Setup Android SDK	2026-01-21T03:10:41.5495638Z 11. LIMITATION OF LIABILITY
build	Setup Android SDK	2026-01-21T03:10:41.5495785Z 
build	Setup Android SDK	2026-01-21T03:10:41.5497130Z 11.1 YOU EXPRESSLY UNDERSTAND AND AGREE THAT GOOGLE, ITS SUBSIDIARIES AND AFFILIATES, AND ITS LICENSORS SHALL NOT BE LIABLE TO YOU UNDER ANY THEORY OF LIABILITY FOR ANY DIRECT, INDIRECT, INCIDENTAL, SPECIAL, CONSEQUENTIAL OR EXEMPLARY DAMAGES THAT MAY BE INCURRED BY YOU, INCLUDING ANY LOSS OF DATA, WHETHER OR NOT GOOGLE OR ITS REPRESENTATIVES HAVE BEEN ADVISED OF OR SHOULD HAVE BEEN AWARE OF THE POSSIBILITY OF ANY SUCH LOSSES ARISING.
build	Setup Android SDK	2026-01-21T03:10:41.5498686Z 
build	Setup Android SDK	2026-01-21T03:10:41.5498759Z 12. Indemnification
build	Setup Android SDK	2026-01-21T03:10:41.5498872Z 
build	Setup Android SDK	2026-01-21T03:10:41.5501402Z 12.1 To the maximum extent permitted by law, you agree to defend, indemnify and hold harmless Google, its affiliates and their respective directors, officers, employees and agents from and against any and all claims, actions, suits or proceedings, as well as any and all losses, liabilities, damages, costs and expenses (including reasonable attorneys’ fees) arising out of or accruing from (a) your use of the Preview, (b) any application you develop on the Preview that infringes any Intellectual Property Rights of any person or defames any person or violates their rights of publicity or privacy, and (c) any non-compliance by you of the License Agreement.
build	Setup Android SDK	2026-01-21T03:10:41.5503586Z 
build	Setup Android SDK	2026-01-21T03:10:41.5503672Z 13. Changes to the License Agreement
build	Setup Android SDK	2026-01-21T03:10:41.5503849Z 
build	Setup Android SDK	2026-01-21T03:10:41.5504863Z 13.1 Google may make changes to the License Agreement as it distributes new versions of the Preview. When these changes are made, Google will make a new version of the License Agreement available on the website where the Preview is made available.
build	Setup Android SDK	2026-01-21T03:10:41.5505739Z 
build	Setup Android SDK	2026-01-21T03:10:41.5505944Z 14. General Legal Terms
build	Setup Android SDK	2026-01-21T03:10:41.5506069Z 
build	Setup Android SDK	2026-01-21T03:10:41.5507021Z 14.1 the License Agreement constitutes the whole legal agreement between you and Google and governs your use of the Preview (excluding any services which Google may provide to you under a separate written agreement), and completely replaces any prior agreements between you and Google in relation to the Preview.
build	Setup Android SDK	2026-01-21T03:10:41.5508072Z 
build	Setup Android SDK	2026-01-21T03:10:41.5509020Z 14.2 You agree that if Google does not exercise or enforce any legal right or remedy which is contained in the License Agreement (or which Google has the benefit of under any applicable law), this will not be taken to be a formal waiver of Google's rights and that those rights or remedies will still be available to Google.
build	Setup Android SDK	2026-01-21T03:10:41.5510070Z 
build	Setup Android SDK	2026-01-21T03:10:41.5511107Z 14.3 If any court of law, having the jurisdiction to decide on this matter, rules that any provision of the License Agreement is invalid, then that provision will be removed from the License Agreement without affecting the rest of the License Agreement. The remaining provisions of the License Agreement will continue to be valid and enforceable.
build	Setup Android SDK	2026-01-21T03:10:41.5512250Z 
build	Setup Android SDK	2026-01-21T03:10:41.5513615Z 14.4 You acknowledge and agree that each member of the group of companies of which Google is the parent shall be third party beneficiaries to the License Agreement and that such other companies shall be entitled to directly enforce, and rely upon, any provision of the License Agreement that confers a benefit on (or rights in favor of) them. Other than this, no other person or company shall be third party beneficiaries to the License Agreement.
build	Setup Android SDK	2026-01-21T03:10:41.5515356Z 
build	Setup Android SDK	2026-01-21T03:10:41.5516216Z 14.5 EXPORT RESTRICTIONS. THE PREVIEW IS SUBJECT TO UNITED STATES EXPORT LAWS AND REGULATIONS. YOU MUST COMPLY WITH ALL DOMESTIC AND INTERNATIONAL EXPORT LAWS AND REGULATIONS THAT APPLY TO THE PREVIEW. THESE LAWS INCLUDE RESTRICTIONS ON DESTINATIONS, END USERS AND END USE.
build	Setup Android SDK	2026-01-21T03:10:41.5517156Z 
build	Setup Android SDK	2026-01-21T03:10:41.5518126Z 14.6 The License Agreement may not be assigned or transferred by you without the prior written approval of Google, and any attempted assignment without such approval will be void. You shall not delegate your responsibilities or obligations under the License Agreement without the prior written approval of Google.
build	Setup Android SDK	2026-01-21T03:10:41.5519169Z 
build	Setup Android SDK	2026-01-21T03:10:41.5520903Z 14.7 The License Agreement, and your relationship with Google under the License Agreement, shall be governed by the laws of the State of California without regard to its conflict of laws provisions. You and Google agree to submit to the exclusive jurisdiction of the courts located within the county of Santa Clara, California to resolve any legal matter arising from the License Agreement. Notwithstanding this, you agree that Google shall still be allowed to apply for injunctive remedies (or an equivalent type of urgent legal relief) in any jurisdiction.
build	Setup Android SDK	2026-01-21T03:10:41.5522892Z 
build	Setup Android SDK	2026-01-21T03:10:41.5522964Z June 2014.
build	Setup Android SDK	2026-01-21T03:10:41.5523139Z ---------------------------------------
build	Setup Android SDK	2026-01-21T03:10:41.5523365Z Accept? (y/N): 
build	Setup Android SDK	2026-01-21T03:10:41.5523558Z 5/6: License google-gdk-license:
build	Setup Android SDK	2026-01-21T03:10:41.5523778Z ---------------------------------------
build	Setup Android SDK	2026-01-21T03:10:41.5524095Z This is a Developer Preview of the GDK that is subject to change.
build	Setup Android SDK	2026-01-21T03:10:41.5524345Z 
build	Setup Android SDK	2026-01-21T03:10:41.5524421Z Terms and Conditions
build	Setup Android SDK	2026-01-21T03:10:41.5524649Z 
build	Setup Android SDK	2026-01-21T03:10:41.5524765Z This is the Glass Development Kit License Agreement.
build	Setup Android SDK	2026-01-21T03:10:41.5524985Z 
build	Setup Android SDK	2026-01-21T03:10:41.5525052Z 1. Introduction
build	Setup Android SDK	2026-01-21T03:10:41.5525153Z 
build	Setup Android SDK	2026-01-21T03:10:41.5526343Z 1.1 The Glass Development Kit (referred to in this License Agreement as the "GDK" and specifically including the Android system files, packaged APIs, and GDK library files, if and when they are made available) is licensed to you subject to the terms of this License Agreement. This License Agreement forms a legally binding contract between you and Google in relation to your use of the GDK.
build	Setup Android SDK	2026-01-21T03:10:41.5527740Z 
build	Setup Android SDK	2026-01-21T03:10:41.5527945Z 1.2 "Glass" means Glass devices and the Glass software stack for use on Glass devices.
build	Setup Android SDK	2026-01-21T03:10:41.5528256Z 
build	Setup Android SDK	2026-01-21T03:10:41.5528260Z 
build	Setup Android SDK	2026-01-21T03:10:41.5528886Z 1.3 "Android" means the Android software stack for devices, as made available under the Android Open Source Project, which is located at the following URL: http://source.android.com/, as updated from time to time.
build	Setup Android SDK	2026-01-21T03:10:41.5529605Z 
build	Setup Android SDK	2026-01-21T03:10:41.5530051Z 1.4 "Google" means Google Inc., a Delaware corporation with principal place of business at 1600 Amphitheatre Parkway, Mountain View, CA 94043, United States.
build	Setup Android SDK	2026-01-21T03:10:41.5530585Z 
build	Setup Android SDK	2026-01-21T03:10:41.5530671Z 2. Accepting this License Agreement
build	Setup Android SDK	2026-01-21T03:10:41.5530836Z 
build	Setup Android SDK	2026-01-21T03:10:41.5531216Z 2.1 In order to use the GDK, you must first agree to this License Agreement. You may not use the GDK if you do not accept this License Agreement.
build	Setup Android SDK	2026-01-21T03:10:41.5531690Z 
build	Setup Android SDK	2026-01-21T03:10:41.5531895Z 2.2 By clicking to accept, you hereby agree to the terms of this License Agreement.
build	Setup Android SDK	2026-01-21T03:10:41.5532189Z 
build	Setup Android SDK	2026-01-21T03:10:41.5532910Z 2.3 You may not use the GDK and may not accept the License Agreement if you are a person barred from receiving the GDK under the laws of the United States or other countries including the country in which you are resident or from which you use the GDK.
build	Setup Android SDK	2026-01-21T03:10:41.5533730Z 
build	Setup Android SDK	2026-01-21T03:10:41.5534951Z 2.4 If you are agreeing to be bound by this License Agreement on behalf of your employer or other entity, you represent and warrant that you have full legal authority to bind your employer or such entity to this License Agreement. If you do not have the requisite authority, you may not accept the License Agreement or use the GDK on behalf of your employer or other entity.
build	Setup Android SDK	2026-01-21T03:10:41.5536155Z 
build	Setup Android SDK	2026-01-21T03:10:41.5536232Z 3. GDK License from Google
build	Setup Android SDK	2026-01-21T03:10:41.5536365Z 
build	Setup Android SDK	2026-01-21T03:10:41.5537093Z 3.1 Subject to the terms of this License Agreement, Google grants you a limited, worldwide, royalty-free, non-assignable and non-exclusive license to use the GDK solely to develop applications to run on the Glass platform for Glass devices.
build	Setup Android SDK	2026-01-21T03:10:41.5537896Z 
build	Setup Android SDK	2026-01-21T03:10:41.5539084Z 3.2 You agree that Google or third parties own all legal right, title and interest in and to the GDK, including any Intellectual Property Rights that subsist in the GDK. "Intellectual Property Rights" means any and all rights under patent law, copyright law, trade secret law, trademark law, and any and all other proprietary rights. Google reserves all rights not expressly granted to you.
build	Setup Android SDK	2026-01-21T03:10:41.5540479Z 
build	Setup Android SDK	2026-01-21T03:10:41.5542382Z 3.3 You may not use the GDK for any purpose not expressly permitted by this License Agreement. Except to the extent required by applicable third party licenses, you may not: (a) copy (except for backup purposes), modify, adapt, redistribute, decompile, reverse engineer, disassemble, or create derivative works of the GDK or any part of the GDK; or (b) load any part of the GDK onto a mobile handset or wearable computing device or any other hardware device except a Glass device personal computer, combine any part of the GDK with other software, or distribute any software or device incorporating a part of the GDK.
build	Setup Android SDK	2026-01-21T03:10:41.5544375Z 
build	Setup Android SDK	2026-01-21T03:10:41.5545362Z 3.4 You agree that you will not take any actions that may cause or result in the fragmentation of Glass, including but not limited to distributing, participating in the creation of, or promoting in any way a software development kit derived from the GDK.
build	Setup Android SDK	2026-01-21T03:10:41.5546225Z 
build	Setup Android SDK	2026-01-21T03:10:41.5546844Z 3.5 Use, reproduction and distribution of components of the GDK licensed under an open source software license are governed solely by the terms of that open source software license and not this License Agreement.
build	Setup Android SDK	2026-01-21T03:10:41.5547554Z 
build	Setup Android SDK	2026-01-21T03:10:41.5548847Z 3.6 You agree that the form and nature of the GDK that Google provides may change without prior notice to you and that future versions of the GDK may be incompatible with applications developed on previous versions of the GDK. You agree that Google may stop (permanently or temporarily) providing the GDK (or any features within the GDK) to you or to users generally at Google's sole discretion, without prior notice to you.
build	Setup Android SDK	2026-01-21T03:10:41.5550346Z 
build	Setup Android SDK	2026-01-21T03:10:41.5550841Z 3.7 Nothing in this License Agreement gives you a right to use any of Google's trade names, trademarks, service marks, logos, domain names, or other distinctive brand features.
build	Setup Android SDK	2026-01-21T03:10:41.5551430Z 
build	Setup Android SDK	2026-01-21T03:10:41.5551958Z 3.8 You agree that you will not remove, obscure, or alter any proprietary rights notices (including copyright and trademark notices) that may be affixed to or contained within the GDK.
build	Setup Android SDK	2026-01-21T03:10:41.5552585Z 
build	Setup Android SDK	2026-01-21T03:10:41.5552589Z 
build	Setup Android SDK	2026-01-21T03:10:41.5553683Z 3.9 Your use of any Android system files, packaged APIs, or other components of the GDK which are part of the Android Software Development Kit is subject to the terms of the Android Software Development Kit License Agreement located at http://developer.android.com/sdk/terms.html. These terms are hereby incorporated by reference into this License Agreement.
build	Setup Android SDK	2026-01-21T03:10:41.5555166Z 
build	Setup Android SDK	2026-01-21T03:10:41.5555249Z 4. Use of the GDK by You
build	Setup Android SDK	2026-01-21T03:10:41.5555387Z 
build	Setup Android SDK	2026-01-21T03:10:41.5556193Z 4.1 Google agrees that it obtains no right, title or interest from you (or your licensors) under this License Agreement in or to any software applications that you develop using the GDK, including any intellectual property rights that subsist in those applications.
build	Setup Android SDK	2026-01-21T03:10:41.5557088Z 
build	Setup Android SDK	2026-01-21T03:10:41.5558727Z 4.2 You agree to use the GDK and write applications only for purposes that are permitted by (a) this License Agreement, (b) the Glass Platform Developer Policies (located at https://developers.google.com/glass/policies, and hereby incorporated into this License Agreement by reference), and (c) any applicable law, regulation or generally accepted practices or guidelines in the relevant jurisdictions (including any laws regarding the export of data or software to and from the United States or other relevant countries).
build	Setup Android SDK	2026-01-21T03:10:41.5560458Z 
build	Setup Android SDK	2026-01-21T03:10:41.5562896Z 4.3 You agree that if you use the GDK to develop applications for general public users, you will protect the privacy and legal rights of those users. If the users provide you with user names, passwords, or other login information or personal information, you must make the users aware that the information will be available to your application, and you must provide legally adequate privacy notice and protection for those users. If your application stores personal or sensitive information provided by users, it must do so securely. If the user provides your application with Google Account information, your application may only use that information to access the user's Google Account when, and for the limited purposes for which, the user has given you permission to do so.
build	Setup Android SDK	2026-01-21T03:10:41.5565781Z 
build	Setup Android SDK	2026-01-21T03:10:41.5566754Z 4.4 You agree that you will not engage in any activity with the GDK, including the development or distribution of an application, that interferes with, disrupts, damages, or accesses in an unauthorized manner the servers, networks, or other properties or services of any third party including, but not limited to, Google.
build	Setup Android SDK	2026-01-21T03:10:41.5567813Z 
build	Setup Android SDK	2026-01-21T03:10:41.5568838Z 4.5 You agree that you are solely responsible for (and that Google has no responsibility to you or to any third party for) any data, content, or resources that you create, transmit or display through Glass and/or applications for Glass, and for the consequences of your actions (including any loss or damage which Google may suffer) by doing so.
build	Setup Android SDK	2026-01-21T03:10:41.5569969Z 
build	Setup Android SDK	2026-01-21T03:10:41.5571173Z 4.6 You agree that you are solely responsible for (and that Google has no responsibility to you or to any third party for) any breach of your obligations under this License Agreement, any applicable third party contract or Terms of Service, or any applicable law or regulation, and for the consequences (including any loss or damage which Google or any third party may suffer) of any such breach.
build	Setup Android SDK	2026-01-21T03:10:41.5572579Z 
build	Setup Android SDK	2026-01-21T03:10:41.5572591Z 
build	Setup Android SDK	2026-01-21T03:10:41.5573726Z 4.7 The GDK is in development, and your testing and feedback are an important part of the development process. By using the GDK, you acknowledge that implementation of some features are still under development and that you should not rely on the GDK, Glass devices, Glass system software, Google Mirror API, or Glass services having the full functionality of a stable release.
build	Setup Android SDK	2026-01-21T03:10:41.5575193Z 
build	Setup Android SDK	2026-01-21T03:10:41.5575294Z 5. Your Developer Credentials
build	Setup Android SDK	2026-01-21T03:10:41.5575447Z 
build	Setup Android SDK	2026-01-21T03:10:41.5576299Z 5.1 You agree that you are responsible for maintaining the confidentiality of any developer credentials that may be issued to you by Google or which you may choose yourself and that you will be solely responsible for all applications that are developed under your developer credentials.
build	Setup Android SDK	2026-01-21T03:10:41.5577258Z 
build	Setup Android SDK	2026-01-21T03:10:41.5577335Z 6. Privacy and Information
build	Setup Android SDK	2026-01-21T03:10:41.5577467Z 
build	Setup Android SDK	2026-01-21T03:10:41.5577471Z 
build	Setup Android SDK	2026-01-21T03:10:41.5578940Z 6.1 In order to continually innovate and improve the GDK, Google may collect certain usage statistics from the software including but not limited to a unique identifier, associated IP address, version number of the software, and information on which tools and/or services in the GDK are being used and how they are being used. Before any of this information is collected, the GDK will notify you and seek your consent. If you withhold consent, the information will not be collected.
build	Setup Android SDK	2026-01-21T03:10:41.5580498Z 
build	Setup Android SDK	2026-01-21T03:10:41.5580856Z 6.2 The data collected is examined in the aggregate to improve the GDK and is maintained in accordance with Google's Privacy Policy.
build	Setup Android SDK	2026-01-21T03:10:41.5581314Z 
build	Setup Android SDK	2026-01-21T03:10:41.5581393Z 7. Third Party Applications
build	Setup Android SDK	2026-01-21T03:10:41.5581536Z 
build	Setup Android SDK	2026-01-21T03:10:41.5583350Z 7.1 If you use the GDK to run applications developed by a third party or that access data, content or resources provided by a third party, you agree that Google is not responsible for those applications, data, content, or resources. You understand that all data, content or resources which you may access through such third party applications are the sole responsibility of the person from which they originated and that Google is not liable for any loss or damage that you may experience as a result of the use or access of any of those third party applications, data, content, or resources.
build	Setup Android SDK	2026-01-21T03:10:41.5585564Z 
build	Setup Android SDK	2026-01-21T03:10:41.5587043Z 7.2 You should be aware the data, content, and resources presented to you through such a third party application may be protected by intellectual property rights which are owned by the providers (or by other persons or companies on their behalf). You may not modify, rent, lease, loan, sell, distribute or create derivative works based on these data, content, or resources (either in whole or in part) unless you have been specifically given permission to do so by the relevant owners.
build	Setup Android SDK	2026-01-21T03:10:41.5588606Z 
build	Setup Android SDK	2026-01-21T03:10:41.5589417Z 7.3 You acknowledge that your use of such third party applications, data, content, or resources may be subject to separate terms between you and the relevant third party. In that case, this License Agreement does not affect your legal relationship with these third parties.
build	Setup Android SDK	2026-01-21T03:10:41.5590318Z 
build	Setup Android SDK	2026-01-21T03:10:41.5590393Z 8. Using Google APIs
build	Setup Android SDK	2026-01-21T03:10:41.5590510Z 
build	Setup Android SDK	2026-01-21T03:10:41.5590575Z 8.1 Google APIs
build	Setup Android SDK	2026-01-21T03:10:41.5590677Z 
build	Setup Android SDK	2026-01-21T03:10:41.5592192Z 8.1.1 If you use any API to retrieve data from Google, you acknowledge that the data may be protected by intellectual property rights which are owned by Google or those parties that provide the data (or by other persons or companies on their behalf). Your use of any such API may be subject to additional Terms of Service. You may not modify, rent, lease, loan, sell, distribute or create derivative works based on this data (either in whole or in part) unless allowed by the relevant Terms of Service.
build	Setup Android SDK	2026-01-21T03:10:41.5593898Z 
build	Setup Android SDK	2026-01-21T03:10:41.5594844Z 8.1.2 If you use any API to retrieve a user's data from Google, you acknowledge and agree that you shall retrieve data only with the user's explicit consent and only when, and for the limited purposes for which, the user has given you permission to do so.
build	Setup Android SDK	2026-01-21T03:10:41.5595691Z 
build	Setup Android SDK	2026-01-21T03:10:41.5595783Z 9. Terminating this License Agreement
build	Setup Android SDK	2026-01-21T03:10:41.5595954Z 
build	Setup Android SDK	2026-01-21T03:10:41.5596243Z 9.1 This License Agreement will continue to apply until terminated by either you or Google as set out below.
build	Setup Android SDK	2026-01-21T03:10:41.5596626Z 
build	Setup Android SDK	2026-01-21T03:10:41.5596984Z 9.2 If you want to terminate this License Agreement, you may do so by ceasing your use of the GDK and any relevant developer credentials.
build	Setup Android SDK	2026-01-21T03:10:41.5597444Z 
build	Setup Android SDK	2026-01-21T03:10:41.5599419Z 9.3 Google may at any time, terminate this License Agreement with you if: (A) you have breached any provision of this License Agreement; or (B) Google is required to do so by law; or (C) the partner with whom Google offered certain parts of GDK (such as APIs) to you has terminated its relationship with Google or ceased to offer certain parts of the GDK to you; or (D) Google decides to no longer provide the GDK or certain parts of the GDK to users in the country in which you are resident or from which you use the service, or the provision of the GDK or certain GDK services to you by Google is, in Google's sole discretion, no longer commercially viable.
build	Setup Android SDK	2026-01-21T03:10:41.5601465Z 
build	Setup Android SDK	2026-01-21T03:10:41.5602824Z 9.4 When this License Agreement comes to an end, all of the legal rights, obligations and liabilities that you and Google have benefited from, been subject to (or which have accrued over time whilst this License Agreement has been in force) or which are expressed to continue indefinitely, shall be unaffected by this cessation, and the provisions of paragraph 14.7 shall continue to apply to such rights, obligations and liabilities indefinitely.
build	Setup Android SDK	2026-01-21T03:10:41.5604282Z 
build	Setup Android SDK	2026-01-21T03:10:41.5604361Z 10. DISCLAIMER OF WARRANTIES
build	Setup Android SDK	2026-01-21T03:10:41.5604697Z 
build	Setup Android SDK	2026-01-21T03:10:41.5605192Z 10.1 YOU EXPRESSLY UNDERSTAND AND AGREE THAT YOUR USE OF THE GDK IS AT YOUR SOLE RISK AND THAT THE GDK IS PROVIDED "AS IS" AND "AS AVAILABLE" WITHOUT WARRANTY OF ANY KIND FROM GOOGLE.
build	Setup Android SDK	2026-01-21T03:10:41.5605943Z 
build	Setup Android SDK	2026-01-21T03:10:41.5606707Z 10.2 YOUR USE OF THE GDK AND ANY MATERIAL DOWNLOADED OR OTHERWISE OBTAINED THROUGH THE USE OF THE GDK IS AT YOUR OWN DISCRETION AND RISK AND YOU ARE SOLELY RESPONSIBLE FOR ANY DAMAGE TO YOUR COMPUTER SYSTEM OR OTHER DEVICE OR LOSS OF DATA THAT RESULTS FROM SUCH USE.
build	Setup Android SDK	2026-01-21T03:10:41.5607561Z 
build	Setup Android SDK	2026-01-21T03:10:41.5608327Z 10.3 GOOGLE FURTHER EXPRESSLY DISCLAIMS ALL WARRANTIES AND CONDITIONS OF ANY KIND, WHETHER EXPRESS OR IMPLIED, INCLUDING, BUT NOT LIMITED TO THE IMPLIED WARRANTIES AND CONDITIONS OF MERCHANTABILITY, FITNESS FOR A PARTICULAR PURPOSE AND NON-INFRINGEMENT.
build	Setup Android SDK	2026-01-21T03:10:41.5609198Z 
build	Setup Android SDK	2026-01-21T03:10:41.5609276Z 11. LIMITATION OF LIABILITY
build	Setup Android SDK	2026-01-21T03:10:41.5609408Z 
build	Setup Android SDK	2026-01-21T03:10:41.5610751Z 11.1 YOU EXPRESSLY UNDERSTAND AND AGREE THAT GOOGLE, ITS SUBSIDIARIES AND AFFILIATES, AND ITS LICENSORS SHALL NOT BE LIABLE TO YOU UNDER ANY THEORY OF LIABILITY FOR ANY DIRECT, INDIRECT, INCIDENTAL, SPECIAL, CONSEQUENTIAL OR EXEMPLARY DAMAGES THAT MAY BE INCURRED BY YOU, INCLUDING ANY LOSS OF DATA, WHETHER OR NOT GOOGLE OR ITS REPRESENTATIVES HAVE BEEN ADVISED OF OR SHOULD HAVE BEEN AWARE OF THE POSSIBILITY OF ANY SUCH LOSSES ARISING.
build	Setup Android SDK	2026-01-21T03:10:41.5612181Z 
build	Setup Android SDK	2026-01-21T03:10:41.5612255Z 12. Indemnification
build	Setup Android SDK	2026-01-21T03:10:41.5612365Z 
build	Setup Android SDK	2026-01-21T03:10:41.5615241Z 12.1 To the maximum extent permitted by law, you agree to defend, indemnify and hold harmless Google, its affiliates and their respective directors, officers, employees and agents from and against any and all claims, actions, suits or proceedings, as well as any and all losses, liabilities, damages, costs and expenses (including reasonable attorneys fees) arising out of or accruing from (a) your use of the GDK, (b) any application you develop on the GDK that infringes any copyright, trademark, trade secret, trade dress, patent or other intellectual property right of any person or defames any person or violates their rights of publicity or privacy, and (c) any non-compliance by you with this License Agreement.
build	Setup Android SDK	2026-01-21T03:10:41.5617760Z 
build	Setup Android SDK	2026-01-21T03:10:41.5617854Z 13. Changes to the License Agreement
build	Setup Android SDK	2026-01-21T03:10:41.5618023Z 
build	Setup Android SDK	2026-01-21T03:10:41.5618714Z 13.1 Google may make changes to the License Agreement as it distributes new versions of the GDK. When these changes are made, Google will make a new version of the License Agreement available on the website where the GDK is made available.
build	Setup Android SDK	2026-01-21T03:10:41.5619497Z 
build	Setup Android SDK	2026-01-21T03:10:41.5619574Z 14. General Legal Terms
build	Setup Android SDK	2026-01-21T03:10:41.5619698Z 
build	Setup Android SDK	2026-01-21T03:10:41.5620624Z 14.1 This License Agreement constitutes the whole legal agreement between you and Google and governs your use of the GDK (excluding any services which Google may provide to you under a separate written agreement), and completely replaces any prior agreements between you and Google in relation to the GDK.
build	Setup Android SDK	2026-01-21T03:10:41.5621645Z 
build	Setup Android SDK	2026-01-21T03:10:41.5622626Z 14.2 You agree that if Google does not exercise or enforce any legal right or remedy which is contained in this License Agreement (or which Google has the benefit of under any applicable law), this will not be taken to be a formal waiver of Google's rights and that those rights or remedies will still be available to Google.
build	Setup Android SDK	2026-01-21T03:10:41.5623696Z 
build	Setup Android SDK	2026-01-21T03:10:41.5624975Z 14.3 If any court of law, having the jurisdiction to decide on this matter, rules that any provision of this License Agreement is invalid, then that provision will be removed from this License Agreement without affecting the rest of this License Agreement. The remaining provisions of this License Agreement will continue to be valid and enforceable.
build	Setup Android SDK	2026-01-21T03:10:41.5626143Z 
build	Setup Android SDK	2026-01-21T03:10:41.5627524Z 14.4 You acknowledge and agree that each member of the group of companies of which Google is the parent shall be third party beneficiaries to this License Agreement and that such other companies shall be entitled to directly enforce, and rely upon, any provision of this License Agreement that confers a benefit on (or rights in favor of) them. Other than this, no other person or company shall be third party beneficiaries to this License Agreement.
build	Setup Android SDK	2026-01-21T03:10:41.5629114Z 
build	Setup Android SDK	2026-01-21T03:10:41.5629907Z 14.5 EXPORT RESTRICTIONS. THE GDK IS SUBJECT TO UNITED STATES EXPORT LAWS AND REGULATIONS. YOU MUST COMPLY WITH ALL DOMESTIC AND INTERNATIONAL EXPORT LAWS AND REGULATIONS THAT APPLY TO THE GDK. THESE LAWS INCLUDE RESTRICTIONS ON DESTINATIONS, END USERS AND END USE.
build	Setup Android SDK	2026-01-21T03:10:41.5630793Z 
build	Setup Android SDK	2026-01-21T03:10:41.5631836Z 14.6 The rights granted in this License Agreement may not be assigned or transferred by either you or Google without the prior written approval of the other party. Neither you nor Google shall be permitted to delegate their responsibilities or obligations under this License Agreement without the prior written approval of the other party.
build	Setup Android SDK	2026-01-21T03:10:41.5656110Z 
build	Setup Android SDK	2026-01-21T03:10:41.5658226Z 14.7 This License Agreement, and your relationship with Google under this License Agreement, shall be governed by the laws of the State of California without regard to its conflict of laws provisions. You and Google agree to submit to the exclusive jurisdiction of the courts located within the county of Santa Clara, California to resolve any legal matter arising from this License Agreement. Notwithstanding this, you agree that Google shall still be allowed to apply for injunctive remedies (or an equivalent type of urgent legal relief) in any jurisdiction.
build	Setup Android SDK	2026-01-21T03:10:41.5660300Z 
build	Setup Android SDK	2026-01-21T03:10:41.5660377Z November 19, 2013
build	Setup Android SDK	2026-01-21T03:10:41.5660575Z ---------------------------------------
build	Setup Android SDK	2026-01-21T03:10:41.5660811Z Accept? (y/N): 
build	Setup Android SDK	2026-01-21T03:10:41.5661033Z 6/6: License mips-android-sysimage-license:
build	Setup Android SDK	2026-01-21T03:10:41.5661297Z ---------------------------------------
build	Setup Android SDK	2026-01-21T03:10:41.5663358Z MIPS Technologies, Inc. (“MIPS”) Internal Evaluation License Agreement for MIPS Android™ System Images for Android Software Development Kit (SDK): This Internal Evaluation License Agreement (this "Agreement") is entered into by and between MIPS and you (as an individual developer or a legal entity -- identified below as “Recipient”). MIPS shall make the Evaluation Software available to Recipient as described in accordance with the terms and conditions set forth below.
build	Setup Android SDK	2026-01-21T03:10:41.5665548Z 
build	Setup Android SDK	2026-01-21T03:10:41.5668965Z By clicking on the “Accept” button, downloading, installing, or otherwise using the Evaluation Materials (defined below), you agree to be bound by the terms of this Agreement effective as of the date you click “Accept” (the “Effective Date”), and if doing so on behalf of an entity, you represent that you are authorized to bind the entity to the terms and conditions of this Agreement. If you do not agree to be bound by the terms and conditions of this Agreement, do not download, install, or use the Evaluation Materials.
build	Setup Android SDK	2026-01-21T03:10:41.5672075Z 
build	Setup Android SDK	2026-01-21T03:10:41.5672399Z 1. DEFINITIONS. These terms shall have the following meanings:
build	Setup Android SDK	2026-01-21T03:10:41.5672856Z 
build	Setup Android SDK	2026-01-21T03:10:41.5673887Z 1.1 “MIPS” shall mean MIPS Technologies, Inc., a Delaware corporation having a principal place of business at: 955 East Arques Ave., Sunnyvale, CA 94085
build	Setup Android SDK	2026-01-21T03:10:41.5675056Z 
build	Setup Android SDK	2026-01-21T03:10:41.5676077Z 1.2 “Evaluation Software” shall mean MIPS Android™ emulator system images for Android Software Development Kit (SDK), as made available to Recipient.
build	Setup Android SDK	2026-01-21T03:10:41.5677073Z 
build	Setup Android SDK	2026-01-21T03:10:41.5678948Z 1.3 “Evaluation Materials" means, collectively, the Evaluation Software (in source and/or object code form) and documentation (including, without limitation, any design documents, specifications, reference manuals, and other related materials) related to the Evaluation Software as made available to Recipient.
build	Setup Android SDK	2026-01-21T03:10:41.5680823Z 
build	Setup Android SDK	2026-01-21T03:10:41.5686789Z 1.4 “Open Source Software” means any software that requires (as a condition of use, modification and/or distribution of such software) that such software or other software incorporated into, derived from or distributed with such software (a) be disclosed or distributed in source code form; or (b) be licensed by the user to third parties for the purpose of making and/or distributing derivative works; or (c) be redistributable at no charge. Open Source Software includes, without limitation, software licensed or distributed under any of the following licenses or distribution models, or licenses or distribution models substantially similar to any of the following: (a) GNU’s General Public License (GPL) or Lesser/Library GPL (LGPL), (b) the Artistic License (e.g., PERL), (c) the Mozilla Public License, (d) the Netscape Public License, (e) the Sun Community Source License (SCSL), (f) the Sun Industry Source License (SISL), (g) the Apache Software license and (h) the Common Public License (CPL).
build	Setup Android SDK	2026-01-21T03:10:41.5690358Z 
build	Setup Android SDK	2026-01-21T03:10:41.5691507Z 1.5 “Pre-Release Materials” means “alpha” or “beta” designated pre-release features, which may not be fully functional, which MIPS may substantially modify in producing any production version of the Evaluation Materials, and/or which is still under development by MIPS and/or MIPS’ suppliers.
build	Setup Android SDK	2026-01-21T03:10:41.5692539Z 
build	Setup Android SDK	2026-01-21T03:10:41.5694351Z 2. PURPOSE. MIPS desires to make the Evaluation Materials available to Recipient solely for Recipient's internal evaluation of the Evaluation Software to evaluate the desirability of cooperating with MIPS in developing products that are compatible with the Evaluation Software and/or to advise MIPS as to possible modifications to the Evaluation Software. Recipient may not disclose, distribute, modify (except to facilitate the above-mentioned internal evaluation), or make commercial use of the Evaluation Materials or any modifications of the Evaluation Materials.
build	Setup Android SDK	2026-01-21T03:10:41.5696611Z 
build	Setup Android SDK	2026-01-21T03:10:41.5698552Z THE EVALUATION MATERIALS ARE PROVIDED FOR EVALUATION PURPOSES ONLY AND MAY NOT BE MODIFIED (EXCEPT TO FACILITATE THE INTERNAL EVALUATION) OR DISTRIBUTED BY RECIPIENT OR INCORPORATED INTO RECIPIENT’S PRODUCTS OR SOFTWARE. PLEASE CONTACT A MIPS SALES REPRESENTATIVE TO LEARN ABOUT THE AVAILABILITY AND COST OF A COMMERCIAL VERSION OF THE EVALUATION SOFTWARE.
build	Setup Android SDK	2026-01-21T03:10:41.5700136Z 
build	Setup Android SDK	2026-01-21T03:10:41.5701009Z 3. TITLE. Title to the Evaluation Materials remains with MIPS or its suppliers. Recipient shall not mortgage, pledge or encumber the Evaluation Materials in any way. Recipient shall return all Evaluation Materials, keeping no copies, upon termination or expiration of this Agreement.
build	Setup Android SDK	2026-01-21T03:10:41.5701998Z 
build	Setup Android SDK	2026-01-21T03:10:41.5705923Z 4. LICENSE. MIPS grants Recipient a royalty-free, personal, nontransferable, nonexclusive license under its copyrights to use the Evaluation Software only for the purposes described in paragraph 2 above and only for a period beginning on the Effective Date and extending to the first anniversary of the Effective Date (the “Evaluation Period”). Unless otherwise communicated in writing by MIPS to Recipient, to the extent the Evaluation Software is provided in more than one delivery or release (each, a “Release”) the license grant in this Section 4 and the Evaluation Period shall apply to each Release, in which case the Evaluation Period shall begin on the date that the Release is made generally available and continue to the first anniversary of such date. Recipient may not make modifications to the Evaluation Software. Recipient shall not disassemble, reverse-engineer, or decompile any software that is not provided to Recipient in source code form.
build	Setup Android SDK	2026-01-21T03:10:41.5709089Z 
build	Setup Android SDK	2026-01-21T03:10:41.5709095Z 
build	Setup Android SDK	2026-01-21T03:10:41.5710128Z EXCEPT AS PROVIDED HEREIN, NO OTHER LICENSE, EXPRESS OR IMPLIED, BY ESTOPPEL OR OTHERWISE, TO ANY OTHER MIPS INTELLECTUAL PROPERTY RIGHTS IS GRANTED TO THE RECIPIENT. OTHER THAN AS EXPLICITLY SET FORTH IN PARAGRAPH 2 ABOVE, NO RIGHT TO COPY, TO REPRODUCE, TO MODIFY, OR TO CREATE DERIVATIVE WORKS OF, THE EVALUATION MATERIALS IS GRANTED HEREIN.
build	Setup Android SDK	2026-01-21T03:10:41.5711246Z 
build	Setup Android SDK	2026-01-21T03:10:41.5712029Z 5. NO OBLIGATION. Recipient shall have no duty to purchase or license any product from MIPS. MIPS and its suppliers shall have no obligation to provide support for, or develop a non-evaluation version of, the Evaluation Software or to license any version of it.
build	Setup Android SDK	2026-01-21T03:10:41.5713053Z 
build	Setup Android SDK	2026-01-21T03:10:41.5716896Z 6. MODIFICATIONS. This Agreement does not obligate Recipient to provide MIPS with comments or suggestions regarding Evaluation Materials. However, should Recipient provide MIPS with comments or suggestions for the modification, correction, improvement or enhancement of (a) the Evaluation Materials or (b) MIPS products or processes which may embody the Evaluation Materials, then Recipient agrees to grant and hereby grants to MIPS a non-exclusive, irrevocable, worldwide, fully paid-up, royalty-free license, with the right to sublicense MIPS’ licensees and customers, under Recipient’s Intellectual property rights, to use and disclose such comments and suggestions in any manner MIPS chooses and to display, perform, copy, make, have made, use, sell, offer to sell, import, and otherwise dispose of MIPS’ and its sublicensee’s products embodying such comments and suggestions in any manner and via any media MIPS chooses, without reference to the source.
build	Setup Android SDK	2026-01-21T03:10:41.5721500Z 
build	Setup Android SDK	2026-01-21T03:10:41.5723511Z 7. WARRANTY DISCLAIMER. MIPS AND ITS SUPPLIERS MAKE NO WARRANTIES WITH RESPECT TO EVALUATION MATERIALS, EITHER EXPRESS OR IMPLIED, INCLUDING ANY IMPLIED WARRANTIES OF MERCHANTABILITY OR FITNESS FOR A PARTICULAR PURPOSE, OR ANY IMPLIED WARRANTY OF NONINFRINGEMENT WITH RESPECT TO THIRD PARTY INTELLECTUAL PROPERTY. RECIPIENT ACKNOWLEDGES AND AGREES THAT THE EVALUATION MATERIALS ARE PROVIDED “AS IS,” WITHOUT WARRANTY OF ANY KIND.
build	Setup Android SDK	2026-01-21T03:10:41.5725477Z 
build	Setup Android SDK	2026-01-21T03:10:41.5727307Z 8. LIMITATION OF LIABILITY. MIPS AND ITS SUPPLIERS SHALL NOT BE LIABLE FOR ANY PROPERTY DAMAGE, PERSONAL INJURY, LOSS OF PROFITS, INTERRUPTION OF BUSINESS OR FOR ANY DIRECT, INDIRECT, SPECIAL, CONSEQUENTIAL OR INCIDENTAL DAMAGES, HOWEVER CAUSED OR ALLEGED, WHETHER FOR BREACH OF WARRANTY, CONTRACT, STRICT LIABILITY OR OTHERWISE, INCLUDING WITHOUT LIMITATION, UNDER TORT OR OTHER LEGAL THEORY. MIPS AND ITS SUPPLIERS DISCLAIM ANY AND ALL LIABILITY, INCLUDING LIABILITY FOR INFRINGEMENT OF ANY INTELLECTUAL PROPERTY RIGHTS OF ANY KIND RELATING TO THE EVALUATION MATERIALS.
build	Setup Android SDK	2026-01-21T03:10:41.5729218Z 
build	Setup Android SDK	2026-01-21T03:10:41.5729930Z 9. EXPIRATION. MIPS may terminate this Agreement immediately after a breach by Recipient or otherwise at MIPS’ reasonable discretion and upon five (5) business days’ notice to Recipient.
build	Setup Android SDK	2026-01-21T03:10:41.5730595Z 
build	Setup Android SDK	2026-01-21T03:10:41.5730663Z 10. GENERAL.
build	Setup Android SDK	2026-01-21T03:10:41.5730772Z 
build	Setup Android SDK	2026-01-21T03:10:41.5733930Z 10.1 Controlling Law. This Agreement shall be governed by California law excluding its choice of law rules. With the exception of MIPS’ rights to enforce its intellectual property rights and any confidentiality obligations under this Agreement or any licenses distributed with the Evaluation Materials, all disputes and any claims arising under or relating to this Agreement shall be subject to the exclusive jurisdiction and venue of the state and federal courts located in Santa Clara County, California. Each party hereby agrees to jurisdiction and venue in the courts set forth in the preceding sentence. The parties agree that the United Nations Convention on Contracts for the International Sale of Goods is specifically excluded from application to this Agreement. The parties consent to the personal jurisdiction of the above courts.
build	Setup Android SDK	2026-01-21T03:10:41.5737071Z 
build	Setup Android SDK	2026-01-21T03:10:41.5738607Z 10.2 Remedies. Recipient acknowledges and agrees that any breach of confidentiality obligations under this Agreement or any licenses distributed with the Evaluation Materials, as well as any disclosure, commercialization, or public use of the Evaluation Materials, would cause irreparable injury to MIPS, and therefore Recipient agrees to consent to, and hereby consents to, the grant of an injunction by any court of competent jurisdiction in the event of an actual or threatened breach.
build	Setup Android SDK	2026-01-21T03:10:41.5740405Z 
build	Setup Android SDK	2026-01-21T03:10:41.5742374Z 10.3 Assignment. Recipient may not delegate, assign or transfer this Agreement, the license granted or any of Recipient’s rights, obligations, or duties hereunder, expressly, by implication, by operation of law, by way of merger (regardless of whether Recipient is the surviving entity) or acquisition, or otherwise and any attempt to do so, without MIPS’ express prior written consent, shall be ineffective, null and void. MIPS may freely assign this Agreement, and its rights and obligations hereunder, in its sole discretion.
build	Setup Android SDK	2026-01-21T03:10:41.5744114Z 
build	Setup Android SDK	2026-01-21T03:10:41.5745791Z 10.4 Entire Agreement. This Agreement constitutes the entire agreement between Recipient and MIPS and supersedes in their entirety any and all oral or written agreements previously existing between Recipient and MIPS with respect to the subject matter hereof. This Agreement may only be amended or supplemented by a writing that refers explicitly to this Agreement and that is signed or otherwise accepted by duly authorized representatives of Recipient and MIPS.
build	Setup Android SDK	2026-01-21T03:10:41.5747345Z 
build	Setup Android SDK	2026-01-21T03:10:41.5748772Z 10.5 Severability. In the event that any provision of this Agreement is finally adjudicated to be unenforceable or invalid under any applicable law, such unenforceability or invalidity shall not render this Agreement unenforceable or invalid as a whole, and, in such event, such unenforceable or invalid provision shall be interpreted so as to best accomplish the objectives of such provision within the limits of applicable law or applicable court decisions.
build	Setup Android SDK	2026-01-21T03:10:41.5750409Z 
build	Setup Android SDK	2026-01-21T03:10:41.5755263Z 10.6 Export Regulations / Export Control. Recipient shall not export, either directly or indirectly, any product, service or technical data or system incorporating the Evaluation Materials without first obtaining any required license or other necessary approval from the U.S. Department of Commerce or any other governing agency or department of the United States Government. In the event any product is exported from the United States or re-exported from a foreign destination by Recipient, Recipient shall ensure that the distribution and export/re-export or import of the product is in compliance with all applicable laws, regulations, orders, or other restrictions of the U.S. Export Administration Regulations and the appropriate foreign government. Recipient agrees that neither it nor any of its subsidiaries will export/re-export any technical data, process, product, or service, directly or indirectly, to any country for which the United States government or any agency thereof or the foreign government from where it is shipping requires an export license, or other governmental approval, without first obtaining such license or approval. Recipient also agrees to implement measures to ensure that foreign national employees are authorized to receive any information controlled by U.S. export control laws. An export is "deemed" to take place when information is released to a foreign national wherever located.
build	Setup Android SDK	2026-01-21T03:10:41.5760102Z 
build	Setup Android SDK	2026-01-21T03:10:41.5763692Z 10.7 Special Terms for Pre-Release Materials. If so indicated in the description of the Evaluation Software, the Evaluation Software may contain Pre-Release Materials. Recipient hereby understands, acknowledges and agrees that: (i) Pre-Release Materials may not be fully tested and may contain bugs or errors; (ii) Pre-Release materials are not suitable for commercial release in their current state; (iii) regulatory approvals for Pre-Release Materials (such as UL or FCC) have not been obtained, and Pre-Release Materials may therefore not be certified for use in certain countries or environments or may not be suitable for certain applications and (iv) MIPS can provide no assurance that it will ever produce or make generally available a production version of the Pre-Release Materials . MIPS is not under any obligation to develop and/or release or offer for sale or license a final product based upon the Pre-Release Materials and may unilaterally elect to abandon the Pre-Release Materials or any such development platform at any time and without any obligation or liability whatsoever to Recipient or any other person.
build	Setup Android SDK	2026-01-21T03:10:41.5767968Z 
build	Setup Android SDK	2026-01-21T03:10:41.5768618Z ANY PRE-RELEASE MATERIALS ARE NON-QUALIFIED AND, AS SUCH, ARE PROVIDED “AS IS” AND “AS AVAILABLE”, POSSIBLY WITH FAULTS, AND WITHOUT REPRESENTATION OR WARRANTY OF ANY KIND.
build	Setup Android SDK	2026-01-21T03:10:41.5769224Z 
build	Setup Android SDK	2026-01-21T03:10:41.5771250Z 10.8 Open Source Software. In the event Open Source software is included with Evaluation Software, such Open Source software is licensed pursuant to the applicable Open Source software license agreement identified in the Open Source software comments in the applicable source code file(s) and/or file header as indicated in the Evaluation Software. Additional detail may be available (where applicable) in the accompanying on-line documentation. With respect to the Open Source software, nothing in this Agreement limits any rights under, or grants rights that supersede, the terms of any applicable Open Source software license agreement.
build	Setup Android SDK	2026-01-21T03:10:41.5773599Z ---------------------------------------
build	Setup Android SDK	2026-01-21T03:10:41.5773873Z Accept? (y/N): All SDK package licenses accepted
build	Setup Android SDK	2026-01-21T03:10:41.5774066Z 
build	Setup Android SDK	2026-01-21T03:10:41.5774271Z [command]/usr/local/lib/android/sdk/cmdline-tools/16.0/bin/sdkmanager tools
build	Setup Android SDK	2026-01-21T03:10:42.2573129Z Loading package information...                                                  
build	Setup Android SDK	2026-01-21T03:10:42.3480794Z Loading local repository...                                                     
build	Setup Android SDK	2026-01-21T03:10:42.3482902Z [                                       ] 3% Loading local repository...        
build	Setup Android SDK	2026-01-21T03:10:42.3569538Z [                                       ] 3% Fetch remote repository...         
build	Setup Android SDK	2026-01-21T03:10:42.6728949Z [=                                      ] 3% Fetch remote repository...         
build	Setup Android SDK	2026-01-21T03:10:42.8081138Z [=                                      ] 4% Fetch remote repository...         
build	Setup Android SDK	2026-01-21T03:10:42.8397201Z [=                                      ] 5% Fetch remote repository...         
build	Setup Android SDK	2026-01-21T03:10:42.8877065Z [==                                     ] 5% Fetch remote repository...         
build	Setup Android SDK	2026-01-21T03:10:42.9830555Z [==                                     ] 6% Fetch remote repository...         
build	Setup Android SDK	2026-01-21T03:10:43.0629035Z [==                                     ] 7% Fetch remote repository...         
build	Setup Android SDK	2026-01-21T03:10:43.0629978Z [==                                     ] 7% Computing updates...               
build	Setup Android SDK	2026-01-21T03:10:43.0751443Z [===                                    ] 8% Computing updates...               
build	Setup Android SDK	2026-01-21T03:10:43.1019610Z [===                                    ] 10% Computing updates...              
build	Setup Android SDK	2026-01-21T03:10:43.6152121Z [===                                    ] 10% Installing Android Emulator       
build	Setup Android SDK	2026-01-21T03:10:43.7357763Z [===                                    ] 10% Downloading emulator-linux_x64-144
build	Setup Android SDK	2026-01-21T03:10:43.8762225Z [====                                   ] 10% Downloading emulator-linux_x64-144
build	Setup Android SDK	2026-01-21T03:10:44.1078306Z [====                                   ] 11% Downloading emulator-linux_x64-144
build	Setup Android SDK	2026-01-21T03:10:44.3422195Z [====                                   ] 12% Downloading emulator-linux_x64-144
build	Setup Android SDK	2026-01-21T03:10:44.5591137Z [=====                                  ] 13% Downloading emulator-linux_x64-144
build	Setup Android SDK	2026-01-21T03:10:44.7521250Z [=====                                  ] 14% Downloading emulator-linux_x64-144
build	Setup Android SDK	2026-01-21T03:10:44.8899956Z [=====                                  ] 15% Downloading emulator-linux_x64-144
build	Setup Android SDK	2026-01-21T03:10:44.9932247Z [======                                 ] 15% Downloading emulator-linux_x64-144
build	Setup Android SDK	2026-01-21T03:10:45.2299336Z [======                                 ] 16% Downloading emulator-linux_x64-144
build	Setup Android SDK	2026-01-21T03:10:45.4535109Z [======                                 ] 17% Downloading emulator-linux_x64-144
build	Setup Android SDK	2026-01-21T03:10:45.6739523Z [=======                                ] 18% Downloading emulator-linux_x64-144
build	Setup Android SDK	2026-01-21T03:10:45.9115292Z [=======                                ] 19% Downloading emulator-linux_x64-144
build	Setup Android SDK	2026-01-21T03:10:46.0179213Z [=======                                ] 20% Downloading emulator-linux_x64-144
build	Setup Android SDK	2026-01-21T03:10:46.1370412Z [========                               ] 20% Downloading emulator-linux_x64-144
build	Setup Android SDK	2026-01-21T03:10:46.3059631Z [========                               ] 21% Downloading emulator-linux_x64-144
build	Setup Android SDK	2026-01-21T03:10:46.3835677Z [========                               ] 21% Unzipping...                      
build	Setup Android SDK	2026-01-21T03:10:46.3836560Z [========                               ] 21% Unzipping... emulator/            
build	Setup Android SDK	2026-01-21T03:10:46.3838102Z [========                               ] 21% Unzipping... emulator/resources/  
build	Setup Android SDK	2026-01-21T03:10:46.4322464Z [========                               ] 21% Unzipping... emulator/qsn         
build	Setup Android SDK	2026-01-21T03:10:46.4462550Z [========                               ] 21% Unzipping... emulator/emulator    
build	Setup Android SDK	2026-01-21T03:10:46.5220027Z [========                               ] 21% Unzipping... emulator/netsimd     
build	Setup Android SDK	2026-01-21T03:10:46.5905899Z [========                               ] 22% Unzipping... emulator/netsimd     
build	Setup Android SDK	2026-01-21T03:10:46.5906782Z [========                               ] 22% Unzipping... emulator/bin64/      
build	Setup Android SDK	2026-01-21T03:10:46.5913755Z [========                               ] 22% Unzipping... emulator/android-info
build	Setup Android SDK	2026-01-21T03:10:46.5914962Z [========                               ] 22% Unzipping... emulator/qemu/       
build	Setup Android SDK	2026-01-21T03:10:46.5929863Z [========                               ] 22% Unzipping... emulator/NOTICE.txt  
build	Setup Android SDK	2026-01-21T03:10:46.6100841Z [========                               ] 22% Unzipping... emulator/crashpad_han
build	Setup Android SDK	2026-01-21T03:10:46.6103716Z [========                               ] 22% Unzipping... emulator/source.prope
build	Setup Android SDK	2026-01-21T03:10:46.6576712Z [========                               ] 22% Unzipping... emulator/nimble_bridg
build	Setup Android SDK	2026-01-21T03:10:46.6583186Z [========                               ] 22% Unzipping... emulator/LICENSE     
build	Setup Android SDK	2026-01-21T03:10:46.6584059Z [========                               ] 22% Unzipping... emulator/lib/        
build	Setup Android SDK	2026-01-21T03:10:46.6707401Z [========                               ] 22% Unzipping... emulator/qemu-img    
build	Setup Android SDK	2026-01-21T03:10:46.6708988Z [========                               ] 22% Unzipping... emulator/include/    
build	Setup Android SDK	2026-01-21T03:10:46.6717616Z [========                               ] 22% Unzipping... emulator/NOTICE.csv  
build	Setup Android SDK	2026-01-21T03:10:46.6718516Z [========                               ] 22% Unzipping... emulator/lib64/      
build	Setup Android SDK	2026-01-21T03:10:46.6943222Z [========                               ] 22% Unzipping... emulator/emulator-che
build	Setup Android SDK	2026-01-21T03:10:46.7207766Z [========                               ] 22% Unzipping... emulator/crashreport 
build	Setup Android SDK	2026-01-21T03:10:46.7218878Z [========                               ] 22% Unzipping... emulator/mksdcard    
build	Setup Android SDK	2026-01-21T03:10:46.7572926Z [========                               ] 22% Unzipping... emulator/resources/To
build	Setup Android SDK	2026-01-21T03:10:46.7573696Z [========                               ] 22% Unzipping... emulator/resources/ma
build	Setup Android SDK	2026-01-21T03:10:46.7584066Z [========                               ] 22% Unzipping... emulator/resources/po
build	Setup Android SDK	2026-01-21T03:10:46.7683517Z [========                               ] 22% Unzipping... emulator/resources/ma
build	Setup Android SDK	2026-01-21T03:10:46.7718431Z [========                               ] 22% Unzipping... emulator/bin64/e2fsck
build	Setup Android SDK	2026-01-21T03:10:46.7754393Z [========                               ] 22% Unzipping... emulator/bin64/fsck.e
build	Setup Android SDK	2026-01-21T03:10:46.7778463Z [========                               ] 22% Unzipping... emulator/bin64/tune2f
build	Setup Android SDK	2026-01-21T03:10:46.7791901Z [========                               ] 22% Unzipping... emulator/bin64/resize
build	Setup Android SDK	2026-01-21T03:10:46.7817639Z [========                               ] 22% Unzipping... emulator/bin64/mkfs.e
build	Setup Android SDK	2026-01-21T03:10:46.8201211Z [========                               ] 22% Unzipping... emulator/qemu/linux-x
build	Setup Android SDK	2026-01-21T03:10:47.1759517Z [=========                              ] 23% Unzipping... emulator/qemu/linux-x
build	Setup Android SDK	2026-01-21T03:10:47.5038086Z [=========                              ] 24% Unzipping... emulator/qemu/linux-x
build	Setup Android SDK	2026-01-21T03:10:47.6609556Z [=========                              ] 25% Unzipping... emulator/qemu/linux-x
build	Setup Android SDK	2026-01-21T03:10:47.8409315Z [==========                             ] 25% Unzipping... emulator/qemu/linux-x
build	Setup Android SDK	2026-01-21T03:10:47.8411420Z [==========                             ] 25% Unzipping... emulator/lib/emulator
build	Setup Android SDK	2026-01-21T03:10:47.8414695Z [==========                             ] 25% Unzipping... emulator/lib/rtc_serv
build	Setup Android SDK	2026-01-21T03:10:47.8418850Z [==========                             ] 25% Unzipping... emulator/lib/advanced
build	Setup Android SDK	2026-01-21T03:10:47.8419677Z [==========                             ] 25% Unzipping... emulator/lib/cmake/  
build	Setup Android SDK	2026-01-21T03:10:47.8422851Z [==========                             ] 25% Unzipping... emulator/lib/emulator
build	Setup Android SDK	2026-01-21T03:10:47.8425858Z [==========                             ] 25% Unzipping... emulator/lib/control_
build	Setup Android SDK	2026-01-21T03:10:47.8428887Z [==========                             ] 25% Unzipping... emulator/lib/emulated
build	Setup Android SDK	2026-01-21T03:10:47.8431794Z [==========                             ] 25% Unzipping... emulator/lib/rtc_serv
build	Setup Android SDK	2026-01-21T03:10:47.8435489Z [==========                             ] 25% Unzipping... emulator/lib/emu-orig
build	Setup Android SDK	2026-01-21T03:10:47.8438429Z [==========                             ] 25% Unzipping... emulator/lib/hardware
build	Setup Android SDK	2026-01-21T03:10:47.8441144Z [==========                             ] 26% Unzipping... emulator/lib/hardware
build	Setup Android SDK	2026-01-21T03:10:47.8442680Z [==========                             ] 26% Unzipping... emulator/lib/pkgconfi
build	Setup Android SDK	2026-01-21T03:10:47.8444053Z [==========                             ] 26% Unzipping... emulator/lib/pc-bios/
build	Setup Android SDK	2026-01-21T03:10:47.8449149Z [==========                             ] 26% Unzipping... emulator/lib/snapshot
build	Setup Android SDK	2026-01-21T03:10:47.8452714Z [==========                             ] 26% Unzipping... emulator/lib/adb_serv
build	Setup Android SDK	2026-01-21T03:10:47.8459960Z [==========                             ] 26% Unzipping... emulator/lib/hostapd.
build	Setup Android SDK	2026-01-21T03:10:47.8462902Z [==========                             ] 26% Unzipping... emulator/lib/grpc_end
build	Setup Android SDK	2026-01-21T03:10:47.8479848Z [==========                             ] 26% Unzipping... emulator/lib/ca-bundl
build	Setup Android SDK	2026-01-21T03:10:47.8482866Z [==========                             ] 26% Unzipping... emulator/lib/ui_contr
build	Setup Android SDK	2026-01-21T03:10:47.8486769Z [==========                             ] 26% Unzipping... emulator/lib/snapshot
build	Setup Android SDK	2026-01-21T03:10:47.8489915Z [==========                             ] 26% Unzipping... emulator/lib/ice_conf
build	Setup Android SDK	2026-01-21T03:10:47.8812642Z [==========                             ] 26% Unzipping... emulator/lib/libflatb
build	Setup Android SDK	2026-01-21T03:10:47.8820029Z [==========                             ] 26% Unzipping... emulator/lib/emulator
build	Setup Android SDK	2026-01-21T03:10:47.8823565Z [==========                             ] 26% Unzipping... emulator/lib/waterfal
build	Setup Android SDK	2026-01-21T03:10:47.8828694Z [==========                             ] 26% Unzipping... emulator/lib/emulated
build	Setup Android SDK	2026-01-21T03:10:47.8844782Z [==========                             ] 26% Unzipping... emulator/lib/cmake/fl
build	Setup Android SDK	2026-01-21T03:10:47.8847239Z [==========                             ] 26% Unzipping... emulator/lib/pkgconfi
build	Setup Android SDK	2026-01-21T03:10:47.9058262Z [==========                             ] 26% Unzipping... emulator/lib/pc-bios/
build	Setup Android SDK	2026-01-21T03:10:47.9151706Z [==========                             ] 26% Unzipping... emulator/include/flat
build	Setup Android SDK	2026-01-21T03:10:47.9222644Z [==========                             ] 26% Unzipping... emulator/lib64/libgli
build	Setup Android SDK	2026-01-21T03:10:47.9343722Z [==========                             ] 26% Unzipping... emulator/lib64/libpro
build	Setup Android SDK	2026-01-21T03:10:47.9344775Z [==========                             ] 26% Unzipping... emulator/lib64/qt/   
build	Setup Android SDK	2026-01-21T03:10:47.9735777Z [==========                             ] 26% Unzipping... emulator/lib64/liband
build	Setup Android SDK	2026-01-21T03:10:48.0439496Z [==========                             ] 26% Unzipping... emulator/lib64/libgfx
build	Setup Android SDK	2026-01-21T03:10:48.0448212Z [==========                             ] 26% Unzipping... emulator/lib64/liband
build	Setup Android SDK	2026-01-21T03:10:48.0449068Z [==========                             ] 26% Unzipping... emulator/lib64/vulkan
build	Setup Android SDK	2026-01-21T03:10:48.0450701Z [==========                             ] 26% Unzipping... emulator/lib64/gles_s
build	Setup Android SDK	2026-01-21T03:10:48.0454650Z [==========                             ] 26% Unzipping... emulator/lib64/libemu
build	Setup Android SDK	2026-01-21T03:10:48.0577034Z [==========                             ] 26% Unzipping... emulator/lib64/libpro
build	Setup Android SDK	2026-01-21T03:10:48.0577974Z [==========                             ] 26% Unzipping... emulator/lib64/gles_m
build	Setup Android SDK	2026-01-21T03:10:48.0630992Z [==========                             ] 26% Unzipping... emulator/lib64/libzst
build	Setup Android SDK	2026-01-21T03:10:48.2018861Z [==========                             ] 26% Unzipping... emulator/lib64/liband
build	Setup Android SDK	2026-01-21T03:10:48.2037873Z [==========                             ] 26% Unzipping... emulator/lib64/libtcm
build	Setup Android SDK	2026-01-21T03:10:48.2041858Z [==========                             ] 26% Unzipping... emulator/lib64/libima
build	Setup Android SDK	2026-01-21T03:10:48.2103659Z [==========                             ] 26% Unzipping... emulator/lib64/libc++
build	Setup Android SDK	2026-01-21T03:10:48.2140067Z [==========                             ] 26% Unzipping... emulator/lib64/liband
build	Setup Android SDK	2026-01-21T03:10:48.2148619Z [==========                             ] 26% Unzipping... emulator/lib64/libdrm
build	Setup Android SDK	2026-01-21T03:10:48.2361661Z [==========                             ] 26% Unzipping... emulator/lib64/liband
build	Setup Android SDK	2026-01-21T03:10:48.2408272Z [==========                             ] 26% Unzipping... emulator/lib64/libabs
build	Setup Android SDK	2026-01-21T03:10:48.2409232Z [==========                             ] 26% Unzipping... emulator/lib64/gles_a
build	Setup Android SDK	2026-01-21T03:10:48.2484250Z [==========                             ] 26% Unzipping... emulator/lib64/libsha
build	Setup Android SDK	2026-01-21T03:10:48.2485975Z [==========                             ] 26% Unzipping... emulator/lib64/libc++
build	Setup Android SDK	2026-01-21T03:10:48.2543918Z [==========                             ] 27% Unzipping... emulator/lib64/libc++
build	Setup Android SDK	2026-01-21T03:10:48.2546346Z [==========                             ] 27% Unzipping... emulator/lib64/qt/res
build	Setup Android SDK	2026-01-21T03:10:48.2547018Z [==========                             ] 27% Unzipping... emulator/lib64/qt/lib
build	Setup Android SDK	2026-01-21T03:10:48.2548624Z [==========                             ] 27% Unzipping... emulator/lib64/qt/tra
build	Setup Android SDK	2026-01-21T03:10:48.2549284Z [==========                             ] 27% Unzipping... emulator/lib64/qt/plu
build	Setup Android SDK	2026-01-21T03:10:48.3366456Z [==========                             ] 27% Unzipping... emulator/lib64/qt/res
build	Setup Android SDK	2026-01-21T03:10:48.4012033Z [==========                             ] 27% Unzipping... emulator/lib64/qt/lib
build	Setup Android SDK	2026-01-21T03:10:48.7600674Z [===========                            ] 28% Unzipping... emulator/lib64/qt/lib
build	Setup Android SDK	2026-01-21T03:10:49.1363585Z [===========                            ] 29% Unzipping... emulator/lib64/qt/lib
build	Setup Android SDK	2026-01-21T03:10:49.3001026Z [===========                            ] 30% Unzipping... emulator/lib64/qt/lib
build	Setup Android SDK	2026-01-21T03:10:49.5031527Z [============                           ] 30% Unzipping... emulator/lib64/qt/lib
build	Setup Android SDK	2026-01-21T03:10:49.5390724Z [============                           ] 31% Unzipping... emulator/lib64/qt/lib
build	Setup Android SDK	2026-01-21T03:10:49.6510934Z [============                           ] 31% Unzipping... emulator/lib64/qt/tra
build	Setup Android SDK	2026-01-21T03:10:49.6628605Z [============                           ] 31% Unzipping... emulator/lib64/qt/plu
build	Setup Android SDK	2026-01-21T03:10:49.9101968Z [============                           ] 31% Unzipping... emulator/lib64/vulkan
build	Setup Android SDK	2026-01-21T03:10:49.9916712Z [============                           ] 32% Unzipping... emulator/lib64/vulkan
build	Setup Android SDK	2026-01-21T03:10:50.0598703Z [============                           ] 32% Unzipping... emulator/lib64/gles_s
build	Setup Android SDK	2026-01-21T03:10:50.2481122Z [============                           ] 32% Unzipping... emulator/lib64/gles_m
build	Setup Android SDK	2026-01-21T03:10:50.3128816Z [============                           ] 32% Unzipping... emulator/lib64/gles_a
build	Setup Android SDK	2026-01-21T03:10:50.3748344Z [=============                          ] 33% Unzipping... emulator/lib64/gles_a
build	Setup Android SDK	2026-01-21T03:10:50.6421044Z [=====================                  ] 55% Unzipping... emulator/lib64/gles_a
build	Setup Android SDK	2026-01-21T03:10:50.8164393Z [=====================                  ] 55% Installing Android SDK Tools emula
build	Setup Android SDK	2026-01-21T03:10:50.8327727Z [=====================                  ] 55% Downloading sdk-tools-linux-433379
build	Setup Android SDK	2026-01-21T03:10:50.8843259Z [======================                 ] 55% Downloading sdk-tools-linux-433379
build	Setup Android SDK	2026-01-21T03:10:50.9946536Z [======================                 ] 56% Downloading sdk-tools-linux-433379
build	Setup Android SDK	2026-01-21T03:10:51.1118367Z [======================                 ] 57% Downloading sdk-tools-linux-433379
build	Setup Android SDK	2026-01-21T03:10:51.2444800Z [=======================                ] 58% Downloading sdk-tools-linux-433379
build	Setup Android SDK	2026-01-21T03:10:51.3400330Z [=======================                ] 59% Downloading sdk-tools-linux-433379
build	Setup Android SDK	2026-01-21T03:10:51.4034943Z [=======================                ] 60% Downloading sdk-tools-linux-433379
build	Setup Android SDK	2026-01-21T03:10:51.4503672Z [========================               ] 60% Downloading sdk-tools-linux-433379
build	Setup Android SDK	2026-01-21T03:10:51.5487350Z [========================               ] 61% Downloading sdk-tools-linux-433379
build	Setup Android SDK	2026-01-21T03:10:51.6672330Z [========================               ] 62% Downloading sdk-tools-linux-433379
build	Setup Android SDK	2026-01-21T03:10:51.7870990Z [=========================              ] 63% Downloading sdk-tools-linux-433379
build	Setup Android SDK	2026-01-21T03:10:51.8957287Z [=========================              ] 64% Downloading sdk-tools-linux-433379
build	Setup Android SDK	2026-01-21T03:10:51.9363169Z [=========================              ] 65% Downloading sdk-tools-linux-433379
build	Setup Android SDK	2026-01-21T03:10:51.9921205Z [==========================             ] 65% Downloading sdk-tools-linux-433379
build	Setup Android SDK	2026-01-21T03:10:52.0684763Z [==========================             ] 66% Downloading sdk-tools-linux-433379
build	Setup Android SDK	2026-01-21T03:10:52.1219388Z [==========================             ] 66% Unzipping... emulator/lib64/gles_a
build	Setup Android SDK	2026-01-21T03:10:52.1220536Z [==========================             ] 66% Unzipping... tools/               
build	Setup Android SDK	2026-01-21T03:10:52.1221138Z [==========================             ] 66% Unzipping... tools/proguard/      
build	Setup Android SDK	2026-01-21T03:10:52.1225681Z [==========================             ] 66% Unzipping... tools/proguard/licens
build	Setup Android SDK	2026-01-21T03:10:52.1226378Z [==========================             ] 66% Unzipping... tools/proguard/lib/  
build	Setup Android SDK	2026-01-21T03:10:52.1263906Z [==========================             ] 66% Unzipping... tools/proguard/lib/pr
build	Setup Android SDK	2026-01-21T03:10:52.1266988Z [==========================             ] 66% Unzipping... tools/proguard/lib/re
build	Setup Android SDK	2026-01-21T03:10:52.1277267Z [==========================             ] 66% Unzipping... tools/proguard/lib/pr
build	Setup Android SDK	2026-01-21T03:10:52.1280679Z [==========================             ] 66% Unzipping... tools/proguard/ant/  
build	Setup Android SDK	2026-01-21T03:10:52.1281568Z [==========================             ] 66% Unzipping... tools/proguard/ant/ta
build	Setup Android SDK	2026-01-21T03:10:52.1283575Z [==========================             ] 66% Unzipping... tools/proguard/docs/ 
build	Setup Android SDK	2026-01-21T03:10:52.1284221Z [==========================             ] 66% Unzipping... tools/proguard/docs/f
build	Setup Android SDK	2026-01-21T03:10:52.1291368Z [==========================             ] 66% Unzipping... tools/proguard/docs/s
build	Setup Android SDK	2026-01-21T03:10:52.1295809Z [==========================             ] 66% Unzipping... tools/proguard/docs/d
build	Setup Android SDK	2026-01-21T03:10:52.1297965Z [==========================             ] 66% Unzipping... tools/proguard/docs/s
build	Setup Android SDK	2026-01-21T03:10:52.1300360Z [==========================             ] 66% Unzipping... tools/proguard/docs/F
build	Setup Android SDK	2026-01-21T03:10:52.1304654Z [==========================             ] 66% Unzipping... tools/proguard/docs/s
build	Setup Android SDK	2026-01-21T03:10:52.1307333Z [==========================             ] 66% Unzipping... tools/proguard/docs/l
build	Setup Android SDK	2026-01-21T03:10:52.1311402Z [==========================             ] 66% Unzipping... tools/proguard/docs/s
build	Setup Android SDK	2026-01-21T03:10:52.1315034Z [==========================             ] 66% Unzipping... tools/proguard/docs/d
build	Setup Android SDK	2026-01-21T03:10:52.1321050Z [==========================             ] 66% Unzipping... tools/proguard/docs/s
build	Setup Android SDK	2026-01-21T03:10:52.1326664Z [==========================             ] 66% Unzipping... tools/proguard/docs/r
build	Setup Android SDK	2026-01-21T03:10:52.1327550Z [==========================             ] 66% Unzipping... tools/proguard/docs/d
build	Setup Android SDK	2026-01-21T03:10:52.1328419Z [==========================             ] 66% Unzipping... tools/proguard/docs/t
build	Setup Android SDK	2026-01-21T03:10:52.1330934Z [==========================             ] 66% Unzipping... tools/proguard/docs/f
build	Setup Android SDK	2026-01-21T03:10:52.1336749Z [==========================             ] 66% Unzipping... tools/proguard/docs/s
build	Setup Android SDK	2026-01-21T03:10:52.1339100Z [==========================             ] 66% Unzipping... tools/proguard/docs/t
build	Setup Android SDK	2026-01-21T03:10:52.1341004Z [==========================             ] 66% Unzipping... tools/proguard/docs/i
build	Setup Android SDK	2026-01-21T03:10:52.1345162Z [==========================             ] 66% Unzipping... tools/proguard/docs/s
build	Setup Android SDK	2026-01-21T03:10:52.1347469Z [==========================             ] 66% Unzipping... tools/proguard/docs/m
build	Setup Android SDK	2026-01-21T03:10:52.1349933Z [==========================             ] 66% Unzipping... tools/proguard/docs/s
build	Setup Android SDK	2026-01-21T03:10:52.1351930Z [==========================             ] 66% Unzipping... tools/proguard/docs/q
build	Setup Android SDK	2026-01-21T03:10:52.1355585Z [==========================             ] 66% Unzipping... tools/proguard/docs/G
build	Setup Android SDK	2026-01-21T03:10:52.1357340Z [==========================             ] 66% Unzipping... tools/proguard/docs/t
build	Setup Android SDK	2026-01-21T03:10:52.1369967Z [==========================             ] 66% Unzipping... tools/proguard/docs/s
build	Setup Android SDK	2026-01-21T03:10:52.1412990Z [==========================             ] 66% Unzipping... tools/proguard/docs/m
build	Setup Android SDK	2026-01-21T03:10:52.1415552Z [==========================             ] 66% Unzipping... tools/proguard/docs/s
build	Setup Android SDK	2026-01-21T03:10:52.1417814Z [==========================             ] 66% Unzipping... tools/proguard/docs/G
build	Setup Android SDK	2026-01-21T03:10:52.1435784Z [==========================             ] 66% Unzipping... tools/proguard/docs/c
build	Setup Android SDK	2026-01-21T03:10:52.1436812Z [==========================             ] 66% Unzipping... tools/proguard/docs/a
build	Setup Android SDK	2026-01-21T03:10:52.1437504Z [==========================             ] 66% Unzipping... tools/proguard/docs/s
build	Setup Android SDK	2026-01-21T03:10:52.1438324Z [==========================             ] 66% Unzipping... tools/proguard/docs/d
build	Setup Android SDK	2026-01-21T03:10:52.1513422Z [==========================             ] 66% Unzipping... tools/proguard/exampl
build	Setup Android SDK	2026-01-21T03:10:52.1514214Z [==========================             ] 66% Unzipping... tools/proguard/bin/  
build	Setup Android SDK	2026-01-21T03:10:52.1519135Z [==========================             ] 66% Unzipping... tools/proguard/bin/pr
build	Setup Android SDK	2026-01-21T03:10:52.1521224Z [==========================             ] 66% Unzipping... tools/proguard/bin/re
build	Setup Android SDK	2026-01-21T03:10:52.1523309Z [==========================             ] 66% Unzipping... tools/proguard/README
build	Setup Android SDK	2026-01-21T03:10:52.1529147Z [==========================             ] 66% Unzipping... tools/proguard/progua
build	Setup Android SDK	2026-01-21T03:10:52.1530011Z [==========================             ] 66% Unzipping... tools/lib/           
build	Setup Android SDK	2026-01-21T03:10:52.1564025Z [==========================             ] 66% Unzipping... tools/lib/bcpkix-jdk1
build	Setup Android SDK	2026-01-21T03:10:52.1571789Z [==========================             ] 66% Unzipping... tools/lib/org-eclipse
build	Setup Android SDK	2026-01-21T03:10:52.1581982Z [==========================             ] 66% Unzipping... tools/lib/manifest-me
build	Setup Android SDK	2026-01-21T03:10:52.1587709Z [==========================             ] 66% Unzipping... tools/lib/jcommander-
build	Setup Android SDK	2026-01-21T03:10:52.1600472Z [==========================             ] 66% Unzipping... tools/lib/gson-2.3.ja
build	Setup Android SDK	2026-01-21T03:10:52.1602623Z [==========================             ] 66% Unzipping... tools/lib/ddms-26.0.0
build	Setup Android SDK	2026-01-21T03:10:52.1606530Z [==========================             ] 66% Unzipping... tools/lib/asm-tree-5.
build	Setup Android SDK	2026-01-21T03:10:52.1652643Z [==========================             ] 66% Unzipping... tools/lib/uast-26.0.0
build	Setup Android SDK	2026-01-21T03:10:52.1661650Z [==========================             ] 66% Unzipping... tools/lib/dexlib2-2.2
build	Setup Android SDK	2026-01-21T03:10:52.1701078Z [==========================             ] 67% Unzipping... tools/lib/dexlib2-2.2
build	Setup Android SDK	2026-01-21T03:10:52.1703316Z [==========================             ] 67% Unzipping... tools/lib/android.el 
build	Setup Android SDK	2026-01-21T03:10:52.1709198Z [==========================             ] 67% Unzipping... tools/lib/apkanalyzer
build	Setup Android SDK	2026-01-21T03:10:52.1832908Z [==========================             ] 67% Unzipping... tools/lib/guava-22.0.
build	Setup Android SDK	2026-01-21T03:10:52.1861433Z [==========================             ] 67% Unzipping... tools/lib/lint-api-26
build	Setup Android SDK	2026-01-21T03:10:52.1870132Z [==========================             ] 67% Unzipping... tools/lib/baksmali-2.
build	Setup Android SDK	2026-01-21T03:10:52.1873754Z [==========================             ] 67% Unzipping... tools/lib/shared.jar 
build	Setup Android SDK	2026-01-21T03:10:52.1877708Z [==========================             ] 67% Unzipping... tools/lib/jsr305-1.3.
build	Setup Android SDK	2026-01-21T03:10:52.1901830Z [==========================             ] 67% Unzipping... tools/lib/httpclient-
build	Setup Android SDK	2026-01-21T03:10:52.2011895Z [==========================             ] 67% Unzipping... tools/lib/ecj-4.6.1.j
build	Setup Android SDK	2026-01-21T03:10:52.2016125Z [==========================             ] 67% Unzipping... tools/lib/jobb-26.0.0
build	Setup Android SDK	2026-01-21T03:10:52.2034880Z [==========================             ] 67% Unzipping... tools/lib/jcommon-1.0
build	Setup Android SDK	2026-01-21T03:10:52.2039170Z [==========================             ] 67% Unzipping... tools/lib/kxml2-2.3.0
build	Setup Android SDK	2026-01-21T03:10:52.2103201Z [==========================             ] 67% Unzipping... tools/lib/jfreechart-
build	Setup Android SDK	2026-01-21T03:10:52.2113260Z [==========================             ] 67% Unzipping... tools/lib/common-26.0
build	Setup Android SDK	2026-01-21T03:10:52.2169776Z [==========================             ] 67% Unzipping... tools/lib/lint-checks
build	Setup Android SDK	2026-01-21T03:10:52.2287450Z [==========================             ] 67% Unzipping... tools/lib/kotlin-refl
build	Setup Android SDK	2026-01-21T03:10:52.2291576Z [==========================             ] 67% Unzipping... tools/lib/builder-mod
build	Setup Android SDK	2026-01-21T03:10:52.2328563Z [==========================             ] 67% Unzipping... tools/lib/sdklib-26.0
build	Setup Android SDK	2026-01-21T03:10:52.2334815Z [==========================             ] 67% Unzipping... tools/lib/layoutlib-a
build	Setup Android SDK	2026-01-21T03:10:52.2337728Z [==========================             ] 67% Unzipping... tools/lib/annotations
build	Setup Android SDK	2026-01-21T03:10:52.2343228Z [==========================             ] 67% Unzipping... tools/lib/fat32lib.ja
build	Setup Android SDK	2026-01-21T03:10:52.2347154Z [==========================             ] 67% Unzipping... tools/lib/jsr305-3.0.
build	Setup Android SDK	2026-01-21T03:10:52.2398512Z [==========================             ] 67% Unzipping... tools/lib/org-eclipse
build	Setup Android SDK	2026-01-21T03:10:52.2401030Z [==========================             ] 67% Unzipping... tools/lib/error_prone
build	Setup Android SDK	2026-01-21T03:10:52.2408779Z [==========================             ] 67% Unzipping... tools/lib/org-eclipse
build	Setup Android SDK	2026-01-21T03:10:52.2411562Z [==========================             ] 67% Unzipping... tools/lib/animal-snif
build	Setup Android SDK	2026-01-21T03:10:52.2446183Z [==========================             ] 67% Unzipping... tools/lib/asset-studi
build	Setup Android SDK	2026-01-21T03:10:52.2479333Z [===========================            ] 68% Unzipping... tools/lib/asset-studi
build	Setup Android SDK	2026-01-21T03:10:52.2492507Z [===========================            ] 68% Unzipping... tools/lib/repository-
build	Setup Android SDK	2026-01-21T03:10:52.2496886Z [===========================            ] 68% Unzipping... tools/lib/dvlib-26.0.
build	Setup Android SDK	2026-01-21T03:10:52.2529794Z [===========================            ] 68% Unzipping... tools/lib/jsilver-1.0
build	Setup Android SDK	2026-01-21T03:10:52.2536912Z [===========================            ] 68% Unzipping... tools/lib/asm-5.1.jar
build	Setup Android SDK	2026-01-21T03:10:52.2539533Z [===========================            ] 68% Unzipping... tools/lib/devices.xml
build	Setup Android SDK	2026-01-21T03:10:52.2543172Z [===========================            ] 68% Unzipping... tools/lib/asm-analysi
build	Setup Android SDK	2026-01-21T03:10:52.2572344Z [===========================            ] 68% Unzipping... tools/lib/hierarchyvi
build	Setup Android SDK	2026-01-21T03:10:52.2581608Z [===========================            ] 68% Unzipping... tools/lib/monkeyrunne
build	Setup Android SDK	2026-01-21T03:10:52.2588771Z [===========================            ] 68% Unzipping... tools/lib/uiautomator
build	Setup Android SDK	2026-01-21T03:10:52.2589705Z [===========================            ] 68% Unzipping... tools/lib/archquery-2
build	Setup Android SDK	2026-01-21T03:10:52.2594829Z [===========================            ] 68% Unzipping... tools/lib/chimpchat-2
build	Setup Android SDK	2026-01-21T03:10:52.2597394Z [===========================            ] 68% Unzipping... tools/lib/explainer.j
build	Setup Android SDK	2026-01-21T03:10:52.2617023Z [===========================            ] 68% Unzipping... tools/lib/ddmlib-26.0
build	Setup Android SDK	2026-01-21T03:10:52.2620493Z [===========================            ] 68% Unzipping... tools/lib/swtmenubar-
build	Setup Android SDK	2026-01-21T03:10:52.2691846Z [===========================            ] 68% Unzipping... tools/lib/osgi-4.0.0.
build	Setup Android SDK	2026-01-21T03:10:52.2693388Z [===========================            ] 68% Unzipping... tools/lib/x86_64/    
build	Setup Android SDK	2026-01-21T03:10:52.2766627Z [===========================            ] 68% Unzipping... tools/lib/x86_64/swt.
build	Setup Android SDK	2026-01-21T03:10:52.3206674Z [===========================            ] 68% Unzipping... tools/lib/monitor-x86
build	Setup Android SDK	2026-01-21T03:10:52.3992978Z [===========================            ] 69% Unzipping... tools/lib/monitor-x86
build	Setup Android SDK	2026-01-21T03:10:52.4466104Z [===========================            ] 70% Unzipping... tools/lib/monitor-x86
build	Setup Android SDK	2026-01-21T03:10:52.4860396Z [============================           ] 70% Unzipping... tools/lib/monitor-x86
build	Setup Android SDK	2026-01-21T03:10:52.6379425Z [============================           ] 71% Unzipping... tools/lib/monitor-x86
build	Setup Android SDK	2026-01-21T03:10:52.6381521Z [============================           ] 71% Unzipping... tools/lib/httpmime-4.
build	Setup Android SDK	2026-01-21T03:10:52.6383297Z [============================           ] 71% Unzipping... tools/lib/annotations
build	Setup Android SDK	2026-01-21T03:10:52.6397391Z [============================           ] 71% Unzipping... tools/lib/lint-26.0.0
build	Setup Android SDK	2026-01-21T03:10:52.6403460Z [============================           ] 71% Unzipping... tools/lib/apkanalyzer
build	Setup Android SDK	2026-01-21T03:10:52.6409922Z [============================           ] 71% Unzipping... tools/lib/binary-reso
build	Setup Android SDK	2026-01-21T03:10:52.6416303Z [============================           ] 71% Unzipping... tools/lib/jopt-simple
build	Setup Android SDK	2026-01-21T03:10:52.6421552Z [============================           ] 71% Unzipping... tools/lib/util-2.2.1.
build	Setup Android SDK	2026-01-21T03:10:52.6438656Z [============================           ] 71% Unzipping... tools/lib/ddmuilib-26
build	Setup Android SDK	2026-01-21T03:10:52.6455007Z [============================           ] 72% Unzipping... tools/lib/ddmuilib-26
build	Setup Android SDK	2026-01-21T03:10:52.6502250Z [============================           ] 72% Unzipping... tools/lib/sdk-common-
build	Setup Android SDK	2026-01-21T03:10:52.6511291Z [============================           ] 72% Unzipping... tools/lib/traceview-2
build	Setup Android SDK	2026-01-21T03:10:52.6524842Z [============================           ] 72% Unzipping... tools/lib/httpcore-4.
build	Setup Android SDK	2026-01-21T03:10:52.6528970Z [============================           ] 72% Unzipping... tools/lib/screenshot2
build	Setup Android SDK	2026-01-21T03:10:52.6541259Z [============================           ] 72% Unzipping... tools/lib/commons-cod
build	Setup Android SDK	2026-01-21T03:10:52.6543074Z [============================           ] 72% Unzipping... tools/lib/proguard-pr
build	Setup Android SDK	2026-01-21T03:10:52.7096748Z [============================           ] 72% Unzipping... tools/lib/jython-stan
build	Setup Android SDK	2026-01-21T03:10:52.7155246Z [=============================          ] 73% Unzipping... tools/lib/jython-stan
build	Setup Android SDK	2026-01-21T03:10:52.7158351Z [=============================          ] 73% Unzipping... tools/lib/annotations
build	Setup Android SDK	2026-01-21T03:10:52.7163148Z [=============================          ] 73% Unzipping... tools/lib/commons-log
build	Setup Android SDK	2026-01-21T03:10:52.7228232Z [=============================          ] 73% Unzipping... tools/lib/protobuf-ja
build	Setup Android SDK	2026-01-21T03:10:52.7232888Z [=============================          ] 73% Unzipping... tools/lib/fakeadbserv
build	Setup Android SDK	2026-01-21T03:10:52.7383507Z [=============================          ] 73% Unzipping... tools/lib/bcprov-jdk1
build	Setup Android SDK	2026-01-21T03:10:52.7384146Z [=============================          ] 73% Unzipping... tools/lib/x86/       
build	Setup Android SDK	2026-01-21T03:10:52.7452520Z [=============================          ] 73% Unzipping... tools/lib/x86/swt.jar
build	Setup Android SDK	2026-01-21T03:10:52.7497396Z [=============================          ] 73% Unzipping... tools/lib/kotlin-stdl
build	Setup Android SDK	2026-01-21T03:10:52.7521019Z [=============================          ] 73% Unzipping... tools/lib/commons-com
build	Setup Android SDK	2026-01-21T03:10:52.7557048Z [=============================          ] 73% Unzipping... tools/lib/lombok-ast-
build	Setup Android SDK	2026-01-21T03:10:52.7586649Z [=============================          ] 73% Unzipping... tools/lib/trove4j-201
build	Setup Android SDK	2026-01-21T03:10:52.7819874Z [=============================          ] 73% Unzipping... tools/lib/intellij-co
build	Setup Android SDK	2026-01-21T03:10:52.7970688Z [=============================          ] 74% Unzipping... tools/lib/intellij-co
build	Setup Android SDK	2026-01-21T03:10:52.7984833Z [=============================          ] 74% Unzipping... tools/lib/jimfs-1.1.j
build	Setup Android SDK	2026-01-21T03:10:52.7987270Z [=============================          ] 74% Unzipping... tools/lib/j2objc-anno
build	Setup Android SDK	2026-01-21T03:10:52.7992929Z [=============================          ] 74% Unzipping... tools/lib/jfreechart-
build	Setup Android SDK	2026-01-21T03:10:52.8461370Z [=============================          ] 74% Unzipping... tools/lib/monitor-x86
build	Setup Android SDK	2026-01-21T03:10:52.8862231Z [=============================          ] 75% Unzipping... tools/lib/monitor-x86
build	Setup Android SDK	2026-01-21T03:10:52.9228554Z [==============================         ] 75% Unzipping... tools/lib/monitor-x86
build	Setup Android SDK	2026-01-21T03:10:53.0102970Z [==============================         ] 76% Unzipping... tools/lib/monitor-x86
build	Setup Android SDK	2026-01-21T03:10:53.1568086Z [==============================         ] 77% Unzipping... tools/lib/monitor-x86
build	Setup Android SDK	2026-01-21T03:10:53.1572692Z [==============================         ] 77% Unzipping... tools/lib/generator.j
build	Setup Android SDK	2026-01-21T03:10:53.1574384Z [==============================         ] 77% Unzipping... tools/source.properti
build	Setup Android SDK	2026-01-21T03:10:53.1575394Z [==============================         ] 77% Unzipping... tools/bin/           
build	Setup Android SDK	2026-01-21T03:10:53.1578377Z [==============================         ] 77% Unzipping... tools/bin/avdmanager 
build	Setup Android SDK	2026-01-21T03:10:53.1580674Z [==============================         ] 77% Unzipping... tools/bin/jobb       
build	Setup Android SDK	2026-01-21T03:10:53.1582811Z [==============================         ] 77% Unzipping... tools/bin/uiautomator
build	Setup Android SDK	2026-01-21T03:10:53.1585597Z [==============================         ] 77% Unzipping... tools/bin/apkanalyzer
build	Setup Android SDK	2026-01-21T03:10:53.1587800Z [==============================         ] 77% Unzipping... tools/bin/monkeyrunne
build	Setup Android SDK	2026-01-21T03:10:53.1590513Z [==============================         ] 77% Unzipping... tools/bin/archquery  
build	Setup Android SDK	2026-01-21T03:10:53.1593198Z [==============================         ] 77% Unzipping... tools/bin/sdkmanager 
build	Setup Android SDK	2026-01-21T03:10:53.1595570Z [==============================         ] 77% Unzipping... tools/bin/lint       
build	Setup Android SDK	2026-01-21T03:10:53.1598212Z [==============================         ] 77% Unzipping... tools/bin/screenshot2
build	Setup Android SDK	2026-01-21T03:10:53.1621545Z [==============================         ] 77% Unzipping... tools/NOTICE.txt     
build	Setup Android SDK	2026-01-21T03:10:53.1657954Z [==============================         ] 77% Unzipping... tools/emulator       
build	Setup Android SDK	2026-01-21T03:10:53.1683201Z [==============================         ] 77% Unzipping... tools/emulator-check 
build	Setup Android SDK	2026-01-21T03:10:53.1685996Z [==============================         ] 77% Unzipping... tools/monitor        
build	Setup Android SDK	2026-01-21T03:10:53.1687686Z [==============================         ] 77% Unzipping... tools/android        
build	Setup Android SDK	2026-01-21T03:10:53.1690924Z [==============================         ] 77% Unzipping... tools/mksdcard       
build	Setup Android SDK	2026-01-21T03:10:53.1691564Z [==============================         ] 77% Unzipping... tools/support/       
build	Setup Android SDK	2026-01-21T03:10:53.1697311Z [==============================         ] 77% Unzipping... tools/support/typos-d
build	Setup Android SDK	2026-01-21T03:10:53.1701106Z [==============================         ] 77% Unzipping... tools/support/typos-e
build	Setup Android SDK	2026-01-21T03:10:53.1702761Z [==============================         ] 77% Unzipping... tools/support/annotat
build	Setup Android SDK	2026-01-21T03:10:53.1710862Z [==============================         ] 77% Unzipping... tools/support/typos-e
build	Setup Android SDK	2026-01-21T03:10:53.1714354Z [==============================         ] 77% Unzipping... tools/support/typos-t
build	Setup Android SDK	2026-01-21T03:10:53.1719203Z [==============================         ] 77% Unzipping... tools/support/typos-p
build	Setup Android SDK	2026-01-21T03:10:53.1722984Z [==============================         ] 77% Unzipping... tools/support/typos-i
build	Setup Android SDK	2026-01-21T03:10:53.1726474Z [==============================         ] 77% Unzipping... tools/support/typos-n
build	Setup Android SDK	2026-01-21T03:10:53.1730131Z [==============================         ] 77% Unzipping... tools/support/typos-h
build	Setup Android SDK	2026-01-21T03:10:53.2027300Z [==============================         ] 78% Unzipping... tools/support/typos-h
build	Setup Android SDK	2026-01-21T03:10:53.2027977Z [=======================================] 100% Unzipping... tools/support/typos-
build	Setup Android SDK	2026-01-21T03:10:53.2081890Z 
build	Setup Android SDK	2026-01-21T03:10:53.2213053Z [command]/usr/local/lib/android/sdk/cmdline-tools/16.0/bin/sdkmanager platform-tools
build	Setup Android SDK	2026-01-21T03:10:53.9535280Z Loading package information...                                                  
build	Setup Android SDK	2026-01-21T03:10:54.0528696Z Loading local repository...                                                     
build	Setup Android SDK	2026-01-21T03:10:54.0530480Z [                                       ] 3% Loading local repository...        
build	Setup Android SDK	2026-01-21T03:10:54.0625770Z [                                       ] 3% Fetch remote repository...         
build	Setup Android SDK	2026-01-21T03:10:54.4272746Z [=                                      ] 3% Fetch remote repository...         
build	Setup Android SDK	2026-01-21T03:10:54.5047127Z [=                                      ] 4% Fetch remote repository...         
build	Setup Android SDK	2026-01-21T03:10:54.5415218Z [=                                      ] 5% Fetch remote repository...         
build	Setup Android SDK	2026-01-21T03:10:54.6051609Z [==                                     ] 5% Fetch remote repository...         
build	Setup Android SDK	2026-01-21T03:10:54.6804090Z [==                                     ] 6% Fetch remote repository...         
build	Setup Android SDK	2026-01-21T03:10:54.7649220Z [==                                     ] 7% Fetch remote repository...         
build	Setup Android SDK	2026-01-21T03:10:54.7650221Z [==                                     ] 7% Computing updates...               
build	Setup Android SDK	2026-01-21T03:10:54.7783908Z [===                                    ] 8% Computing updates...               
build	Setup Android SDK	2026-01-21T03:10:54.7840153Z [===                                    ] 10% Computing updates...              
build	Setup Android SDK	2026-01-21T03:10:54.7843073Z [=======================================] 100% Computing updates...             
build	Setup Android SDK	2026-01-21T03:10:54.7843493Z 
build	Setup Gradle	﻿2026-01-21T03:10:54.8350491Z ##[group]Run gradle/actions/setup-gradle@v4
build	Setup Gradle	2026-01-21T03:10:54.8350787Z with:
build	Setup Gradle	2026-01-21T03:10:54.8350958Z   gradle-version: 8.4
build	Setup Gradle	2026-01-21T03:10:54.8351157Z   cache-disabled: false
build	Setup Gradle	2026-01-21T03:10:54.8351370Z   cache-read-only: true
build	Setup Gradle	2026-01-21T03:10:54.8351566Z   cache-write-only: false
build	Setup Gradle	2026-01-21T03:10:54.8351776Z   cache-overwrite-existing: false
build	Setup Gradle	2026-01-21T03:10:54.8352012Z   cache-cleanup: on-success
build	Setup Gradle	2026-01-21T03:10:54.8352266Z   gradle-home-cache-includes: caches
build	Setup Gradle	notifications
build	Setup Gradle	
build	Setup Gradle	2026-01-21T03:10:54.8352551Z   add-job-summary: always
build	Setup Gradle	2026-01-21T03:10:54.8352766Z   add-job-summary-as-pr-comment: never
build	Setup Gradle	2026-01-21T03:10:54.8353026Z   dependency-graph: disabled
build	Setup Gradle	2026-01-21T03:10:54.8353297Z   dependency-graph-report-dir: dependency-graph-reports
build	Setup Gradle	2026-01-21T03:10:54.8353632Z   dependency-graph-continue-on-failure: true
build	Setup Gradle	2026-01-21T03:10:54.8353904Z   build-scan-publish: false
build	Setup Gradle	2026-01-21T03:10:54.8354117Z   validate-wrappers: true
build	Setup Gradle	2026-01-21T03:10:54.8354343Z   allow-snapshot-wrappers: false
build	Setup Gradle	2026-01-21T03:10:54.8354949Z   gradle-home-cache-strict-match: false
build	Setup Gradle	2026-01-21T03:10:54.8355215Z   workflow-job-context: null
build	Setup Gradle	2026-01-21T03:10:54.8355559Z   github-token: ***
build	Setup Gradle	2026-01-21T03:10:54.8355740Z env:
build	Setup Gradle	2026-01-21T03:10:54.8356197Z   JAVA_HOME: /opt/hostedtoolcache/Java_Temurin-Hotspot_jdk/17.0.17-10/x64
build	Setup Gradle	2026-01-21T03:10:54.8356662Z   JAVA_HOME_17_X64: /opt/hostedtoolcache/Java_Temurin-Hotspot_jdk/17.0.17-10/x64
build	Setup Gradle	2026-01-21T03:10:54.8357037Z   ANDROID_HOME: /usr/local/lib/android/sdk
build	Setup Gradle	2026-01-21T03:10:54.8357301Z   ANDROID_SDK_ROOT: /usr/local/lib/android/sdk
build	Setup Gradle	2026-01-21T03:10:54.8357547Z ##[endgroup]
build	Setup Gradle	2026-01-21T03:10:55.2157246Z Merged default JDK locations into /home/runner/.m2/toolchains.xml
build	Setup Gradle	2026-01-21T03:10:55.2159662Z ##[group]Restore Gradle state from cache
build	Setup Gradle	2026-01-21T03:10:55.4130867Z Gradle User Home cache not found. Will initialize empty.
build	Setup Gradle	2026-01-21T03:10:55.4133477Z ##[endgroup]
build	Setup Gradle	2026-01-21T03:10:55.4285209Z ##[group]All Gradle Wrapper jars are valid
build	Setup Gradle	2026-01-21T03:10:55.4286607Z 
build	Setup Gradle	2026-01-21T03:10:55.4287364Z ##[endgroup]
build	Setup Gradle	2026-01-21T03:10:55.4959276Z ##[group]Provision Gradle 8.4
build	Setup Gradle	2026-01-21T03:10:58.0468453Z Gradle distribution 8.4 not found in cache. Will download.
build	Setup Gradle	2026-01-21T03:10:58.9242448Z Downloaded https://services.gradle.org/distributions/gradle-8.4-bin.zip to /home/runner/work/_temp/.gradle-actions/gradle-installations/downloads/gradle-8.4-bin.zip (size 130979468)
build	Setup Gradle	2026-01-21T03:10:58.9270720Z [command]/usr/bin/unzip -o -q /home/runner/work/_temp/.gradle-actions/gradle-installations/downloads/gradle-8.4-bin.zip
build	Setup Gradle	2026-01-21T03:10:59.8930230Z Extracted Gradle 8.4 to /home/runner/work/_temp/.gradle-actions/gradle-installations/installs/gradle-8.4
build	Setup Gradle	2026-01-21T03:10:59.8931506Z Provisioned Gradle executable /home/runner/work/_temp/.gradle-actions/gradle-installations/installs/gradle-8.4/bin/gradle
build	Setup Gradle	2026-01-21T03:10:59.8933142Z ##[endgroup]
build	Build Debug APK	﻿2026-01-21T03:10:59.9074881Z ##[group]Run gradle assembleDebug --no-daemon
build	Build Debug APK	2026-01-21T03:10:59.9075275Z [36;1mgradle assembleDebug --no-daemon[0m
build	Build Debug APK	2026-01-21T03:10:59.9108525Z shell: /usr/bin/bash -e {0}
build	Build Debug APK	2026-01-21T03:10:59.9108755Z env:
build	Build Debug APK	2026-01-21T03:10:59.9109044Z   JAVA_HOME: /opt/hostedtoolcache/Java_Temurin-Hotspot_jdk/17.0.17-10/x64
build	Build Debug APK	2026-01-21T03:10:59.9109524Z   JAVA_HOME_17_X64: /opt/hostedtoolcache/Java_Temurin-Hotspot_jdk/17.0.17-10/x64
build	Build Debug APK	2026-01-21T03:10:59.9109905Z   ANDROID_HOME: /usr/local/lib/android/sdk
build	Build Debug APK	2026-01-21T03:10:59.9110176Z   ANDROID_SDK_ROOT: /usr/local/lib/android/sdk
build	Build Debug APK	2026-01-21T03:10:59.9110457Z   GRADLE_ACTION_ID: gradle/actions/setup-gradle
build	Build Debug APK	2026-01-21T03:10:59.9110726Z   GRADLE_USER_HOME: /home/runner/.gradle
build	Build Debug APK	2026-01-21T03:10:59.9110972Z   GRADLE_BUILD_ACTION_SETUP_COMPLETED: true
build	Build Debug APK	2026-01-21T03:10:59.9111229Z   GRADLE_BUILD_ACTION_CACHE_RESTORED: true
build	Build Debug APK	2026-01-21T03:10:59.9111615Z   DEVELOCITY_INJECTION_INIT_SCRIPT_NAME: gradle-actions.inject-develocity.init.gradle
build	Build Debug APK	2026-01-21T03:10:59.9112063Z   DEVELOCITY_INJECTION_CUSTOM_VALUE: gradle-actions
build	Build Debug APK	2026-01-21T03:10:59.9112373Z   GITHUB_DEPENDENCY_GRAPH_ENABLED: false
build	Build Debug APK	2026-01-21T03:10:59.9112603Z ##[endgroup]
build	Build Debug APK	2026-01-21T03:11:00.3944921Z 
build	Build Debug APK	2026-01-21T03:11:00.3946338Z Welcome to Gradle 8.4!
build	Build Debug APK	2026-01-21T03:11:00.3946627Z 
build	Build Debug APK	2026-01-21T03:11:00.3948652Z Here are the highlights of this release:
build	Build Debug APK	2026-01-21T03:11:00.3950083Z  - Compiling and testing with Java 21
build	Build Debug APK	2026-01-21T03:11:00.3952623Z  - Faster Java compilation on Windows
build	Build Debug APK	2026-01-21T03:11:00.3954258Z  - Role focused dependency configurations creation
build	Build Debug APK	2026-01-21T03:11:00.3955714Z 
build	Build Debug APK	2026-01-21T03:11:00.3956725Z For more details see https://docs.gradle.org/8.4/release-notes.html
build	Build Debug APK	2026-01-21T03:11:00.3957848Z 
build	Build Debug APK	2026-01-21T03:11:00.4938731Z To honour the JVM settings for this build a single-use Daemon process will be forked. For more on this, please refer to https://docs.gradle.org/8.4/userguide/gradle_daemon.html#sec:disabling_the_daemon in the Gradle documentation.
build	Build Debug APK	2026-01-21T03:11:01.5932185Z Daemon will be stopped at the end of the build 
build	Build Debug APK	2026-01-21T03:12:38.2967486Z > Task :app:preBuild UP-TO-DATE
build	Build Debug APK	2026-01-21T03:12:38.2968460Z > Task :app:preDebugBuild UP-TO-DATE
build	Build Debug APK	2026-01-21T03:12:38.3932542Z > Task :app:mergeDebugNativeDebugMetadata NO-SOURCE
build	Build Debug APK	2026-01-21T03:12:38.3936342Z > Task :app:checkKotlinGradlePluginConfigurationErrors
build	Build Debug APK	2026-01-21T03:13:08.3931506Z > Task :app:checkDebugAarMetadata
build	Build Debug APK	2026-01-21T03:13:33.8971396Z > Task :app:generateDebugResValues
build	Build Debug APK	2026-01-21T03:13:33.9957189Z > Task :app:mapDebugSourceSetPaths
build	Build Debug APK	2026-01-21T03:13:33.9960236Z > Task :app:generateDebugResources
build	Build Debug APK	2026-01-21T03:13:35.0948368Z > Task :app:packageDebugResources
build	Build Debug APK	2026-01-21T03:13:35.6931466Z > Task :app:mergeDebugResources
build	Build Debug APK	2026-01-21T03:13:35.9962890Z > Task :app:createDebugCompatibleScreenManifests
build	Build Debug APK	2026-01-21T03:13:35.9964397Z > Task :app:extractDeepLinksDebug
build	Build Debug APK	2026-01-21T03:13:36.0937239Z > Task :app:parseDebugLocalResources
build	Build Debug APK	2026-01-21T03:13:36.2937221Z > Task :app:processDebugMainManifest
build	Build Debug APK	2026-01-21T03:13:36.2940007Z > Task :app:processDebugManifest
build	Build Debug APK	2026-01-21T03:13:41.7931638Z > Task :app:javaPreCompileDebug
build	Build Debug APK	2026-01-21T03:13:41.7934892Z > Task :app:mergeDebugShaders
build	Build Debug APK	2026-01-21T03:13:41.7938165Z > Task :app:processDebugManifestForPackage
build	Build Debug APK	2026-01-21T03:13:43.0931997Z > Task :app:compileDebugShaders NO-SOURCE
build	Build Debug APK	2026-01-21T03:13:43.0933078Z > Task :app:generateDebugAssets UP-TO-DATE
build	Build Debug APK	2026-01-21T03:13:43.1932818Z > Task :app:mergeDebugAssets
build	Build Debug APK	2026-01-21T03:13:43.1933839Z > Task :app:compressDebugAssets
build	Build Debug APK	2026-01-21T03:13:43.1934716Z > Task :app:desugarDebugFileDependencies
build	Build Debug APK	2026-01-21T03:13:43.3947384Z > Task :app:processDebugResources
build	Build Debug APK	2026-01-21T03:13:45.2931467Z > Task :app:checkDebugDuplicateClasses
build	Build Debug APK	2026-01-21T03:14:05.3945495Z 
build	Build Debug APK	2026-01-21T03:14:05.4026730Z > Task :app:kspDebugKotlin
build	Build Debug APK	2026-01-21T03:14:05.4048822Z w: [ksp] /home/runner/work/android_arm_controller/android_arm_controller/app/src/main/java/com/aizhigu/armcontroller/data/ActionEntities.kt:68: projectId column references a foreign key but it is not part of an index. This may trigger full table scans whenever parent table is modified so you are highly advised to create an index that covers this column.
build	Build Debug APK	2026-01-21T03:14:22.6930738Z 
build	Build Debug APK	2026-01-21T03:14:22.6931632Z > Task :app:mergeExtDexDebug
build	Build Debug APK	2026-01-21T03:15:05.6932587Z > Task :app:mergeDebugJniLibFolders
build	Build Debug APK	2026-01-21T03:15:05.6935407Z > Task :app:mergeLibDexDebug
build	Build Debug APK	2026-01-21T03:15:05.9949085Z > Task :app:mergeDebugNativeLibs NO-SOURCE
build	Build Debug APK	2026-01-21T03:15:05.9950175Z > Task :app:stripDebugDebugSymbols NO-SOURCE
build	Build Debug APK	2026-01-21T03:15:08.0932028Z > Task :app:validateSigningDebug
build	Build Debug APK	2026-01-21T03:15:08.0933022Z > Task :app:writeDebugAppMetadata
build	Build Debug APK	2026-01-21T03:15:08.1931476Z > Task :app:writeDebugSigningConfigVersions
build	Build Debug APK	2026-01-21T03:15:16.7931756Z 
build	Build Debug APK	2026-01-21T03:15:16.7932864Z > Task :app:compileDebugKotlin FAILED
build	Build Debug APK	2026-01-21T03:15:16.7968620Z e: file:///home/runner/work/android_arm_controller/android_arm_controller/app/src/main/java/com/aizhigu/armcontroller/connection/BleConnectionImpl.kt:115:24 Cannot access 'writeCharacteristic': it is protected in '<no name provided>'
build	Build Debug APK	2026-01-21T03:15:16.7977437Z e: file:///home/runner/work/android_arm_controller/android_arm_controller/app/src/main/java/com/aizhigu/armcontroller/data/ToxParser.kt:39:26 Type mismatch: inferred type is List<Int> but Map<Int, Int> was expected
build	Build Debug APK	2026-01-21T03:15:16.8007141Z e: file:///home/runner/work/android_arm_controller/android_arm_controller/app/src/main/java/com/aizhigu/armcontroller/data/ToxParser.kt:40:17 No value passed for parameter 'sequenceId'
build	Build Debug APK	2026-01-21T03:15:16.8010345Z e: file:///home/runner/work/android_arm_controller/android_arm_controller/app/src/main/java/com/aizhigu/armcontroller/ui/ActionSequencerViewModel.kt:108:41 Type mismatch: inferred type is ActionProject but ActionProjectEntity was expected
build	Build Debug APK	2026-01-21T03:15:16.8013781Z e: file:///home/runner/work/android_arm_controller/android_arm_controller/app/src/main/java/com/aizhigu/armcontroller/ui/ActionSequencerViewModel.kt:128:22 Type mismatch: inferred type is List<Int> but Map<Int, Int> was expected
build	Build Debug APK	2026-01-21T03:15:16.8017121Z e: file:///home/runner/work/android_arm_controller/android_arm_controller/app/src/main/java/com/aizhigu/armcontroller/ui/ActionSequencerViewModel.kt:129:13 No value passed for parameter 'sequenceId'
build	Build Debug APK	2026-01-21T03:15:16.8020578Z e: file:///home/runner/work/android_arm_controller/android_arm_controller/app/src/main/java/com/aizhigu/armcontroller/ui/ActionSequencerViewModel.kt:212:22 Unresolved reference. None of the following candidates is applicable because of receiver type mismatch: 
build	Build Debug APK	2026-01-21T03:15:16.8023658Z public inline fun <T> Array<out TypeVariable(T)>.forEachIndexed(action: (index: Int, TypeVariable(T)) -> Unit): Unit defined in kotlin.collections
build	Build Debug APK	2026-01-21T03:15:16.8025617Z public inline fun BooleanArray.forEachIndexed(action: (index: Int, Boolean) -> Unit): Unit defined in kotlin.collections
build	Build Debug APK	2026-01-21T03:15:16.8027223Z public inline fun ByteArray.forEachIndexed(action: (index: Int, Byte) -> Unit): Unit defined in kotlin.collections
build	Build Debug APK	2026-01-21T03:15:16.8028775Z public inline fun CharArray.forEachIndexed(action: (index: Int, Char) -> Unit): Unit defined in kotlin.collections
build	Build Debug APK	2026-01-21T03:15:16.8030322Z public inline fun CharSequence.forEachIndexed(action: (index: Int, Char) -> Unit): Unit defined in kotlin.text
build	Build Debug APK	2026-01-21T03:15:16.8031900Z public inline fun DoubleArray.forEachIndexed(action: (index: Int, Double) -> Unit): Unit defined in kotlin.collections
build	Build Debug APK	2026-01-21T03:15:16.8033485Z public inline fun FloatArray.forEachIndexed(action: (index: Int, Float) -> Unit): Unit defined in kotlin.collections
build	Build Debug APK	2026-01-21T03:15:16.8035217Z public inline fun IntArray.forEachIndexed(action: (index: Int, Int) -> Unit): Unit defined in kotlin.collections
build	Build Debug APK	2026-01-21T03:15:16.8036752Z public inline fun LongArray.forEachIndexed(action: (index: Int, Long) -> Unit): Unit defined in kotlin.collections
build	Build Debug APK	2026-01-21T03:15:16.8038298Z public inline fun ShortArray.forEachIndexed(action: (index: Int, Short) -> Unit): Unit defined in kotlin.collections
build	Build Debug APK	2026-01-21T03:15:16.8039855Z public inline fun UByteArray.forEachIndexed(action: (index: Int, UByte) -> Unit): Unit defined in kotlin.collections
build	Build Debug APK	2026-01-21T03:15:16.8041676Z public inline fun UIntArray.forEachIndexed(action: (index: Int, UInt) -> Unit): Unit defined in kotlin.collections
build	Build Debug APK	2026-01-21T03:15:16.8043206Z public inline fun ULongArray.forEachIndexed(action: (index: Int, ULong) -> Unit): Unit defined in kotlin.collections
build	Build Debug APK	2026-01-21T03:15:16.8044965Z public inline fun UShortArray.forEachIndexed(action: (index: Int, UShort) -> Unit): Unit defined in kotlin.collections
build	Build Debug APK	2026-01-21T03:15:16.8046744Z public inline fun <T> Iterable<TypeVariable(T)>.forEachIndexed(action: (index: Int, TypeVariable(T)) -> Unit): Unit defined in kotlin.collections
build	Build Debug APK	2026-01-21T03:15:16.8048663Z public inline fun <T> Sequence<TypeVariable(T)>.forEachIndexed(action: (index: Int, TypeVariable(T)) -> Unit): Unit defined in kotlin.sequences
build	Build Debug APK	2026-01-21T03:15:16.8051446Z e: file:///home/runner/work/android_arm_controller/android_arm_controller/app/src/main/java/com/aizhigu/armcontroller/ui/ActionSequencerViewModel.kt:212:39 Cannot infer a type for this parameter. Please specify it explicitly.
build	Build Debug APK	2026-01-21T03:15:16.8054918Z e: file:///home/runner/work/android_arm_controller/android_arm_controller/app/src/main/java/com/aizhigu/armcontroller/ui/ActionSequencerViewModel.kt:212:46 Cannot infer a type for this parameter. Please specify it explicitly.
build	Build Debug APK	2026-01-21T03:15:16.8058050Z e: file:///home/runner/work/android_arm_controller/android_arm_controller/app/src/main/java/com/aizhigu/armcontroller/ui/SequencerScreen.kt:262:71 Type mismatch: inferred type is Int? but Int was expected
build	Build Debug APK	2026-01-21T03:15:16.8061023Z e: file:///home/runner/work/android_arm_controller/android_arm_controller/app/src/main/java/com/aizhigu/armcontroller/ui/SequencerScreen.kt:262:132 Type mismatch: inferred type is Int? but Int was expected
build	Build Debug APK	2026-01-21T03:15:16.8064149Z e: file:///home/runner/work/android_arm_controller/android_arm_controller/app/src/main/java/com/aizhigu/armcontroller/ui/SequencerScreen.kt:285:65 Type mismatch: inferred type is Map.Entry<Int, Int> but Int was expected
build	Build Debug APK	2026-01-21T03:15:16.8069760Z e: file:///home/runner/work/android_arm_controller/android_arm_controller/app/src/main/java/com/aizhigu/armcontroller/ui/SequencerScreen.kt:373:83 Type mismatch: inferred type is List<Int> but Map<Int, Int> was expected
build	Build Debug APK	2026-01-21T03:15:16.8933970Z 
build	Build Debug APK	2026-01-21T03:15:16.8935801Z gradle/actions: Writing build results to /home/runner/work/_temp/.gradle-actions/build-results/__run-1768965065169.json
build	Build Debug APK	2026-01-21T03:15:16.8942189Z FAILURE: Build failed with an exception.
build	Build Debug APK	2026-01-21T03:15:16.8942542Z 
build	Build Debug APK	2026-01-21T03:15:16.8942730Z * What went wrong:
build	Build Debug APK	2026-01-21T03:15:16.8943276Z Execution failed for task ':app:compileDebugKotlin'.
build	Build Debug APK	2026-01-21T03:15:16.8944947Z > A failure occurred while executing org.jetbrains.kotlin.compilerRunner.GradleCompilerRunnerWithWorkers$GradleKotlinCompilerWorkAction
build	Build Debug APK	2026-01-21T03:15:16.8946240Z    > Compilation error. See log for more details
build	Build Debug APK	2026-01-21T03:15:16.8946600Z 
build	Build Debug APK	2026-01-21T03:15:16.8951532Z * Try:
build	Build Debug APK	2026-01-21T03:15:16.8952873Z > Run with --stacktrace option to get the stack trace.
build	Build Debug APK	2026-01-21T03:15:16.8954379Z > Run with --info or --debug option to get more log output.
build	Build Debug APK	2026-01-21T03:15:16.8955446Z > Run with --scan to get full insights.
build	Build Debug APK	2026-01-21T03:15:16.8956778Z > Get more help at https://help.gradle.org.
build	Build Debug APK	2026-01-21T03:15:16.8957127Z 
build	Build Debug APK	2026-01-21T03:15:16.8957319Z BUILD FAILED in 4m 16s
build	Build Debug APK	2026-01-21T03:15:16.8964167Z 27 actionable tasks: 27 executed
build	Build Debug APK	2026-01-21T03:15:17.3235883Z ##[error]Process completed with exit code 1.
build	Post Setup Gradle	﻿2026-01-21T03:15:17.3351156Z Post job cleanup.
build	Post Setup Gradle	2026-01-21T03:15:17.6427676Z In post-action step
build	Post Setup Gradle	2026-01-21T03:15:17.6437153Z Cache is read-only: will not save state for use in subsequent builds.
build	Post Setup Gradle	2026-01-21T03:15:17.6442851Z Generating Job Summary
build	Post Setup Gradle	2026-01-21T03:15:17.6465727Z Completed post-action step
build	Post Set up JDK 17	﻿2026-01-21T03:15:17.6600012Z Post job cleanup.
build	Post Run actions/checkout@v4	﻿2026-01-21T03:15:17.8315466Z Post job cleanup.
build	Post Run actions/checkout@v4	2026-01-21T03:15:17.9254113Z [command]/usr/bin/git version
build	Post Run actions/checkout@v4	2026-01-21T03:15:17.9293771Z git version 2.52.0
build	Post Run actions/checkout@v4	2026-01-21T03:15:17.9338400Z Temporarily overriding HOME='/home/runner/work/_temp/189a7884-a22d-49b1-95ad-a21c0d2e25f9' before making global git config changes
build	Post Run actions/checkout@v4	2026-01-21T03:15:17.9339962Z Adding repository directory to the temporary git global config as a safe directory
build	Post Run actions/checkout@v4	2026-01-21T03:15:17.9352472Z [command]/usr/bin/git config --global --add safe.directory /home/runner/work/android_arm_controller/android_arm_controller
build	Post Run actions/checkout@v4	2026-01-21T03:15:17.9388636Z [command]/usr/bin/git config --local --name-only --get-regexp core\.sshCommand
build	Post Run actions/checkout@v4	2026-01-21T03:15:17.9422536Z [command]/usr/bin/git submodule foreach --recursive sh -c "git config --local --name-only --get-regexp 'core\.sshCommand' && git config --local --unset-all 'core.sshCommand' || :"
build	Post Run actions/checkout@v4	2026-01-21T03:15:17.9670836Z [command]/usr/bin/git config --local --name-only --get-regexp http\.https\:\/\/github\.com\/\.extraheader
build	Post Run actions/checkout@v4	2026-01-21T03:15:17.9693574Z http.https://github.com/.extraheader
build	Post Run actions/checkout@v4	2026-01-21T03:15:17.9706815Z [command]/usr/bin/git config --local --unset-all http.https://github.com/.extraheader
build	Post Run actions/checkout@v4	2026-01-21T03:15:17.9737520Z [command]/usr/bin/git submodule foreach --recursive sh -c "git config --local --name-only --get-regexp 'http\.https\:\/\/github\.com\/\.extraheader' && git config --local --unset-all 'http.https://github.com/.extraheader' || :"
build	Post Run actions/checkout@v4	2026-01-21T03:15:17.9954201Z [command]/usr/bin/git config --local --name-only --get-regexp ^includeIf\.gitdir:
build	Post Run actions/checkout@v4	2026-01-21T03:15:17.9985093Z [command]/usr/bin/git submodule foreach --recursive git config --local --show-origin --name-only --get-regexp remote.origin.url
build	Complete job	﻿2026-01-21T03:15:18.0316102Z Cleaning up orphan processes
build	Complete job	2026-01-21T03:15:18.0579901Z Terminate orphan process: pid (2689) (java)
